Archive member included to satisfy reference by file (symbol)

../FreeRTOS//libFreeRTOS.a(heap.o)
                              build/obj/appshell.o (symbol from plugin) (pvPortMalloc)
../FreeRTOS//libFreeRTOS.a(osal_ch.o)
                              build/obj/hal_buffers.o (symbol from plugin) (osalThreadDequeueAllI)
../FreeRTOS//libFreeRTOS.a(queue.o)
                              build/obj/hal_i2c.o (symbol from plugin) (xQueueGenericSend)
../FreeRTOS//libFreeRTOS.a(tasks.o)
                              build/obj/appshell.o (symbol from plugin) (xTaskCreate)
../FreeRTOS//libFreeRTOS.a(port.o)
                              tasks.o (symbol from plugin) (pxPortInitialiseStack)
../FreeRTOS//libFreeRTOS.a(list.o)
                              queue.o (symbol from plugin) (vListInitialise)
../FreeRTOS//libFreeRTOS.a(misc.o)
                              tasks.o (symbol from plugin) (vApplicationGetIdleTaskMemory)
../StaticData//libStaticData.a(data_license.o)
                              build/obj/appshell.o (symbol from plugin) (_binary_data_license_bin_start)
/usr/lib/gcc/arm-none-eabi/10.2.0/thumb/v7-m/nofp/libgcc.a(_aeabi_ldivmod.o)
                              /tmp/esense.elf.0cNPLA.ltrans0.ltrans.o (__aeabi_ldivmod)
/usr/lib/gcc/arm-none-eabi/10.2.0/thumb/v7-m/nofp/libgcc.a(_aeabi_uldivmod.o)
                              /tmp/esense.elf.0cNPLA.ltrans0.ltrans.o (__aeabi_uldivmod)
/usr/lib/gcc/arm-none-eabi/10.2.0/thumb/v7-m/nofp/libgcc.a(_udivmoddi4.o)
                              /usr/lib/gcc/arm-none-eabi/10.2.0/thumb/v7-m/nofp/libgcc.a(_aeabi_ldivmod.o) (__udivmoddi4)
/usr/lib/gcc/arm-none-eabi/10.2.0/thumb/v7-m/nofp/libgcc.a(_dvmd_tls.o)
                              /usr/lib/gcc/arm-none-eabi/10.2.0/thumb/v7-m/nofp/libgcc.a(_aeabi_ldivmod.o) (__aeabi_ldiv0)
/usr/lib/gcc/arm-none-eabi/10.2.0/../../../../arm-none-eabi/lib/thumb/v7-m/nofp/libg.a(lib_a-memcpy.o)
                              /tmp/esense.elf.0cNPLA.ltrans0.ltrans.o (memcpy)
/usr/lib/gcc/arm-none-eabi/10.2.0/../../../../arm-none-eabi/lib/thumb/v7-m/nofp/libg.a(lib_a-memset.o)
                              /tmp/esense.elf.0cNPLA.ltrans0.ltrans.o (memset)
/usr/lib/gcc/arm-none-eabi/10.2.0/../../../../arm-none-eabi/lib/thumb/v7-m/nofp/libg.a(lib_a-strchr.o)
                              /tmp/esense.elf.0cNPLA.ltrans0.ltrans.o (strchr)
/usr/lib/gcc/arm-none-eabi/10.2.0/../../../../arm-none-eabi/lib/thumb/v7-m/nofp/libg.a(lib_a-strcmp.o)
                              /tmp/esense.elf.0cNPLA.ltrans0.ltrans.o (strcmp)
/usr/lib/gcc/arm-none-eabi/10.2.0/../../../../arm-none-eabi/lib/thumb/v7-m/nofp/libg.a(lib_a-strlen-stub.o)
                              /tmp/esense.elf.0cNPLA.ltrans0.ltrans.o (strlen)
/usr/lib/gcc/arm-none-eabi/10.2.0/../../../../arm-none-eabi/lib/thumb/v7-m/nofp/libg.a(lib_a-strpbrk.o)
                              /tmp/esense.elf.0cNPLA.ltrans0.ltrans.o (strpbrk)
/usr/lib/gcc/arm-none-eabi/10.2.0/../../../../arm-none-eabi/lib/thumb/v7-m/nofp/libg.a(lib_a-strspn.o)
                              /tmp/esense.elf.0cNPLA.ltrans0.ltrans.o (strspn)

Discarded input sections

 .data          0x0000000000000000        0x0 build/obj/crt0_v7m.o
 .bss           0x0000000000000000        0x0 build/obj/crt0_v7m.o
 .text          0x0000000000000000        0x0 /tmp/esense.elf.0cNPLA.ltrans0.ltrans.o
 .data          0x0000000000000000        0x0 /tmp/esense.elf.0cNPLA.ltrans0.ltrans.o
 .bss           0x0000000000000000        0x0 /tmp/esense.elf.0cNPLA.ltrans0.ltrans.o
 .comment       0x0000000000000000       0x24 /tmp/ccBusjiO.debug.temp.o
 .comment       0x0000000000000000       0x24 /tmp/ccafZG2I.debug.temp.o
 .debug_info    0x0000000000000000       0x72 /tmp/ccr8tpa3.debug.temp.o
 .debug_abbrev  0x0000000000000000       0x26 /tmp/ccr8tpa3.debug.temp.o
 .debug_line    0x0000000000000000       0x1e /tmp/ccr8tpa3.debug.temp.o
 .debug_str     0x0000000000000000      0x1c3 /tmp/ccr8tpa3.debug.temp.o
 .comment       0x0000000000000000       0x24 /tmp/ccr8tpa3.debug.temp.o
 .comment       0x0000000000000000       0x24 /tmp/ccp8liRG.debug.temp.o
 .debug_info    0x0000000000000000       0x79 /tmp/cc4BRy5A.debug.temp.o
 .debug_abbrev  0x0000000000000000       0x26 /tmp/cc4BRy5A.debug.temp.o
 .debug_line    0x0000000000000000       0x1e /tmp/cc4BRy5A.debug.temp.o
 .debug_str     0x0000000000000000      0x1c1 /tmp/cc4BRy5A.debug.temp.o
 .comment       0x0000000000000000       0x24 /tmp/cc4BRy5A.debug.temp.o
 .comment       0x0000000000000000       0x24 /tmp/cc4SxvMP.debug.temp.o
 .comment       0x0000000000000000       0x24 /tmp/ccPEynoX.debug.temp.o
 .debug_info    0x0000000000000000       0x79 /tmp/ccQVKWU9.debug.temp.o
 .debug_abbrev  0x0000000000000000       0x26 /tmp/ccQVKWU9.debug.temp.o
 .debug_line    0x0000000000000000       0x1e /tmp/ccQVKWU9.debug.temp.o
 .debug_str     0x0000000000000000      0x1c4 /tmp/ccQVKWU9.debug.temp.o
 .comment       0x0000000000000000       0x24 /tmp/ccQVKWU9.debug.temp.o
[...]
Memory Configuration

Name             Origin             Length             Attributes
flash0           0x0000000008002000 0x000000000001e000
flash1           0x0000000000000000 0x0000000000000000
flash2           0x0000000000000000 0x0000000000000000
flash3           0x0000000000000000 0x0000000000000000
flash4           0x0000000000000000 0x0000000000000000
flash5           0x0000000000000000 0x0000000000000000
flash6           0x0000000000000000 0x0000000000000000
flash7           0x0000000000000000 0x0000000000000000
ram0             0x0000000020000000 0x0000000000005000
ram1             0x0000000000000000 0x0000000000000000
ram2             0x0000000000000000 0x0000000000000000
ram3             0x0000000000000000 0x0000000000000000
ram4             0x0000000000000000 0x0000000000000000
ram5             0x0000000000000000 0x0000000000000000
ram6             0x0000000000000000 0x0000000000000000
ram7             0x0000000000000000 0x0000000000000000
*default*        0x0000000000000000 0xffffffffffffffff

Linker script and memory map

LOAD build/obj/crt0_v7m.o
LOAD build/obj/crt1.o
LOAD /tmp/esense.elf.0cNPLA.ltrans0.ltrans.o
LOAD /tmp/ccBusjiO.debug.temp.o
LOAD /tmp/ccafZG2I.debug.temp.o
LOAD /tmp/ccr8tpa3.debug.temp.o
LOAD /tmp/ccp8liRG.debug.temp.o
LOAD /tmp/cc4BRy5A.debug.temp.o
LOAD /tmp/cc4SxvMP.debug.temp.o
LOAD /tmp/ccPEynoX.debug.temp.o
LOAD /tmp/ccQVKWU9.debug.temp.o
LOAD /tmp/cciOxXHp.debug.temp.o
LOAD /tmp/ccZJi7WY.debug.temp.o
LOAD /tmp/ccd9kfZ0.debug.temp.o
LOAD /tmp/ccYLUu2A.debug.temp.o
LOAD /tmp/ccWKs0YN.debug.temp.o
LOAD /tmp/ccCHWPei.debug.temp.o
LOAD /tmp/ccZN2i71.debug.temp.o
LOAD /tmp/ccN8J1nD.debug.temp.o
LOAD /tmp/ccwc7bvM.debug.temp.o
LOAD /tmp/ccAdMKXW.debug.temp.o
LOAD /tmp/ccorkl7y.debug.temp.o
LOAD /tmp/cc09P8wL.debug.temp.o
LOAD /tmp/cczLwBor.debug.temp.o
LOAD /tmp/ccz3tZvT.debug.temp.o
LOAD /tmp/ccGVgiNL.debug.temp.o
LOAD /tmp/ccFl5uoT.debug.temp.o
LOAD /tmp/cc5MO4Dk.debug.temp.o
LOAD /tmp/cc3SjkZT.debug.temp.o
LOAD /tmp/ccXDsUEn.debug.temp.o
LOAD /tmp/cc8DTS8O.debug.temp.o
LOAD /tmp/cctJK32f.debug.temp.o
LOAD /tmp/cckfKrBy.debug.temp.o
LOAD /tmp/cc4ClesE.debug.temp.o
LOAD /tmp/ccvC01t2.debug.temp.o
LOAD /tmp/ccQOR8a7.debug.temp.o
LOAD /tmp/cc8fGEj1.debug.temp.o
LOAD /tmp/ccIQBoxC.debug.temp.o
LOAD /tmp/ccwWu6kz.debug.temp.o
LOAD /tmp/ccyX4f3S.debug.temp.o
LOAD /tmp/ccb5PO1p.debug.temp.o
LOAD /tmp/cc6jpgKu.debug.temp.o
LOAD /tmp/cckpB3VT.debug.temp.o
LOAD /tmp/ccMz5HRu.debug.temp.o
LOAD /tmp/ccv0NyFQ.debug.temp.o
LOAD /tmp/ccKXeXuB.debug.temp.o
LOAD /tmp/cc45oAs2.debug.temp.o
LOAD /tmp/ccCJeYIu.debug.temp.o
LOAD /tmp/ccBNh4Sm.debug.temp.o
LOAD /tmp/cc61cgJF.debug.temp.o
LOAD /tmp/cc6DrGdQ.debug.temp.o
LOAD /tmp/ccR0hcXg.debug.temp.o
LOAD /tmp/ccxYXpAM.debug.temp.o
LOAD /tmp/ccQzLCvI.debug.temp.o
LOAD /tmp/ccFSz4ot.debug.temp.o
LOAD /tmp/ccMSQklo.debug.temp.o
LOAD /tmp/cc1nQtqD.debug.temp.o
LOAD /tmp/ccDEH3Lx.debug.temp.o
LOAD /tmp/ccmnPIfC.debug.temp.o
LOAD /tmp/ccdf9pLT.debug.temp.o
LOAD /tmp/ccOC8cCa.debug.temp.o
LOAD /tmp/ccEClKnV.debug.temp.o
LOAD build/obj/vectors.o
LOAD build/obj/osal.o
LOAD build/obj/hal.o
LOAD build/obj/hal_st.o
LOAD build/obj/hal_buffers.o
LOAD build/obj/hal_queues.o
LOAD build/obj/hal_mmcsd.o
LOAD build/obj/hal_i2c.o
LOAD build/obj/hal_pal.o
LOAD build/obj/hal_serial.o
LOAD build/obj/hal_serial_usb.o
LOAD build/obj/hal_spi.o
LOAD build/obj/hal_usb.o
LOAD build/obj/hal_wdg.o
LOAD build/obj/nvic.o
LOAD build/obj/hal_lld.o
LOAD build/obj/stm32_dma.o
LOAD build/obj/hal_pal_lld.o
LOAD build/obj/hal_i2c_lld.o
LOAD build/obj/hal_spi_lld.o
LOAD build/obj/hal_st_lld.o
LOAD build/obj/hal_serial_lld.o
LOAD build/obj/hal_usb_lld.o
LOAD build/obj/hal_wdg_lld.o
LOAD build/obj/board.o
LOAD build/obj/chprintf.o
LOAD build/obj/memstreams.o
LOAD build/obj/nullstreams.o
LOAD build/obj/shell.o
LOAD build/obj/shell_cmd.o
LOAD build/obj/main.o
LOAD build/obj/max2870.o
LOAD build/obj/util.o
LOAD build/obj/appshell.o
LOAD build/obj/cmdtasks.o
LOAD build/obj/cmdmax.o
LOAD build/obj/tca6408a.o
LOAD build/obj/cmdsof.o
LOAD build/obj/system.o
LOAD build/obj/usb.o
LOAD build/obj/i2csafe.o
LOAD build/obj/cmdi2c.o
LOAD build/obj/mcp9804.o
LOAD build/obj/cmdtemp.o
LOAD build/obj/monitor.o
LOAD build/obj/cmdgpio.o
LOAD build/obj/cmdconvert.o
LOAD build/obj/packetqueue.o
LOAD build/obj/syslog.o
LOAD build/obj/gpio.o
LOAD build/obj/dummygpio.o
LOAD build/obj/cpugpio.o
LOAD build/obj/unhandled_exception.o
LOAD build/obj/converter.o
LOAD build/obj/converterBypass.o
LOAD build/obj/converterSW.o
LOAD build/obj/converterSHF.o
LOAD build/obj/cmdsanity.o

.mstack         0x0000000020000000      0x400
                0x0000000020000000                . = ALIGN (0x8)
                0x0000000020000000                __main_stack_base__ = .
                0x0000000020000400                . = (. + __main_stack_size__)
 *fill*         0x0000000020000000      0x400 
                0x0000000020000400                . = ALIGN (0x8)
                0x0000000020000400                __main_stack_end__ = .

.pstack         0x0000000020000400      0x400
                0x0000000020000400                __process_stack_base__ = .
                0x0000000020000400                __main_thread_stack_base__ = .
                0x0000000020000800                . = (. + __process_stack_size__)
 *fill*         0x0000000020000400      0x400 
                0x0000000020000800                . = ALIGN (0x8)
                0x0000000020000800                __process_stack_end__ = .
                0x0000000020000800                __main_thread_stack_end__ = .

.vectors        0x0000000008002000      0x160
 *(.vectors)
 .vectors       0x0000000008002000      0x160 /tmp/esense.elf.0cNPLA.ltrans0.ltrans.o
                0x0000000008002000                _vectors

.xtors          0x0000000008002160        0x0
                0x0000000008002160                __init_array_start = .
 *(SORT_BY_NAME(.init_array.*))
 *(.init_array)
                0x0000000008002160                __init_array_end = .
                0x0000000008002160                __fini_array_start = .
 *(.fini_array)
 *(SORT_BY_NAME(.fini_array.*))
                0x0000000008002160                __fini_array_end = .

.text           0x0000000008002160     0x9860
 *(.text)
 .text          0x0000000008002160       0xd4 build/obj/crt0_v7m.o
                0x0000000008002160                Reset_Handler
 .text          0x0000000008002234     0x1597 ../StaticData//libStaticData.a(data_license.o)
                0x0000000008002234                _binary_data_license_bin_start
                0x00000000080037cb                _binary_data_license_bin_end
 *fill*         0x00000000080037cb        0x1 
 .text          0x00000000080037cc       0x30 /usr/lib/gcc/arm-none-eabi/10.2.0/thumb/v7-m/nofp/libgcc.a(_aeabi_uldivmod.o)
                0x00000000080037cc                __aeabi_uldivmod
 .text          0x00000000080037fc      0x2dc /usr/lib/gcc/arm-none-eabi/10.2.0/thumb/v7-m/nofp/libgcc.a(_udivmoddi4.o)
                0x00000000080037fc                __udivmoddi4
 .text          0x0000000008003ad8        0x4 /usr/lib/gcc/arm-none-eabi/10.2.0/thumb/v7-m/nofp/libgcc.a(_dvmd_tls.o)
                0x0000000008003ad8                __aeabi_ldiv0
                0x0000000008003ad8                __aeabi_idiv0
 .text          0x0000000008003adc       0xec /usr/lib/gcc/arm-none-eabi/10.2.0/../../../../arm-none-eabi/lib/thumb/v7-m/nofp/libg.a(lib_a-memcpy.o)
                0x0000000008003adc                memcpy
 .text          0x0000000008003bc8      0x1bc /usr/lib/gcc/arm-none-eabi/10.2.0/../../../../arm-none-eabi/lib/thumb/v7-m/nofp/libg.a(lib_a-strcmp.o)
                0x0000000008003bc8                strcmp
 *(.text.*)
 .text.osalOsRescheduleS.part.0
                0x0000000008003d84       0x44 /tmp/esense.elf.0cNPLA.ltrans0.ltrans.o
 .text.sduRequestsHook
                0x0000000008003dc8       0x40 /tmp/esense.elf.0cNPLA.ltrans0.ltrans.o
 .text.sduInterruptTransmitted
                0x0000000008003e08        0x2 /tmp/esense.elf.0cNPLA.ltrans0.ltrans.o
 *fill*         0x0000000008003e0a        0x2 
 .text.set_address
                0x0000000008003e0c       0x28 /tmp/esense.elf.0cNPLA.ltrans0.ltrans.o
 .text.Vector6C
                0x0000000008003e34       0x3c /tmp/esense.elf.0cNPLA.ltrans0.ltrans.o
 .text.Vector70
                0x0000000008003e70       0x7c /tmp/esense.elf.0cNPLA.ltrans0.ltrans.o
 .text.Vector74
                0x0000000008003eec       0x7c /tmp/esense.elf.0cNPLA.ltrans0.ltrans.o
 .text.Vector78
                0x0000000008003f68       0x7c /tmp/esense.elf.0cNPLA.ltrans0.ltrans.o
 .text.Vector7C
                0x0000000008003fe4       0x7c /tmp/esense.elf.0cNPLA.ltrans0.ltrans.o
 .text.Vector80
                0x0000000008004060       0x7c /tmp/esense.elf.0cNPLA.ltrans0.ltrans.o
 .text.Vector84
                0x00000000080040dc       0x7c /tmp/esense.elf.0cNPLA.ltrans0.ltrans.o
 .text.notify3  0x0000000008004158       0x10 /tmp/esense.elf.0cNPLA.ltrans0.ltrans.o
 .text.usb_packet_write_from_buffer
                0x0000000008004168       0x3c /tmp/esense.elf.0cNPLA.ltrans0.ltrans.o
 .text._put.lto_priv.2
                0x00000000080041a4       0x1c /tmp/esense.elf.0cNPLA.ltrans0.ltrans.o
 .text._get.lto_priv.2
                0x00000000080041c0       0x1a /tmp/esense.elf.0cNPLA.ltrans0.ltrans.o
 .text.strToInt
                0x00000000080041da       0x5e /tmp/esense.elf.0cNPLA.ltrans0.ltrans.o
 .text.NVIC_SystemReset.lto_priv.0
                0x0000000008004238       0x24 /tmp/esense.elf.0cNPLA.ltrans0.ltrans.o
 .text.shellCommandRegister
                0x000000000800425c       0x28 /tmp/esense.elf.0cNPLA.ltrans0.ltrans.o
 .text.systemEnableMCO
                0x0000000008004284       0x18 /tmp/esense.elf.0cNPLA.ltrans0.ltrans.o
 .text.get_descriptor
                0x000000000800429c       0xd4 /tmp/esense.elf.0cNPLA.ltrans0.ltrans.o
 .text.i2cSafeResultToString
                0x0000000008004370       0x68 /tmp/esense.elf.0cNPLA.ltrans0.ltrans.o
 .text.gpioGetPortDriver
                0x00000000080043d8       0x1c /tmp/esense.elf.0cNPLA.ltrans0.ltrans.o
 .text.gpioGetPin
                0x00000000080043f4       0x24 /tmp/esense.elf.0cNPLA.ltrans0.ltrans.o
 .text.gpioPortIoDisable
                0x0000000008004418       0x14 /tmp/esense.elf.0cNPLA.ltrans0.ltrans.o
 .text.gpioCPUSetPinMode
                0x000000000800442c       0x70 /tmp/esense.elf.0cNPLA.ltrans0.ltrans.o
 .text.gpioCPUSetValue
                0x000000000800449c       0x12 /tmp/esense.elf.0cNPLA.ltrans0.ltrans.o
 .text.gpioCPUGetValue
                0x00000000080044ae        0xa /tmp/esense.elf.0cNPLA.ltrans0.ltrans.o
 .text.gpioCPUInit
                0x00000000080044b8       0x3c /tmp/esense.elf.0cNPLA.ltrans0.ltrans.o
 .text.converterTune
                0x00000000080044f4       0x88 /tmp/esense.elf.0cNPLA.ltrans0.ltrans.o
 .text.converterTuneBypass
                0x000000000800457c       0x16 /tmp/esense.elf.0cNPLA.ltrans0.ltrans.o
 .text.converterTuneSW
                0x0000000008004592       0x20 /tmp/esense.elf.0cNPLA.ltrans0.ltrans.o
 .text.converterLeaveSW
                0x00000000080045b2        0xc /tmp/esense.elf.0cNPLA.ltrans0.ltrans.o
 .text.converterTuneSHF
                0x00000000080045be       0x4e /tmp/esense.elf.0cNPLA.ltrans0.ltrans.o
 .text.converterLeaveSHF
                0x000000000800460c       0x1c /tmp/esense.elf.0cNPLA.ltrans0.ltrans.o
 .text.prvInsertBlockIntoFreeList
                0x0000000008004628       0x48 /tmp/esense.elf.0cNPLA.ltrans0.ltrans.o
 .text.vTaskSuspendAll
                0x0000000008004670       0x10 /tmp/esense.elf.0cNPLA.ltrans0.ltrans.o
 .text.prvGetExpectedIdleTime
                0x0000000008004680       0x3c /tmp/esense.elf.0cNPLA.ltrans0.ltrans.o
 .text.prvResetNextTaskUnblockTime
                0x00000000080046bc       0x24 /tmp/esense.elf.0cNPLA.ltrans0.ltrans.o
 .text.vPortSVCHandler
                0x00000000080046e0       0x34 /tmp/esense.elf.0cNPLA.ltrans0.ltrans.o
                0x00000000080046e0                vPortSVCHandler
 .text.prvPortStartFirstTask
                0x0000000008004714       0x20 /tmp/esense.elf.0cNPLA.ltrans0.ltrans.o
 .text.vPortEnterCritical
                0x0000000008004734       0x20 /tmp/esense.elf.0cNPLA.ltrans0.ltrans.o
 .text.vTaskEndScheduler
                0x0000000008004754       0x18 /tmp/esense.elf.0cNPLA.ltrans0.ltrans.o
 .text.ibqReleaseEmptyBufferS
                0x000000000800476c       0x4c /tmp/esense.elf.0cNPLA.ltrans0.ltrans.o
 .text.obqGetFullBufferI
                0x00000000080047b8       0x28 /tmp/esense.elf.0cNPLA.ltrans0.ltrans.o
 .text.obqPostFullBufferS
                0x00000000080047e0       0x5e /tmp/esense.elf.0cNPLA.ltrans0.ltrans.o
 *fill*         0x000000000800483e        0x2 
 .text.osalOsRescheduleS.lto_priv.1
                0x0000000008004840       0x30 /tmp/esense.elf.0cNPLA.ltrans0.ltrans.o
 .text.usbStartReceiveI
                0x0000000008004870       0x78 /tmp/esense.elf.0cNPLA.ltrans0.ltrans.o
 .text.usbStartTransmitI
                0x00000000080048e8       0x78 /tmp/esense.elf.0cNPLA.ltrans0.ltrans.o
 .text.obnotify
                0x0000000008004960       0x42 /tmp/esense.elf.0cNPLA.ltrans0.ltrans.o
 *fill*         0x00000000080049a2        0x2 
 .text.dmaStreamRelease
                0x00000000080049a4       0x74 /tmp/esense.elf.0cNPLA.ltrans0.ltrans.o
 .text.i2c_lld_serve_tx_end_irq
                0x0000000008004a18       0x2e /tmp/esense.elf.0cNPLA.ltrans0.ltrans.o
 .text.spi_lld_serve_tx_interrupt
                0x0000000008004a46        0xe /tmp/esense.elf.0cNPLA.ltrans0.ltrans.o
 .text.usb_lld_init_endpoint
                0x0000000008004a54       0xf8 /tmp/esense.elf.0cNPLA.ltrans0.ltrans.o
 .text.prvTaskExitError
                0x0000000008004b4c       0x18 /tmp/esense.elf.0cNPLA.ltrans0.ltrans.o
 .text.vPortExitCritical
                0x0000000008004b64       0x18 /tmp/esense.elf.0cNPLA.ltrans0.ltrans.o
 .text.osalSysUnlock.lto_priv.0
                0x0000000008004b7c       0x70 /tmp/esense.elf.0cNPLA.ltrans0.ltrans.o
 .text.xTaskCheckForTimeOut
                0x0000000008004bec       0x50 /tmp/esense.elf.0cNPLA.ltrans0.ltrans.o
 .text.ulPortEnterCriticalFromISR
                0x0000000008004c3c       0x24 /tmp/esense.elf.0cNPLA.ltrans0.ltrans.o
 .text.osalSysLockFromISR.lto_priv.0
                0x0000000008004c60       0x10 /tmp/esense.elf.0cNPLA.ltrans0.ltrans.o
 .text.vPortExitCriticalFromISR
                0x0000000008004c70       0x18 /tmp/esense.elf.0cNPLA.ltrans0.ltrans.o
 .text.osalSysUnlockFromISR.lto_priv.0
                0x0000000008004c88        0xc /tmp/esense.elf.0cNPLA.ltrans0.ltrans.o
 .text.sof_handler
                0x0000000008004c94       0xb4 /tmp/esense.elf.0cNPLA.ltrans0.ltrans.o
 .text._usb_ep0setup
                0x0000000008004d48      0x384 /tmp/esense.elf.0cNPLA.ltrans0.ltrans.o
 .text._usb_ep0in
                0x00000000080050cc       0xbc /tmp/esense.elf.0cNPLA.ltrans0.ltrans.o
 .text._usb_ep0out
                0x0000000008005188       0x98 /tmp/esense.elf.0cNPLA.ltrans0.ltrans.o
 .text.sofNeededCallback
                0x0000000008005220       0x40 /tmp/esense.elf.0cNPLA.ltrans0.ltrans.o
 .text.gpioCPUGetPinMode
                0x0000000008005260       0x3c /tmp/esense.elf.0cNPLA.ltrans0.ltrans.o
 *fill*         0x000000000800529c        0x4 
 .text.xPortPendSVHandler
                0x00000000080052a0       0x70 /tmp/esense.elf.0cNPLA.ltrans0.ltrans.o
                0x00000000080052a0                xPortPendSVHandler
 .text.vPortValidateInterruptPriority
                0x0000000008005310       0x3c /tmp/esense.elf.0cNPLA.ltrans0.ltrans.o
 .text.vPortBusyDelay
                0x000000000800534c        0xe /tmp/esense.elf.0cNPLA.ltrans0.ltrans.o
 .text.vListInsertEnd
                0x000000000800535a       0x18 /tmp/esense.elf.0cNPLA.ltrans0.ltrans.o
 *fill*         0x0000000008005372        0x2 
 .text.prvAddNewTaskToReadyList
                0x0000000008005374      0x168 /tmp/esense.elf.0cNPLA.ltrans0.ltrans.o
 .text.vListInsert
                0x00000000080054dc       0x2e /tmp/esense.elf.0cNPLA.ltrans0.ltrans.o
 .text.uxListRemove
                0x000000000800550a       0x20 /tmp/esense.elf.0cNPLA.ltrans0.ltrans.o
 *fill*         0x000000000800552a        0x2 
 .text.monitorKick
                0x000000000800552c       0xc4 /tmp/esense.elf.0cNPLA.ltrans0.ltrans.o
 .text.xTaskIncrementTick
                0x00000000080055f0      0x114 /tmp/esense.elf.0cNPLA.ltrans0.ltrans.o
 .text.xTaskResumeAll
                0x0000000008005704      0x108 /tmp/esense.elf.0cNPLA.ltrans0.ltrans.o
 .text.pvPortMalloc
                0x000000000800580c      0x100 /tmp/esense.elf.0cNPLA.ltrans0.ltrans.o
 .text.vPortFree
                0x000000000800590c       0x4c /tmp/esense.elf.0cNPLA.ltrans0.ltrans.o
 .text.prvDeleteTCB
                0x0000000008005958       0x26 /tmp/esense.elf.0cNPLA.ltrans0.ltrans.o
 *fill*         0x000000000800597e        0x2 
 .text.prvListTasksWithinSingleList
                0x0000000008005980       0xc4 /tmp/esense.elf.0cNPLA.ltrans0.ltrans.o
 .text.xPortSysTickHandler
                0x0000000008005a44       0x2c /tmp/esense.elf.0cNPLA.ltrans0.ltrans.o
                0x0000000008005a44                xPortSysTickHandler
 .text.xTaskRemoveFromEventList
                0x0000000008005a70       0x78 /tmp/esense.elf.0cNPLA.ltrans0.ltrans.o
 .text.prvUnlockQueue
                0x0000000008005ae8       0x84 /tmp/esense.elf.0cNPLA.ltrans0.ltrans.o
 .text.prvAddCurrentTaskToDelayedList
                0x0000000008005b6c       0x88 /tmp/esense.elf.0cNPLA.ltrans0.ltrans.o
 .text.xQueueSemaphoreTake
                0x0000000008005bf4      0x2f8 /tmp/esense.elf.0cNPLA.ltrans0.ltrans.o
 .text.i2cAcquireBus
                0x0000000008005eec       0x18 /tmp/esense.elf.0cNPLA.ltrans0.ltrans.o
 .text.vTaskDelay
                0x0000000008005f04       0x68 /tmp/esense.elf.0cNPLA.ltrans0.ltrans.o
 .text.packetQueueReadByte.constprop.0
                0x0000000008005f6c       0x1c /tmp/esense.elf.0cNPLA.ltrans0.ltrans.o
 .text.packetQueueWriteByte.constprop.0
                0x0000000008005f88       0x5c /tmp/esense.elf.0cNPLA.ltrans0.ltrans.o
 .text.packetQueuePutBytes.constprop.0
                0x0000000008005fe4       0x24 /tmp/esense.elf.0cNPLA.ltrans0.ltrans.o
 .text.syslogWrite
                0x0000000008006008       0x10 /tmp/esense.elf.0cNPLA.ltrans0.ltrans.o
 .text.syslogPut
                0x0000000008006018       0x18 /tmp/esense.elf.0cNPLA.ltrans0.ltrans.o
 .text.packetQueueEndWritePacket.constprop.0
                0x0000000008006030       0x54 /tmp/esense.elf.0cNPLA.ltrans0.ltrans.o
 .text.vTaskDelete.constprop.0
                0x0000000008006084       0xec /tmp/esense.elf.0cNPLA.ltrans0.ltrans.o
 .text.runInThreadBody
                0x0000000008006170        0xc /tmp/esense.elf.0cNPLA.ltrans0.ltrans.o
 .text._usb_reset.constprop.0
                0x000000000800617c       0x6c /tmp/esense.elf.0cNPLA.ltrans0.ltrans.o
 .text.Vector90
                0x00000000080061e8      0x268 /tmp/esense.elf.0cNPLA.ltrans0.ltrans.o
 .text.dmaStreamAllocate.constprop.0
                0x0000000008006450       0x98 /tmp/esense.elf.0cNPLA.ltrans0.ltrans.o
 .text.xTaskNotifyWait.constprop.0
                0x00000000080064e8       0xac /tmp/esense.elf.0cNPLA.ltrans0.ltrans.o
 .text.taskPeriodicMon
                0x0000000008006594       0x3c /tmp/esense.elf.0cNPLA.ltrans0.ltrans.o
 .text.osalThreadSuspendTimeoutS
                0x00000000080065d0       0x54 /tmp/esense.elf.0cNPLA.ltrans0.ltrans.o
 .text.spiReceive.part.0
                0x0000000008006624       0x6c /tmp/esense.elf.0cNPLA.ltrans0.ltrans.o
 .text.osalThreadEnqueueTimeoutS
                0x0000000008006690       0x94 /tmp/esense.elf.0cNPLA.ltrans0.ltrans.o
 .text.ibqGetFullBufferTimeoutS
                0x0000000008006724       0x54 /tmp/esense.elf.0cNPLA.ltrans0.ltrans.o
 .text.ibqGetTimeout
                0x0000000008006778       0x36 /tmp/esense.elf.0cNPLA.ltrans0.ltrans.o
 .text._get.lto_priv.1
                0x00000000080067ae        0xa /tmp/esense.elf.0cNPLA.ltrans0.ltrans.o
 .text._gett.lto_priv.1
                0x00000000080067b8        0x6 /tmp/esense.elf.0cNPLA.ltrans0.ltrans.o
 .text.obqGetEmptyBufferTimeoutS
                0x00000000080067be       0x54 /tmp/esense.elf.0cNPLA.ltrans0.ltrans.o
 .text.obqPutTimeout
                0x0000000008006812       0x40 /tmp/esense.elf.0cNPLA.ltrans0.ltrans.o
 .text._put.lto_priv.1
                0x0000000008006852       0x26 /tmp/esense.elf.0cNPLA.ltrans0.ltrans.o
 .text._putt.lto_priv.1
                0x0000000008006878       0x26 /tmp/esense.elf.0cNPLA.ltrans0.ltrans.o
 .text.iqGetTimeout
                0x000000000800689e       0x48 /tmp/esense.elf.0cNPLA.ltrans0.ltrans.o
 .text._get.lto_priv.0
                0x00000000080068e6        0xa /tmp/esense.elf.0cNPLA.ltrans0.ltrans.o
 .text._gett.lto_priv.0
                0x00000000080068f0        0x6 /tmp/esense.elf.0cNPLA.ltrans0.ltrans.o
 *fill*         0x00000000080068f6        0x2 
 .text.iqReadTimeout
                0x00000000080068f8       0xa8 /tmp/esense.elf.0cNPLA.ltrans0.ltrans.o
 .text._read.lto_priv.0
                0x00000000080069a0        0xa /tmp/esense.elf.0cNPLA.ltrans0.ltrans.o
 .text._readt.lto_priv.0
                0x00000000080069aa        0x6 /tmp/esense.elf.0cNPLA.ltrans0.ltrans.o
 .text.oqPutTimeout
                0x00000000080069b0       0x4c /tmp/esense.elf.0cNPLA.ltrans0.ltrans.o
 .text._put.lto_priv.0
                0x00000000080069fc        0xa /tmp/esense.elf.0cNPLA.ltrans0.ltrans.o
 .text._putt.lto_priv.0
                0x0000000008006a06        0x6 /tmp/esense.elf.0cNPLA.ltrans0.ltrans.o
 .text.oqWriteTimeout
                0x0000000008006a0c       0xa8 /tmp/esense.elf.0cNPLA.ltrans0.ltrans.o
 .text._write.lto_priv.0
                0x0000000008006ab4        0xa /tmp/esense.elf.0cNPLA.ltrans0.ltrans.o
 .text._writet.lto_priv.0
                0x0000000008006abe        0x6 /tmp/esense.elf.0cNPLA.ltrans0.ltrans.o
 .text.long_to_string_with_divisor.constprop.0
                0x0000000008006ac4       0x3a /tmp/esense.elf.0cNPLA.ltrans0.ltrans.o
 *fill*         0x0000000008006afe        0x2 
 .text.chvprintf
                0x0000000008006b00      0x2cc /tmp/esense.elf.0cNPLA.ltrans0.ltrans.o
 .text.xTaskGenericNotifyFromISR.constprop.0.isra.0
                0x0000000008006dcc       0x90 /tmp/esense.elf.0cNPLA.ltrans0.ltrans.o
 .text.osalThreadResumeI.part.0.lto_priv.0
                0x0000000008006e5c       0x12 /tmp/esense.elf.0cNPLA.ltrans0.ltrans.o
 .text.osalThreadDequeueI
                0x0000000008006e6e       0x32 /tmp/esense.elf.0cNPLA.ltrans0.ltrans.o
 .text.osalThreadDequeueNextI.constprop.0
                0x0000000008006ea0       0x20 /tmp/esense.elf.0cNPLA.ltrans0.ltrans.o
 .text.osalThreadDequeueAllI.constprop.0
                0x0000000008006ec0       0x28 /tmp/esense.elf.0cNPLA.ltrans0.ltrans.o
 .text.osalEventBroadcastFlagsI
                0x0000000008006ee8       0x6e /tmp/esense.elf.0cNPLA.ltrans0.ltrans.o
 .text.sduDataTransmitted
                0x0000000008006f56       0xb0 /tmp/esense.elf.0cNPLA.ltrans0.ltrans.o
 .text.osalThreadResumeI.lto_priv.0
                0x0000000008007006       0x16 /tmp/esense.elf.0cNPLA.ltrans0.ltrans.o
 .text.i2c_lld_serve_rx_end_irq
                0x000000000800701c       0x54 /tmp/esense.elf.0cNPLA.ltrans0.ltrans.o
 .text.VectorBC
                0x0000000008007070      0x14c /tmp/esense.elf.0cNPLA.ltrans0.ltrans.o
 .text.VectorC0
                0x00000000080071bc       0xe4 /tmp/esense.elf.0cNPLA.ltrans0.ltrans.o
 .text.spi_lld_serve_rx_interrupt
                0x00000000080072a0       0x78 /tmp/esense.elf.0cNPLA.ltrans0.ltrans.o
 .text.gpioSetPinMode.isra.0
                0x0000000008007318       0x18 /tmp/esense.elf.0cNPLA.ltrans0.ltrans.o
 .text.i2cSafeRawHardwareControl
                0x0000000008007330      0x210 /tmp/esense.elf.0cNPLA.ltrans0.ltrans.o
 .text.gpioSetPin.isra.0
                0x0000000008007540       0x1e /tmp/esense.elf.0cNPLA.ltrans0.ltrans.o
 *fill*         0x000000000800755e        0x2 
 .text.converterSetGpio
                0x0000000008007560      0x140 /tmp/esense.elf.0cNPLA.ltrans0.ltrans.o
 .text.usbShellTerminated
                0x00000000080076a0       0x20 /tmp/esense.elf.0cNPLA.ltrans0.ltrans.o
 .text.mac2870LockCallback
                0x00000000080076c0       0x10 /tmp/esense.elf.0cNPLA.ltrans0.ltrans.o
 .text.i2cSafeClockGoHigh
                0x00000000080076d0       0x38 /tmp/esense.elf.0cNPLA.ltrans0.ltrans.o
 .text.i2cSafeClockGoLow
                0x0000000008007708       0x28 /tmp/esense.elf.0cNPLA.ltrans0.ltrans.o
 .text.i2cSafeDataGoHigh
                0x0000000008007730       0x28 /tmp/esense.elf.0cNPLA.ltrans0.ltrans.o
 .text.i2cSafeDataGoLow
                0x0000000008007758       0x28 /tmp/esense.elf.0cNPLA.ltrans0.ltrans.o
 .text.sdu_start_receive.isra.0
                0x0000000008007780       0x4c /tmp/esense.elf.0cNPLA.ltrans0.ltrans.o
 .text.ibnotify
                0x00000000080077cc        0x6 /tmp/esense.elf.0cNPLA.ltrans0.ltrans.o
 .text.sduDataReceived
                0x00000000080077d2       0x8a /tmp/esense.elf.0cNPLA.ltrans0.ltrans.o
 .text.ibqReadTimeout.part.0
                0x000000000800785c       0xbc /tmp/esense.elf.0cNPLA.ltrans0.ltrans.o
 .text._readt.lto_priv.1
                0x0000000008007918       0x14 /tmp/esense.elf.0cNPLA.ltrans0.ltrans.o
 .text._read.lto_priv.1
                0x000000000800792c       0x18 /tmp/esense.elf.0cNPLA.ltrans0.ltrans.o
 .text.obqWriteTimeout.part.0
                0x0000000008007944       0xbc /tmp/esense.elf.0cNPLA.ltrans0.ltrans.o
 .text._writet.lto_priv.1
                0x0000000008007a00       0x34 /tmp/esense.elf.0cNPLA.ltrans0.ltrans.o
 .text._write.lto_priv.1
                0x0000000008007a34       0x32 /tmp/esense.elf.0cNPLA.ltrans0.ltrans.o
 .text._writes  0x0000000008007a66       0x24 /tmp/esense.elf.0cNPLA.ltrans0.ltrans.o
 .text._reads   0x0000000008007a8a       0x26 /tmp/esense.elf.0cNPLA.ltrans0.ltrans.o
 .text.usbInitEndpointI
                0x0000000008007ab0       0x5a /tmp/esense.elf.0cNPLA.ltrans0.ltrans.o
 .text.get_history
                0x0000000008007b0a       0xba /tmp/esense.elf.0cNPLA.ltrans0.ltrans.o
 .text.prvInitialiseNewTask.constprop.0
                0x0000000008007bc4       0x9c /tmp/esense.elf.0cNPLA.ltrans0.ltrans.o
 .text.xTaskCreate.isra.0
                0x0000000008007c60       0x60 /tmp/esense.elf.0cNPLA.ltrans0.ltrans.o
 .text.shellStart.constprop.0
                0x0000000008007cc0       0x60 /tmp/esense.elf.0cNPLA.ltrans0.ltrans.o
 .text.VectorDC
                0x0000000008007d20      0x1a0 /tmp/esense.elf.0cNPLA.ltrans0.ltrans.o
 .text.sanityRebootMonitorTask
                0x0000000008007ec0       0x68 /tmp/esense.elf.0cNPLA.ltrans0.ltrans.o
 .text.i2cSafeRawUnclogBus
                0x0000000008007f28      0x180 /tmp/esense.elf.0cNPLA.ltrans0.ltrans.o
 .text.max2870SpiState.constprop.0
                0x00000000080080a8       0xe8 /tmp/esense.elf.0cNPLA.ltrans0.ltrans.o
 .text.spiUnselect.constprop.0
                0x0000000008008190       0x2c /tmp/esense.elf.0cNPLA.ltrans0.ltrans.o
 .text.spiSelect.constprop.0
                0x00000000080081bc       0x2c /tmp/esense.elf.0cNPLA.ltrans0.ltrans.o
 .text.spiSend.part.0.constprop.0
                0x00000000080081e8       0x70 /tmp/esense.elf.0cNPLA.ltrans0.ltrans.o
 .text.max2870WriteRegister
                0x0000000008008258       0x54 /tmp/esense.elf.0cNPLA.ltrans0.ltrans.o
 .text.max2870SetMUXOut
                0x00000000080082ac       0x3c /tmp/esense.elf.0cNPLA.ltrans0.ltrans.o
 .text.max2870ReadRegister6
                0x00000000080082e8       0xa8 /tmp/esense.elf.0cNPLA.ltrans0.ltrans.o
 .text.max2870Disable
                0x0000000008008390       0x34 /tmp/esense.elf.0cNPLA.ltrans0.ltrans.o
 .text.max2870WriteAllRegisters.isra.0
                0x00000000080083c4       0x3e /tmp/esense.elf.0cNPLA.ltrans0.ltrans.o
 *fill*         0x0000000008008402        0x2 
 .text.xQueueGenericSend.constprop.0
                0x0000000008008404      0x22c /tmp/esense.elf.0cNPLA.ltrans0.ltrans.o
 .text.i2cReleaseBus
                0x0000000008008630       0x14 /tmp/esense.elf.0cNPLA.ltrans0.ltrans.o
 .text.max2870SpiState.part.0
                0x0000000008008644       0x2a /tmp/esense.elf.0cNPLA.ltrans0.ltrans.o
 .text.prvInitialiseMutex.part.0
                0x000000000800866e        0xc /tmp/esense.elf.0cNPLA.ltrans0.ltrans.o
 .text.xQueueGenericReset.constprop.0.isra.0
                0x000000000800867a       0x54 /tmp/esense.elf.0cNPLA.ltrans0.ltrans.o
 .text.chprintf
                0x00000000080086ce       0x1a /tmp/esense.elf.0cNPLA.ltrans0.ltrans.o
 .text.cmd_exit
                0x00000000080086e8       0x34 /tmp/esense.elf.0cNPLA.ltrans0.ltrans.o
 .text.cmd_info
                0x000000000800871c       0xcc /tmp/esense.elf.0cNPLA.ltrans0.ltrans.o
 .text.cmd_echo
                0x00000000080087e8       0x20 /tmp/esense.elf.0cNPLA.ltrans0.ltrans.o
 .text.cmd_systime
                0x0000000008008808       0x30 /tmp/esense.elf.0cNPLA.ltrans0.ltrans.o
 .text.cmd_mem  0x0000000008008838       0x7c /tmp/esense.elf.0cNPLA.ltrans0.ltrans.o
 .text.cmdMco   0x00000000080088b4       0x38 /tmp/esense.elf.0cNPLA.ltrans0.ltrans.o
 .text.cmdLicense
                0x00000000080088ec       0x14 /tmp/esense.elf.0cNPLA.ltrans0.ltrans.o
 .text.cmdMaxUsage
                0x0000000008008900       0x5c /tmp/esense.elf.0cNPLA.ltrans0.ltrans.o
 .text.cmdI2CUsage
                0x000000000800895c       0x50 /tmp/esense.elf.0cNPLA.ltrans0.ltrans.o
 .text.cmdGPIOUsage
                0x00000000080089ac       0x68 /tmp/esense.elf.0cNPLA.ltrans0.ltrans.o
 .text.gpioDummyStatus
                0x0000000008008a14        0xc /tmp/esense.elf.0cNPLA.ltrans0.ltrans.o
 .text.printfFixed
                0x0000000008008a20       0x4c /tmp/esense.elf.0cNPLA.ltrans0.ltrans.o
 .text.max2870StatusPrint
                0x0000000008008a6c      0x220 /tmp/esense.elf.0cNPLA.ltrans0.ltrans.o
 .text.gpioCPUStatus
                0x0000000008008c8c       0x74 /tmp/esense.elf.0cNPLA.ltrans0.ltrans.o
 .text.syslog   0x0000000008008d00       0x74 /tmp/esense.elf.0cNPLA.ltrans0.ltrans.o
 .text.shellTerminationCallback
                0x0000000008008d74       0x44 /tmp/esense.elf.0cNPLA.ltrans0.ltrans.o
 .text.max2870TuneNoLock
                0x0000000008008db8      0x3e4 /tmp/esense.elf.0cNPLA.ltrans0.ltrans.o
 .text.max2870DoMonitorTask
                0x000000000800919c       0x70 /tmp/esense.elf.0cNPLA.ltrans0.ltrans.o
 .text.max2870Tune
                0x000000000800920c       0x1e /tmp/esense.elf.0cNPLA.ltrans0.ltrans.o
 *fill*         0x000000000800922a        0x2 
 .text.converterSHFLoTune
                0x000000000800922c       0x38 /tmp/esense.elf.0cNPLA.ltrans0.ltrans.o
 *fill*         0x0000000008009264        0x4 
 .text.max2870VcoPrecal
                0x0000000008009268       0xb8 /tmp/esense.elf.0cNPLA.ltrans0.ltrans.o
 .text.gpioDummySetPinMode
                0x0000000008009320       0x14 /tmp/esense.elf.0cNPLA.ltrans0.ltrans.o
 .text.gpioDummyGetPinMode
                0x0000000008009334       0x14 /tmp/esense.elf.0cNPLA.ltrans0.ltrans.o
 .text.gpioDummySetValue
                0x0000000008009348       0x14 /tmp/esense.elf.0cNPLA.ltrans0.ltrans.o
 .text.gpioDummyGetValue
                0x000000000800935c       0x14 /tmp/esense.elf.0cNPLA.ltrans0.ltrans.o
 .text.i2cSafeMasterTransmitTimeoutWithRetry.constprop.0
                0x0000000008009370      0x128 /tmp/esense.elf.0cNPLA.ltrans0.ltrans.o
 .text.i2cSafeReadRegBulkStandard.constprop.0
                0x0000000008009498       0x38 /tmp/esense.elf.0cNPLA.ltrans0.ltrans.o
 .text.i2cSafeReadRegStandard
                0x00000000080094d0       0x1c /tmp/esense.elf.0cNPLA.ltrans0.ltrans.o
 .text.MCP9804MeasureTemperature.part.0
                0x00000000080094ec       0x3c /tmp/esense.elf.0cNPLA.ltrans0.ltrans.o
 .text.cmdTemp  0x0000000008009528       0x24 /tmp/esense.elf.0cNPLA.ltrans0.ltrans.o
 .text.parse_arguments
                0x000000000800954c       0x4c /tmp/esense.elf.0cNPLA.ltrans0.ltrans.o
 .text.cmdexec  0x0000000008009598       0x34 /tmp/esense.elf.0cNPLA.ltrans0.ltrans.o
 .text.cmdGPIO  0x00000000080095cc      0x15c /tmp/esense.elf.0cNPLA.ltrans0.ltrans.o
 .text.cmdConvert
                0x0000000008009728      0x21c /tmp/esense.elf.0cNPLA.ltrans0.ltrans.o
 .text.cmdReboot
                0x0000000008009944       0xe0 /tmp/esense.elf.0cNPLA.ltrans0.ltrans.o
 .text.cmdSyslog
                0x0000000008009a24      0x138 /tmp/esense.elf.0cNPLA.ltrans0.ltrans.o
 .text.shellStartThread
                0x0000000008009b5c      0x3b0 /tmp/esense.elf.0cNPLA.ltrans0.ltrans.o
 .text.cmdThreadInfo
                0x0000000008009f0c      0x2f4 /tmp/esense.elf.0cNPLA.ltrans0.ltrans.o
 .text.cmdMax   0x000000000800a200      0x270 /tmp/esense.elf.0cNPLA.ltrans0.ltrans.o
 .text.cmdSof   0x000000000800a470       0x7c /tmp/esense.elf.0cNPLA.ltrans0.ltrans.o
 .text.cmdSanity
                0x000000000800a4ec       0x6c /tmp/esense.elf.0cNPLA.ltrans0.ltrans.o
 .text.i2cSafeWriteRegStandard
                0x000000000800a558       0x3c /tmp/esense.elf.0cNPLA.ltrans0.ltrans.o
 .text.main_    0x000000000800a594      0x53c /tmp/esense.elf.0cNPLA.ltrans0.ltrans.o
 .text.cmdI2C   0x000000000800aad0      0x1fc /tmp/esense.elf.0cNPLA.ltrans0.ltrans.o
 .text.syslogISRUnknownPriority
                0x000000000800accc       0x5c /tmp/esense.elf.0cNPLA.ltrans0.ltrans.o
 .text._unhandled_exception
                0x000000000800ad28       0x48 /tmp/esense.elf.0cNPLA.ltrans0.ltrans.o
 .text.usb_event
                0x000000000800ad70      0x118 /tmp/esense.elf.0cNPLA.ltrans0.ltrans.o
 .text.prvIdleTask
                0x000000000800ae88      0x2c4 /tmp/esense.elf.0cNPLA.ltrans0.ltrans.o
 .text.__core_init
                0x000000000800b14c        0x2 /tmp/esense.elf.0cNPLA.ltrans0.ltrans.o
                0x000000000800b14c                __core_init
 .text.__late_init
                0x000000000800b14e        0x2 /tmp/esense.elf.0cNPLA.ltrans0.ltrans.o
                0x000000000800b14e                __late_init
 .text.__default_exit
                0x000000000800b150        0x2 /tmp/esense.elf.0cNPLA.ltrans0.ltrans.o
                0x000000000800b150                __default_exit
 *fill*         0x000000000800b152        0x2 
 .text.__init_ram_areas
                0x000000000800b154       0x58 /tmp/esense.elf.0cNPLA.ltrans0.ltrans.o
                0x000000000800b154                __init_ram_areas
 .text.__early_init
                0x000000000800b1ac       0x80 /tmp/esense.elf.0cNPLA.ltrans0.ltrans.o
                0x000000000800b1ac                __early_init
 .text.startup.main
                0x000000000800b22c      0x388 /tmp/esense.elf.0cNPLA.ltrans0.ltrans.o
                0x000000000800b22c                main
 .text.vTaskSwitchContext
                0x000000000800b5b4       0x90 /tmp/esense.elf.0cNPLA.ltrans0.ltrans.o
                0x000000000800b5b4                vTaskSwitchContext
 .text.mixLedTask
                0x000000000800b644      0x140 /tmp/esense.elf.0cNPLA.ltrans0.ltrans.o
 .text.memset   0x000000000800b784       0xa4 /usr/lib/gcc/arm-none-eabi/10.2.0/../../../../arm-none-eabi/lib/thumb/v7-m/nofp/libg.a(lib_a-memset.o)
                0x000000000800b784                memset
 .text.strchr   0x000000000800b828       0xd0 /usr/lib/gcc/arm-none-eabi/10.2.0/../../../../arm-none-eabi/lib/thumb/v7-m/nofp/libg.a(lib_a-strchr.o)
                0x000000000800b828                strchr
 .text.strlen   0x000000000800b8f8       0x5c /usr/lib/gcc/arm-none-eabi/10.2.0/../../../../arm-none-eabi/lib/thumb/v7-m/nofp/libg.a(lib_a-strlen-stub.o)
                0x000000000800b8f8                strlen
 .text.strpbrk  0x000000000800b954       0x38 /usr/lib/gcc/arm-none-eabi/10.2.0/../../../../arm-none-eabi/lib/thumb/v7-m/nofp/libg.a(lib_a-strpbrk.o)
                0x000000000800b954                strpbrk
 .text.strspn   0x000000000800b98c       0x34 /usr/lib/gcc/arm-none-eabi/10.2.0/../../../../arm-none-eabi/lib/thumb/v7-m/nofp/libg.a(lib_a-strspn.o)
                0x000000000800b98c                strspn
 *(.glue_7t)
 .glue_7t       0x000000000800b9c0        0x0 linker stubs
 *(.glue_7)
 .glue_7        0x000000000800b9c0        0x0 linker stubs
 *(.gcc*)

.vfp11_veneer   0x000000000800b9c0        0x0
 .vfp11_veneer  0x000000000800b9c0        0x0 linker stubs

.v4_bx          0x000000000800b9c0        0x0
 .v4_bx         0x000000000800b9c0        0x0 linker stubs

.iplt           0x000000000800b9c0        0x0
 .iplt          0x000000000800b9c0        0x0 build/obj/crt0_v7m.o

.rodata         0x000000000800b9c0     0x1338
                0x000000000800b9c0                . = ALIGN (0x4)
                0x000000000800b9c0                __rodata_base__ = .
 *(.rodata)
 .rodata        0x000000000800b9c0        0x5 /tmp/esense.elf.0cNPLA.ltrans0.ltrans.o
 *(.rodata.*)
 .rodata.i2cSafeResultToString.str1.1
                0x000000000800b9c5       0x75 /tmp/esense.elf.0cNPLA.ltrans0.ltrans.o
 .rodata.chvprintf.str1.1
                0x000000000800ba3a        0x7 /tmp/esense.elf.0cNPLA.ltrans0.ltrans.o
 .rodata.cmd_exit.str1.1
                0x000000000800ba41       0x11 /tmp/esense.elf.0cNPLA.ltrans0.ltrans.o
 .rodata.cmd_info.str1.1
                0x000000000800ba52      0x100 /tmp/esense.elf.0cNPLA.ltrans0.ltrans.o
                                        0x103 (size before relaxing)
 .rodata.cmd_echo.str1.1
                0x000000000800bb52        0xf /tmp/esense.elf.0cNPLA.ltrans0.ltrans.o
                                         0x14 (size before relaxing)
 .rodata.cmd_systime.str1.1
                0x000000000800bb61        0xe /tmp/esense.elf.0cNPLA.ltrans0.ltrans.o
 .rodata.cmd_mem.str1.1
                0x000000000800bb6f       0x76 /tmp/esense.elf.0cNPLA.ltrans0.ltrans.o
 .rodata.cmdMco.str1.1
                0x000000000800bbe5       0x17 /tmp/esense.elf.0cNPLA.ltrans0.ltrans.o
 .rodata.cmdLicense.str1.1
                0x000000000800bbfc        0x3 /tmp/esense.elf.0cNPLA.ltrans0.ltrans.o
 .rodata.cmdMaxUsage.str1.1
                0x000000000800bbff       0x8c /tmp/esense.elf.0cNPLA.ltrans0.ltrans.o
 .rodata.cmdI2CUsage.str1.1
                0x000000000800bc8b       0x77 /tmp/esense.elf.0cNPLA.ltrans0.ltrans.o
 .rodata.cmdGPIOUsage.str1.1
                0x000000000800bd02       0xaf /tmp/esense.elf.0cNPLA.ltrans0.ltrans.o
 .rodata.gpioDummyStatus.str1.1
                0x000000000800bdb1       0x11 /tmp/esense.elf.0cNPLA.ltrans0.ltrans.o
 .rodata.printfFixed.str1.1
                0x000000000800bdc2       0x11 /tmp/esense.elf.0cNPLA.ltrans0.ltrans.o
                                          0x2 (size before relaxing)
 .rodata.max2870StatusPrint.str1.1
                0x000000000800bdc2      0x145 /tmp/esense.elf.0cNPLA.ltrans0.ltrans.o
                                        0x157 (size before relaxing)
 .rodata.gpioCPUStatus.str1.1
                0x000000000800bf07       0x29 /tmp/esense.elf.0cNPLA.ltrans0.ltrans.o
 .rodata.syslog.str1.1
                0x000000000800bf30        0x9 /tmp/esense.elf.0cNPLA.ltrans0.ltrans.o
 .rodata.shellTerminationCallback.str1.1
                0x000000000800bf39       0x15 /tmp/esense.elf.0cNPLA.ltrans0.ltrans.o
 .rodata.max2870TuneNoLock.str1.1
                0x000000000800bf4e       0x17 /tmp/esense.elf.0cNPLA.ltrans0.ltrans.o
 .rodata.max2870DoMonitorTask.str1.1
                0x000000000800bf65       0x1d /tmp/esense.elf.0cNPLA.ltrans0.ltrans.o
 .rodata.gpioDummySetPinMode.str1.1
                0x000000000800bf82       0x16 /tmp/esense.elf.0cNPLA.ltrans0.ltrans.o
 .rodata.i2cSafeMasterTransmitTimeoutWithRetry.constprop.0.str1.1
                0x000000000800bf98       0x3b /tmp/esense.elf.0cNPLA.ltrans0.ltrans.o
 .rodata.cmdTemp.str1.1
                0x000000000800bfd3       0x15 /tmp/esense.elf.0cNPLA.ltrans0.ltrans.o
 .rodata.parse_arguments.str1.1
                0x000000000800bfe8        0x3 /tmp/esense.elf.0cNPLA.ltrans0.ltrans.o
 .rodata.cmdGPIO.str1.1
                0x000000000800bfeb       0x4e /tmp/esense.elf.0cNPLA.ltrans0.ltrans.o
 .rodata.cmdConvert.str1.1
                0x000000000800c039      0x16e /tmp/esense.elf.0cNPLA.ltrans0.ltrans.o
                                        0x176 (size before relaxing)
 .rodata.cmdReboot.str1.1
                0x000000000800c1a7       0x91 /tmp/esense.elf.0cNPLA.ltrans0.ltrans.o
 .rodata.cmdSyslog.str1.1
                0x000000000800c238       0x19 /tmp/esense.elf.0cNPLA.ltrans0.ltrans.o
 .rodata.shellStartThread.str1.1
                0x000000000800c251       0x70 /tmp/esense.elf.0cNPLA.ltrans0.ltrans.o
 .rodata.cmdThreadInfo.str1.1
                0x000000000800c2c1       0xb9 /tmp/esense.elf.0cNPLA.ltrans0.ltrans.o
                                         0xba (size before relaxing)
 .rodata.cmdMax.str1.1
                0x000000000800c37a       0xf2 /tmp/esense.elf.0cNPLA.ltrans0.ltrans.o
 .rodata.cmdSof.str1.1
                0x000000000800c46c       0x20 /tmp/esense.elf.0cNPLA.ltrans0.ltrans.o
 .rodata.cmdSanity.str1.1
                0x000000000800c48c       0x3c /tmp/esense.elf.0cNPLA.ltrans0.ltrans.o
 .rodata.main_.str1.1
                0x000000000800c4c8      0x12b /tmp/esense.elf.0cNPLA.ltrans0.ltrans.o
 .rodata.cmdI2C.str1.1
                0x000000000800c5f3       0x8e /tmp/esense.elf.0cNPLA.ltrans0.ltrans.o
                                         0x92 (size before relaxing)
 .rodata._unhandled_exception.str1.1
                0x000000000800c681       0x15 /tmp/esense.elf.0cNPLA.ltrans0.ltrans.o
 .rodata.usb_event.str1.1
                0x000000000800c696       0x28 /tmp/esense.elf.0cNPLA.ltrans0.ltrans.o
 .rodata.prvIdleTask.str1.1
                0x000000000800c6be       0x18 /tmp/esense.elf.0cNPLA.ltrans0.ltrans.o
 .rodata.main.str1.1
                0x000000000800c6d6        0x5 /tmp/esense.elf.0cNPLA.ltrans0.ltrans.o
 .rodata.str1.1
                0x000000000800c6db       0x9d /tmp/esense.elf.0cNPLA.ltrans0.ltrans.o
 .rodata.CSWTCH.5
                0x000000000800c778       0x44 /tmp/esense.elf.0cNPLA.ltrans0.ltrans.o
 .rodata.I2C1SafeConfig
                0x000000000800c7bc       0x14 /tmp/esense.elf.0cNPLA.ltrans0.ltrans.o
 .rodata._stm32_dma_streams
                0x000000000800c7d0       0x8c /tmp/esense.elf.0cNPLA.ltrans0.ltrans.o
 .rodata.active_status
                0x000000000800c85c        0x2 /tmp/esense.elf.0cNPLA.ltrans0.ltrans.o
 *fill*         0x000000000800c85e        0x2 
 .rodata.bandSpecificGpioSettings
                0x000000000800c860       0x18 /tmp/esense.elf.0cNPLA.ltrans0.ltrans.o
 .rodata.cfgToMode.0
                0x000000000800c878       0x10 /tmp/esense.elf.0cNPLA.ltrans0.ltrans.o
 .rodata.cfgtab.0
                0x000000000800c888       0x12 /tmp/esense.elf.0cNPLA.ltrans0.ltrans.o
 *fill*         0x000000000800c89a        0x2 
 .rodata.converterBands
                0x000000000800c89c       0x8c /tmp/esense.elf.0cNPLA.ltrans0.ltrans.o
 .rodata.dummytx
                0x000000000800c928        0x2 /tmp/esense.elf.0cNPLA.ltrans0.ltrans.o
 *fill*         0x000000000800c92a        0x2 
 .rodata.ep0config
                0x000000000800c92c       0x24 /tmp/esense.elf.0cNPLA.ltrans0.ltrans.o
 .rodata.ep1config
                0x000000000800c950       0x24 /tmp/esense.elf.0cNPLA.ltrans0.ltrans.o
 .rodata.ep2config
                0x000000000800c974       0x24 /tmp/esense.elf.0cNPLA.ltrans0.ltrans.o
 .rodata.gpioCPUFunctions
                0x000000000800c998       0x18 /tmp/esense.elf.0cNPLA.ltrans0.ltrans.o
 .rodata.gpioDummyFunctions
                0x000000000800c9b0       0x18 /tmp/esense.elf.0cNPLA.ltrans0.ltrans.o
 .rodata.gpioDummyPort
                0x000000000800c9c8        0xc /tmp/esense.elf.0cNPLA.ltrans0.ltrans.o
 .rodata.halted_status
                0x000000000800c9d4        0x2 /tmp/esense.elf.0cNPLA.ltrans0.ltrans.o
 *fill*         0x000000000800c9d6        0x2 
 .rodata.max2870Config
                0x000000000800c9d8       0x20 /tmp/esense.elf.0cNPLA.ltrans0.ltrans.o
 .rodata.mcp9804Config
                0x000000000800c9f8        0x8 /tmp/esense.elf.0cNPLA.ltrans0.ltrans.o
 .rodata.platformPinConfig
                0x000000000800ca00       0x54 /tmp/esense.elf.0cNPLA.ltrans0.ltrans.o
 .rodata.pllSPIConfig
                0x000000000800ca54       0x10 /tmp/esense.elf.0cNPLA.ltrans0.ltrans.o
 .rodata.ram_areas
                0x000000000800ca64       0x80 /tmp/esense.elf.0cNPLA.ltrans0.ltrans.o
 .rodata.serusbcfg
                0x000000000800cae4        0xc /tmp/esense.elf.0cNPLA.ltrans0.ltrans.o
 .rodata.shell_local_commands
                0x000000000800caf0       0x48 /tmp/esense.elf.0cNPLA.ltrans0.ltrans.o
 .rodata.syslogStream
                0x000000000800cb38        0x4 /tmp/esense.elf.0cNPLA.ltrans0.ltrans.o
 .rodata.syslogVMT
                0x000000000800cb3c       0x10 /tmp/esense.elf.0cNPLA.ltrans0.ltrans.o
 .rodata.usbcfg
                0x000000000800cb4c       0x10 /tmp/esense.elf.0cNPLA.ltrans0.ltrans.o
 .rodata.vcom_configuration_descriptor
                0x000000000800cb5c        0x8 /tmp/esense.elf.0cNPLA.ltrans0.ltrans.o
 .rodata.vcom_configuration_descriptor_data
                0x000000000800cb64       0x43 /tmp/esense.elf.0cNPLA.ltrans0.ltrans.o
 *fill*         0x000000000800cba7        0x1 
 .rodata.vcom_device_descriptor
                0x000000000800cba8        0x8 /tmp/esense.elf.0cNPLA.ltrans0.ltrans.o
 .rodata.vcom_device_descriptor_data
                0x000000000800cbb0       0x12 /tmp/esense.elf.0cNPLA.ltrans0.ltrans.o
 .rodata.vcom_string0
                0x000000000800cbc2        0x4 /tmp/esense.elf.0cNPLA.ltrans0.ltrans.o
 .rodata.vcom_string1
                0x000000000800cbc6       0x42 /tmp/esense.elf.0cNPLA.ltrans0.ltrans.o
 .rodata.vcom_string2
                0x000000000800cc08       0x50 /tmp/esense.elf.0cNPLA.ltrans0.ltrans.o
 .rodata.vcom_strings
                0x000000000800cc58       0x20 /tmp/esense.elf.0cNPLA.ltrans0.ltrans.o
 .rodata.vmt.lto_priv.0
                0x000000000800cc78       0x20 /tmp/esense.elf.0cNPLA.ltrans0.ltrans.o
 .rodata.vmt.lto_priv.1
                0x000000000800cc98       0x20 /tmp/esense.elf.0cNPLA.ltrans0.ltrans.o
 .rodata.vmt.lto_priv.2
                0x000000000800ccb8       0x10 /tmp/esense.elf.0cNPLA.ltrans0.ltrans.o
 .rodata.watchdogConfig
                0x000000000800ccc8        0x8 /tmp/esense.elf.0cNPLA.ltrans0.ltrans.o
 .rodata.zero_status
                0x000000000800ccd0        0x2 /tmp/esense.elf.0cNPLA.ltrans0.ltrans.o
                0x000000000800ccd4                . = ALIGN (0x4)
 *fill*         0x000000000800ccd2        0x2 
                0x000000000800ccd4                __rodata_end__ = .
                0x000000000800ccd4                __buildid_base__ = .
 *(.note.gnu.build-id)
 .note.gnu.build-id
                0x000000000800ccd4       0x24 linker stubs
                0x000000000800ccf8                __buildid_end__ = .
                0x000000000800ccf8                . = ALIGN (0x4)

.ARM.extab
 *(.ARM.extab* .gnu.linkonce.armextab.*)

.ARM.exidx      0x000000000800ccf8        0x8
                0x000000000800ccf8                __exidx_start = .
 *(.ARM.exidx* .gnu.linkonce.armexidx.*)
 .ARM.exidx     0x000000000800ccf8        0x8 /usr/lib/gcc/arm-none-eabi/10.2.0/thumb/v7-m/nofp/libgcc.a(_udivmoddi4.o)
                0x000000000800cd00                __exidx_end = .

.rel.dyn        0x000000000800cd00        0x0
 .rel.iplt      0x000000000800cd00        0x0 build/obj/crt0_v7m.o

.eh_frame_hdr
 *(.eh_frame_hdr)

.eh_frame
 *(.eh_frame)
                0x0000000020000000                __ram0_start__ = ORIGIN (ram0)
                0x0000000000005000                __ram0_size__ = LENGTH (ram0)
                0x0000000020005000                __ram0_end__ = (__ram0_start__ + __ram0_size__)
                0x0000000000000000                __ram1_start__ = ORIGIN (ram1)
                0x0000000000000000                __ram1_size__ = LENGTH (ram1)
                0x0000000000000000                __ram1_end__ = (__ram1_start__ + __ram1_size__)
                0x0000000000000000                __ram2_start__ = ORIGIN (ram2)
                0x0000000000000000                __ram2_size__ = LENGTH (ram2)
                0x0000000000000000                __ram2_end__ = (__ram2_start__ + __ram2_size__)
                0x0000000000000000                __ram3_start__ = ORIGIN (ram3)
                0x0000000000000000                __ram3_size__ = LENGTH (ram3)
                0x0000000000000000                __ram3_end__ = (__ram3_start__ + __ram3_size__)
                0x0000000000000000                __ram4_start__ = ORIGIN (ram4)
                0x0000000000000000                __ram4_size__ = LENGTH (ram4)
                0x0000000000000000                __ram4_end__ = (__ram4_start__ + __ram4_size__)
                0x0000000000000000                __ram5_start__ = ORIGIN (ram5)
                0x0000000000000000                __ram5_size__ = LENGTH (ram5)
                0x0000000000000000                __ram5_end__ = (__ram5_start__ + __ram5_size__)
                0x0000000000000000                __ram6_start__ = ORIGIN (ram6)
                0x0000000000000000                __ram6_size__ = LENGTH (ram6)
                0x0000000000000000                __ram6_end__ = (__ram6_start__ + __ram6_size__)
                0x0000000000000000                __ram7_start__ = ORIGIN (ram7)
                0x0000000000000000                __ram7_size__ = LENGTH (ram7)
                0x0000000000000000                __ram7_end__ = (__ram7_start__ + __ram7_size__)

.data           0x0000000020000800      0x128 load address 0x000000000800cd00
                0x0000000020000800                . = ALIGN (0x4)
                [!provide]                        PROVIDE (_textdata = LOADADDR (.data))
                [!provide]                        PROVIDE (_data = .)
                0x000000000800cd00                _textdata_start = LOADADDR (.data)
                0x0000000020000800                _data_start = .
 *(.data)
 *(.data.*)
 .data.allowDisableSOF
                0x0000000020000800        0x1 /tmp/esense.elf.0cNPLA.ltrans0.ltrans.o
 *fill*         0x0000000020000801        0x3 
 .data.converterBypassFunctions
                0x0000000020000804        0x8 /tmp/esense.elf.0cNPLA.ltrans0.ltrans.o
 .data.converterSHFBandConfig
                0x000000002000080c       0x30 /tmp/esense.elf.0cNPLA.ltrans0.ltrans.o
 .data.converterSHFFunctions
                0x000000002000083c        0x8 /tmp/esense.elf.0cNPLA.ltrans0.ltrans.o
 .data.converterSWFunctions
                0x0000000020000844        0x8 /tmp/esense.elf.0cNPLA.ltrans0.ltrans.o
 .data.incr0bxlr
                0x000000002000084c        0x4 /tmp/esense.elf.0cNPLA.ltrans0.ltrans.o
 .data.linecoding
                0x0000000020000850        0x7 /tmp/esense.elf.0cNPLA.ltrans0.ltrans.o
 *fill*         0x0000000020000857        0x1 
 .data.sanityRebootSeconds
                0x0000000020000858        0x4 /tmp/esense.elf.0cNPLA.ltrans0.ltrans.o
 .data.shellCommands
                0x000000002000085c       0xb4 /tmp/esense.elf.0cNPLA.ltrans0.ltrans.o
 .data.shellCommandsIndex
                0x0000000020000910        0x1 /tmp/esense.elf.0cNPLA.ltrans0.ltrans.o
 .data.sofEnabled.0
                0x0000000020000911        0x1 /tmp/esense.elf.0cNPLA.ltrans0.ltrans.o
 *fill*         0x0000000020000912        0x2 
 .data.startupTuneRequest
                0x0000000020000914       0x14 /tmp/esense.elf.0cNPLA.ltrans0.ltrans.o
 *(.ramtext)
                0x0000000020000928                . = ALIGN (0x4)
                [!provide]                        PROVIDE (_edata = .)
                0x0000000020000928                _data_end = .

.igot.plt       0x0000000020000928        0x0 load address 0x000000000800ce28
 .igot.plt      0x0000000020000928        0x0 build/obj/crt0_v7m.o

.bss            0x0000000020000928      0xd28 load address 0x000000000800ce28
                0x0000000020000928                . = ALIGN (0x4)
                0x0000000020000928                _bss_start = .
 *(.bss)
 *(.bss.*)
 .bss.GPIODriverData
                0x0000000020000928        0xc /tmp/esense.elf.0cNPLA.ltrans0.ltrans.o
 .bss.I2CD1     0x0000000020000934       0x88 /tmp/esense.elf.0cNPLA.ltrans0.ltrans.o
 .bss.SD3       0x00000000200009bc       0x88 /tmp/esense.elf.0cNPLA.ltrans0.ltrans.o
 .bss.SDU1      0x0000000020000a44      0x49c /tmp/esense.elf.0cNPLA.ltrans0.ltrans.o
 .bss.SPID1     0x0000000020000ee0       0x74 /tmp/esense.elf.0cNPLA.ltrans0.ltrans.o
 .bss.USBD1     0x0000000020000f54       0x88 /tmp/esense.elf.0cNPLA.ltrans0.ltrans.o
 .bss.WDGD1     0x0000000020000fdc        0xc /tmp/esense.elf.0cNPLA.ltrans0.ltrans.o
 .bss._stm32_dma_isr_redir
                0x0000000020000fe8       0x38 /tmp/esense.elf.0cNPLA.ltrans0.ltrans.o
 .bss.converter
                0x0000000020001020       0x24 /tmp/esense.elf.0cNPLA.ltrans0.ltrans.o
 .bss.dma_streams_mask
                0x0000000020001044        0x4 /tmp/esense.elf.0cNPLA.ltrans0.ltrans.o
 .bss.dummyrx   0x0000000020001048        0x2 /tmp/esense.elf.0cNPLA.ltrans0.ltrans.o
 *fill*         0x000000002000104a        0x2 
 .bss.ep0_state
                0x000000002000104c       0x10 /tmp/esense.elf.0cNPLA.ltrans0.ltrans.o
 .bss.ep0setup_buffer
                0x000000002000105c        0x8 /tmp/esense.elf.0cNPLA.ltrans0.ltrans.o
 .bss.ep1instate
                0x0000000020001064       0x10 /tmp/esense.elf.0cNPLA.ltrans0.ltrans.o
 .bss.ep1outstate
                0x0000000020001074       0x10 /tmp/esense.elf.0cNPLA.ltrans0.ltrans.o
 .bss.ep2instate
                0x0000000020001084       0x10 /tmp/esense.elf.0cNPLA.ltrans0.ltrans.o
 *fill*         0x0000000020001094        0x4 
 .bss.loPLL     0x0000000020001098      0x100 /tmp/esense.elf.0cNPLA.ltrans0.ltrans.o
 .bss.mixLedDelay
                0x0000000020001198        0x4 /tmp/esense.elf.0cNPLA.ltrans0.ltrans.o
 .bss.mixLedTaskHandle
                0x000000002000119c        0x4 /tmp/esense.elf.0cNPLA.ltrans0.ltrans.o
 .bss.monThreadFirst
                0x00000000200011a0        0x4 /tmp/esense.elf.0cNPLA.ltrans0.ltrans.o
 .bss.monThreadHandle
                0x00000000200011a4        0x4 /tmp/esense.elf.0cNPLA.ltrans0.ltrans.o
 .bss.pxCurrentTCB
                0x00000000200011a8        0x4 /tmp/esense.elf.0cNPLA.ltrans0.ltrans.o
 .bss.pxDelayedTaskList
                0x00000000200011ac        0x4 /tmp/esense.elf.0cNPLA.ltrans0.ltrans.o
 .bss.pxEnd     0x00000000200011b0        0x4 /tmp/esense.elf.0cNPLA.ltrans0.ltrans.o
 .bss.pxOverflowDelayedTaskList
                0x00000000200011b4        0x4 /tmp/esense.elf.0cNPLA.ltrans0.ltrans.o
 .bss.pxReadyTasksLists
                0x00000000200011b8       0x64 /tmp/esense.elf.0cNPLA.ltrans0.ltrans.o
 .bss.sanityReboot
                0x000000002000121c       0x14 /tmp/esense.elf.0cNPLA.ltrans0.ltrans.o
 .bss.sanitySettingsLocked
                0x0000000020001230        0x1 /tmp/esense.elf.0cNPLA.ltrans0.ltrans.o
 .bss.serialString
                0x0000000020001231       0x84 /tmp/esense.elf.0cNPLA.ltrans0.ltrans.o
 *fill*         0x00000000200012b5        0x3 
 .bss.shell_terminated
                0x00000000200012b8       0x10 /tmp/esense.elf.0cNPLA.ltrans0.ltrans.o
 .bss.sofCounter
                0x00000000200012c8        0x4 /tmp/esense.elf.0cNPLA.ltrans0.ltrans.o
 .bss.syslogISRBuffer
                0x00000000200012cc       0x40 /tmp/esense.elf.0cNPLA.ltrans0.ltrans.o
 .bss.syslogISRHasSomething
                0x000000002000130c        0x1 /tmp/esense.elf.0cNPLA.ltrans0.ltrans.o
 *fill*         0x000000002000130d        0x3 
 .bss.syslogQueue
                0x0000000020001310       0x24 /tmp/esense.elf.0cNPLA.ltrans0.ltrans.o
 .bss.syslogSemaphore
                0x0000000020001334        0x4 /tmp/esense.elf.0cNPLA.ltrans0.ltrans.o
 .bss.tcxoTempSensor
                0x0000000020001338        0x8 /tmp/esense.elf.0cNPLA.ltrans0.ltrans.o
 .bss.ucMaxSysCallPriority
                0x0000000020001340        0x1 /tmp/esense.elf.0cNPLA.ltrans0.ltrans.o
 *fill*         0x0000000020001341        0x3 
 .bss.ulMaxPRIGROUPValue
                0x0000000020001344        0x4 /tmp/esense.elf.0cNPLA.ltrans0.ltrans.o
 .bss.ulStoppedTimerCompensation
                0x0000000020001348        0x4 /tmp/esense.elf.0cNPLA.ltrans0.ltrans.o
 .bss.ulSyspri2Value
                0x000000002000134c        0x4 /tmp/esense.elf.0cNPLA.ltrans0.ltrans.o
 .bss.ulTimerCountsForOneTick
                0x0000000020001350        0x4 /tmp/esense.elf.0cNPLA.ltrans0.ltrans.o
 .bss.usbConnectState
                0x0000000020001354        0x1 /tmp/esense.elf.0cNPLA.ltrans0.ltrans.o
 .bss.usbShellIsUp
                0x0000000020001355        0x1 /tmp/esense.elf.0cNPLA.ltrans0.ltrans.o
 *fill*         0x0000000020001356        0x2 
 .bss.uxCriticalNesting
                0x0000000020001358        0x4 /tmp/esense.elf.0cNPLA.ltrans0.ltrans.o
 .bss.uxCurrentNumberOfTasks
                0x000000002000135c        0x4 /tmp/esense.elf.0cNPLA.ltrans0.ltrans.o
 .bss.uxDeletedTasksWaitingCleanUp
                0x0000000020001360        0x4 /tmp/esense.elf.0cNPLA.ltrans0.ltrans.o
 .bss.uxPendedTicks
                0x0000000020001364        0x4 /tmp/esense.elf.0cNPLA.ltrans0.ltrans.o
 .bss.uxSavedInterruptStatus
                0x0000000020001368        0x4 /tmp/esense.elf.0cNPLA.ltrans0.ltrans.o
 .bss.uxSchedulerSuspended
                0x000000002000136c        0x4 /tmp/esense.elf.0cNPLA.ltrans0.ltrans.o
 .bss.uxTaskNumber
                0x0000000020001370        0x4 /tmp/esense.elf.0cNPLA.ltrans0.ltrans.o
 .bss.uxTopReadyPriority
                0x0000000020001374        0x4 /tmp/esense.elf.0cNPLA.ltrans0.ltrans.o
 .bss.xBlockAllocatedBit
                0x0000000020001378        0x4 /tmp/esense.elf.0cNPLA.ltrans0.ltrans.o
 .bss.xDelayedTaskList1
                0x000000002000137c       0x14 /tmp/esense.elf.0cNPLA.ltrans0.ltrans.o
 .bss.xDelayedTaskList2
                0x0000000020001390       0x14 /tmp/esense.elf.0cNPLA.ltrans0.ltrans.o
 .bss.xFreeBytesRemaining
                0x00000000200013a4        0x4 /tmp/esense.elf.0cNPLA.ltrans0.ltrans.o
 .bss.xIdleStack
                0x00000000200013a8      0x1e0 /tmp/esense.elf.0cNPLA.ltrans0.ltrans.o
 .bss.xIdleTaskTCBBuffer
                0x0000000020001588       0x68 /tmp/esense.elf.0cNPLA.ltrans0.ltrans.o
 .bss.xMaximumPossibleSuppressedTicks
                0x00000000200015f0        0x4 /tmp/esense.elf.0cNPLA.ltrans0.ltrans.o
 .bss.xMinimumEverFreeBytesRemaining
                0x00000000200015f4        0x4 /tmp/esense.elf.0cNPLA.ltrans0.ltrans.o
 .bss.xNextTaskUnblockTime
                0x00000000200015f8        0x4 /tmp/esense.elf.0cNPLA.ltrans0.ltrans.o
 .bss.xNumOfOverflows
                0x00000000200015fc        0x4 /tmp/esense.elf.0cNPLA.ltrans0.ltrans.o
 .bss.xPendingReadyList
                0x0000000020001600       0x14 /tmp/esense.elf.0cNPLA.ltrans0.ltrans.o
 .bss.xSchedulerRunning
                0x0000000020001614        0x4 /tmp/esense.elf.0cNPLA.ltrans0.ltrans.o
 .bss.xStart    0x0000000020001618        0x8 /tmp/esense.elf.0cNPLA.ltrans0.ltrans.o
 .bss.xSuspendedTaskList
                0x0000000020001620       0x14 /tmp/esense.elf.0cNPLA.ltrans0.ltrans.o
 .bss.xTasksWaitingTermination
                0x0000000020001634       0x14 /tmp/esense.elf.0cNPLA.ltrans0.ltrans.o
 .bss.xTickCount
                0x0000000020001648        0x4 /tmp/esense.elf.0cNPLA.ltrans0.ltrans.o
 .bss.xYieldPending
                0x000000002000164c        0x4 /tmp/esense.elf.0cNPLA.ltrans0.ltrans.o
 *(COMMON)
                0x0000000020001650                . = ALIGN (0x4)
                0x0000000020001650                _bss_end = .
                [!provide]                        PROVIDE (end = .)

.ram0_init      0x0000000020001650        0x0 load address 0x000000000800ce28
                0x0000000020001650                . = ALIGN (0x4)
                0x000000000800ce28                __ram0_init_text__ = LOADADDR (.ram0_init)
                0x0000000020001650                __ram0_init__ = .
 *(.ram0_init)
 *(.ram0_init.*)
                0x0000000020001650                . = ALIGN (0x4)

.ram0           0x0000000020001650        0x0 load address 0x000000000800ce28
                0x0000000020001650                . = ALIGN (0x4)
                0x0000000020001650                __ram0_clear__ = .
 *(.ram0_clear)
 *(.ram0_clear.*)
                0x0000000020001650                . = ALIGN (0x4)
                0x0000000020001650                __ram0_noinit__ = .
 *(.ram0)
 *(.ram0.*)
                0x0000000020001650                . = ALIGN (0x4)
                0x0000000020001650                __ram0_free__ = .

.ram1_init      0x0000000000000000        0x0 load address 0x000000000800ce28
                0x0000000000000000                . = ALIGN (0x4)
                0x000000000800ce28                __ram1_init_text__ = LOADADDR (.ram1_init)
                0x0000000000000000                __ram1_init__ = .
 *(.ram1_init)
 *(.ram1_init.*)
                0x0000000000000000                . = ALIGN (0x4)

.ram1           0x0000000000000000        0x0 load address 0x000000000800ce28
                0x0000000000000000                . = ALIGN (0x4)
                0x0000000000000000                __ram1_clear__ = .
 *(.ram1_clear)
 *(.ram1_clear.*)
                0x0000000000000000                . = ALIGN (0x4)
                0x0000000000000000                __ram1_noinit__ = .
 *(.ram1)
 *(.ram1.*)
                0x0000000000000000                . = ALIGN (0x4)
                0x0000000000000000                __ram1_free__ = .

.ram2_init      0x0000000000000000        0x0 load address 0x000000000800ce28
                0x0000000000000000                . = ALIGN (0x4)
                0x000000000800ce28                __ram2_init_text__ = LOADADDR (.ram2_init)
                0x0000000000000000                __ram2_init__ = .
 *(.ram2_init)
 *(.ram2_init.*)
                0x0000000000000000                . = ALIGN (0x4)

.ram2           0x0000000000000000        0x0 load address 0x000000000800ce28
                0x0000000000000000                . = ALIGN (0x4)
                0x0000000000000000                __ram2_clear__ = .
 *(.ram2_clear)
 *(.ram2_clear.*)
                0x0000000000000000                . = ALIGN (0x4)
                0x0000000000000000                __ram2_noinit__ = .
 *(.ram2)
 *(.ram2.*)
                0x0000000000000000                . = ALIGN (0x4)
                0x0000000000000000                __ram2_free__ = .

.ram3_init      0x0000000000000000        0x0 load address 0x000000000800ce28
                0x0000000000000000                . = ALIGN (0x4)
                0x000000000800ce28                __ram3_init_text__ = LOADADDR (.ram3_init)
                0x0000000000000000                __ram3_init__ = .
 *(.ram3_init)
 *(.ram3_init.*)
                0x0000000000000000                . = ALIGN (0x4)

.ram3           0x0000000000000000        0x0 load address 0x000000000800ce28
                0x0000000000000000                . = ALIGN (0x4)
                0x0000000000000000                __ram3_clear__ = .
 *(.ram3_clear)
 *(.ram3_clear.*)
                0x0000000000000000                . = ALIGN (0x4)
                0x0000000000000000                __ram3_noinit__ = .
 *(.ram3)
 *(.ram3.*)
                0x0000000000000000                . = ALIGN (0x4)
                0x0000000000000000                __ram3_free__ = .

.ram4_init      0x0000000000000000        0x0 load address 0x000000000800ce28
                0x0000000000000000                . = ALIGN (0x4)
                0x000000000800ce28                __ram4_init_text__ = LOADADDR (.ram4_init)
                0x0000000000000000                __ram4_init__ = .
 *(.ram4_init)
 *(.ram4_init.*)
                0x0000000000000000                . = ALIGN (0x4)

.ram4           0x0000000000000000        0x0 load address 0x000000000800ce28
                0x0000000000000000                . = ALIGN (0x4)
                0x0000000000000000                __ram4_clear__ = .
 *(.ram4_clear)
 *(.ram4_clear.*)
                0x0000000000000000                . = ALIGN (0x4)
                0x0000000000000000                __ram4_noinit__ = .
 *(.ram4)
 *(.ram4.*)
                0x0000000000000000                . = ALIGN (0x4)
                0x0000000000000000                __ram4_free__ = .

.ram5_init      0x0000000000000000        0x0 load address 0x000000000800ce28
                0x0000000000000000                . = ALIGN (0x4)
                0x000000000800ce28                __ram5_init_text__ = LOADADDR (.ram5_init)
                0x0000000000000000                __ram5_init__ = .
 *(.ram5_init)
 *(.ram5_init.*)
                0x0000000000000000                . = ALIGN (0x4)

.ram5           0x0000000000000000        0x0 load address 0x000000000800ce28
                0x0000000000000000                . = ALIGN (0x4)
                0x0000000000000000                __ram5_clear__ = .
 *(.ram5_clear)
 *(.ram5_clear.*)
                0x0000000000000000                . = ALIGN (0x4)
                0x0000000000000000                __ram5_noinit__ = .
 *(.ram5)
 *(.ram5.*)
                0x0000000000000000                . = ALIGN (0x4)
                0x0000000000000000                __ram5_free__ = .

.ram6_init      0x0000000000000000        0x0 load address 0x000000000800ce28
                0x0000000000000000                . = ALIGN (0x4)
                0x000000000800ce28                __ram6_init_text__ = LOADADDR (.ram6_init)
                0x0000000000000000                __ram6_init__ = .
 *(.ram6_init)
 *(.ram6_init.*)
                0x0000000000000000                . = ALIGN (0x4)

.ram6           0x0000000000000000        0x0 load address 0x000000000800ce28
                0x0000000000000000                . = ALIGN (0x4)
                0x0000000000000000                __ram6_clear__ = .
 *(.ram6_clear)
 *(.ram6_clear.*)
                0x0000000000000000                . = ALIGN (0x4)
                0x0000000000000000                __ram6_noinit__ = .
 *(.ram6)
 *(.ram6.*)
                0x0000000000000000                . = ALIGN (0x4)
                0x0000000000000000                __ram6_free__ = .

.ram7_init      0x0000000000000000        0x0 load address 0x000000000800ce28
                0x0000000000000000                . = ALIGN (0x4)
                0x000000000800ce28                __ram7_init_text__ = LOADADDR (.ram7_init)
                0x0000000000000000                __ram7_init__ = .
 *(.ram7_init)
 *(.ram7_init.*)
                0x0000000000000000                . = ALIGN (0x4)

.ram7           0x0000000000000000        0x0 load address 0x000000000800ce28
                0x0000000000000000                . = ALIGN (0x4)
                0x0000000000000000                __ram7_clear__ = .
 *(.ram7_clear)
 *(.ram7_clear.*)
                0x0000000000000000                . = ALIGN (0x4)
                0x0000000000000000                __ram7_noinit__ = .
 *(.ram7)
 *(.ram7.*)
                0x0000000000000000                . = ALIGN (0x4)
                0x0000000000000000                __ram7_free__ = .

.heap           0x0000000020001650     0x39b0
                0x0000000020001650                . = ALIGN (0x8)
                0x0000000020001650                __heap_base__ = .
                0x0000000020005000                . = (ORIGIN (HEAP_RAM) + LENGTH (HEAP_RAM))
 *fill*         0x0000000020001650     0x39b0 
                0x0000000020005000                __heap_end__ = .
                0x0000000000000400                __process_stack_size__ = 0x400
                0x0000000000000400                __main_stack_size__ = 0x400
LOAD ../FreeRTOS//libFreeRTOS.a
LOAD ../StaticData//libStaticData.a
START GROUP
LOAD /usr/lib/gcc/arm-none-eabi/10.2.0/thumb/v7-m/nofp/libgcc.a
LOAD /usr/lib/gcc/arm-none-eabi/10.2.0/../../../../arm-none-eabi/lib/thumb/v7-m/nofp/libg.a
LOAD /usr/lib/gcc/arm-none-eabi/10.2.0/../../../../arm-none-eabi/lib/thumb/v7-m/nofp/libc.a
END GROUP
OUTPUT(build/esense.elf elf32-littlearm)
LOAD linker stubs

.ARM.attributes
                0x0000000000000000       0x2f
 .ARM.attributes
                0x0000000000000000       0x21 build/obj/crt0_v7m.o
 .ARM.attributes
                0x0000000000000021       0x2b /tmp/esense.elf.0cNPLA.ltrans0.ltrans.o
 .ARM.attributes
                0x000000000000004c       0x1d /usr/lib/gcc/arm-none-eabi/10.2.0/thumb/v7-m/nofp/libgcc.a(_aeabi_uldivmod.o)
 .ARM.attributes
                0x0000000000000069       0x2d /usr/lib/gcc/arm-none-eabi/10.2.0/thumb/v7-m/nofp/libgcc.a(_udivmoddi4.o)
 .ARM.attributes
                0x0000000000000096       0x1d /usr/lib/gcc/arm-none-eabi/10.2.0/thumb/v7-m/nofp/libgcc.a(_dvmd_tls.o)
 .ARM.attributes
                0x00000000000000b3       0x1b /usr/lib/gcc/arm-none-eabi/10.2.0/../../../../arm-none-eabi/lib/thumb/v7-m/nofp/libg.a(lib_a-memcpy.o)
 .ARM.attributes
                0x00000000000000ce       0x2d /usr/lib/gcc/arm-none-eabi/10.2.0/../../../../arm-none-eabi/lib/thumb/v7-m/nofp/libg.a(lib_a-memset.o)
 .ARM.attributes
                0x00000000000000fb       0x2d /usr/lib/gcc/arm-none-eabi/10.2.0/../../../../arm-none-eabi/lib/thumb/v7-m/nofp/libg.a(lib_a-strchr.o)
 .ARM.attributes
                0x0000000000000128       0x1b /usr/lib/gcc/arm-none-eabi/10.2.0/../../../../arm-none-eabi/lib/thumb/v7-m/nofp/libg.a(lib_a-strcmp.o)
 .ARM.attributes
                0x0000000000000143       0x2d /usr/lib/gcc/arm-none-eabi/10.2.0/../../../../arm-none-eabi/lib/thumb/v7-m/nofp/libg.a(lib_a-strlen-stub.o)
 .ARM.attributes
                0x0000000000000170       0x2d /usr/lib/gcc/arm-none-eabi/10.2.0/../../../../arm-none-eabi/lib/thumb/v7-m/nofp/libg.a(lib_a-strpbrk.o)
 .ARM.attributes
                0x000000000000019d       0x2d /usr/lib/gcc/arm-none-eabi/10.2.0/../../../../arm-none-eabi/lib/thumb/v7-m/nofp/libg.a(lib_a-strspn.o)

.comment        0x0000000000000000       0x46
 .comment       0x0000000000000000       0x23 /tmp/esense.elf.0cNPLA.ltrans0.ltrans.o
                                         0x24 (size before relaxing)
 .comment       0x0000000000000023       0x24 /usr/lib/gcc/arm-none-eabi/10.2.0/thumb/v7-m/nofp/libgcc.a(_udivmoddi4.o)
 .comment       0x0000000000000023       0x23 /usr/lib/gcc/arm-none-eabi/10.2.0/../../../../arm-none-eabi/lib/thumb/v7-m/nofp/libg.a(lib_a-memset.o)
                                         0x24 (size before relaxing)
 .comment       0x0000000000000046       0x24 /usr/lib/gcc/arm-none-eabi/10.2.0/../../../../arm-none-eabi/lib/thumb/v7-m/nofp/libg.a(lib_a-strchr.o)
 .comment       0x0000000000000046       0x24 /usr/lib/gcc/arm-none-eabi/10.2.0/../../../../arm-none-eabi/lib/thumb/v7-m/nofp/libg.a(lib_a-strlen-stub.o)
 .comment       0x0000000000000046       0x24 /usr/lib/gcc/arm-none-eabi/10.2.0/../../../../arm-none-eabi/lib/thumb/v7-m/nofp/libg.a(lib_a-strpbrk.o)
 .comment       0x0000000000000046       0x24 /usr/lib/gcc/arm-none-eabi/10.2.0/../../../../arm-none-eabi/lib/thumb/v7-m/nofp/libg.a(lib_a-strspn.o)

.debug_info     0x0000000000000000    0x265fc
 .debug_info    0x0000000000000000     0xf1db /tmp/esense.elf.0cNPLA.ltrans0.ltrans.o
 .debug_info    0x000000000000f1db      0x2c8 /tmp/ccBusjiO.debug.temp.o
                0x000000000000f1db                crt1.c.c7f484ab
 .debug_info    0x000000000000f4a3      0x1c2 /tmp/ccafZG2I.debug.temp.o
                0x000000000000f4a3                vectors.c.471450ad
 .debug_info    0x000000000000f665      0x148 /tmp/ccp8liRG.debug.temp.o
                0x000000000000f665                hal.c.4c4ec0fb
 .debug_info    0x000000000000f7ad      0x87c /tmp/cc4SxvMP.debug.temp.o
                0x000000000000f7ad                hal_buffers.c.b21ad46a
 .debug_info    0x0000000000010029      0x5c2 /tmp/ccPEynoX.debug.temp.o
                0x0000000000010029                hal_queues.c.58a23189
 .debug_info    0x00000000000105eb      0xa0e /tmp/cciOxXHp.debug.temp.o
                0x00000000000105eb                hal_i2c.c.dc393692
 .debug_info    0x0000000000010ff9      0xa19 /tmp/ccd9kfZ0.debug.temp.o
                0x0000000000010ff9                hal_serial.c.5583a54d
 .debug_info    0x0000000000011a12     0x104e /tmp/ccYLUu2A.debug.temp.o
                0x0000000000011a12                hal_serial_usb.c.bff530aa
 .debug_info    0x0000000000012a60      0xb1c /tmp/ccWKs0YN.debug.temp.o
                0x0000000000012a60                hal_spi.c.696e362d
 .debug_info    0x000000000001357c      0xa68 /tmp/ccCHWPei.debug.temp.o
                0x000000000001357c                hal_usb.c.e3c1645f
 .debug_info    0x0000000000013fe4      0x2c4 /tmp/ccZN2i71.debug.temp.o
                0x0000000000013fe4                hal_wdg.c.7536f92f
 .debug_info    0x00000000000142a8      0x430 /tmp/ccN8J1nD.debug.temp.o
                0x00000000000142a8                nvic.c.6fe23de0
 .debug_info    0x00000000000146d8      0x237 /tmp/ccwc7bvM.debug.temp.o
                0x00000000000146d8                hal_lld.c.e7928685
 .debug_info    0x000000000001490f      0x521 /tmp/ccAdMKXW.debug.temp.o
                0x000000000001490f                stm32_dma.c.c341cbe5
 .debug_info    0x0000000000014e30      0x348 /tmp/ccorkl7y.debug.temp.o
                0x0000000000014e30                hal_pal_lld.c.cd4e4a65
 .debug_info    0x0000000000015178      0xdb4 /tmp/cc09P8wL.debug.temp.o
                0x0000000000015178                hal_i2c_lld.c.e71e0e34
 .debug_info    0x0000000000015f2c      0xa20 /tmp/cczLwBor.debug.temp.o
                0x0000000000015f2c                hal_spi_lld.c.50bcfc6e
 .debug_info    0x000000000001694c      0x88f /tmp/ccGVgiNL.debug.temp.o
                0x000000000001694c                hal_serial_lld.c.e35d9a43
 .debug_info    0x00000000000171db      0xc5e /tmp/ccFl5uoT.debug.temp.o
                0x00000000000171db                hal_usb_lld.c.c512dfcf
 .debug_info    0x0000000000017e39      0x20a /tmp/cc5MO4Dk.debug.temp.o
                0x0000000000017e39                hal_wdg_lld.c.8d9cbafb
 .debug_info    0x0000000000018043      0x1d3 /tmp/cc3SjkZT.debug.temp.o
                0x0000000000018043                board.c.f315b3e2
 .debug_info    0x0000000000018216      0x4c1 /tmp/ccXDsUEn.debug.temp.o
                0x0000000000018216                chprintf.c.86416fd0
 .debug_info    0x00000000000186d7      0x30e /tmp/cc8DTS8O.debug.temp.o
                0x00000000000186d7                memstreams.c.df06c60e
 .debug_info    0x00000000000189e5      0x815 /tmp/cckfKrBy.debug.temp.o
                0x00000000000189e5                shell.c.6e476822
 .debug_info    0x00000000000191fa      0x3ec /tmp/cc4ClesE.debug.temp.o
                0x00000000000191fa                shell_cmd.c.f0363e3c
 .debug_info    0x00000000000195e6      0xea0 /tmp/ccvC01t2.debug.temp.o
                0x00000000000195e6                main.c.9e033d96
 .debug_info    0x000000000001a486     0x1045 /tmp/ccQOR8a7.debug.temp.o
                0x000000000001a486                max2870.c.c92b9131
 .debug_info    0x000000000001b4cb      0x412 /tmp/cc8fGEj1.debug.temp.o
                0x000000000001b4cb                util.c.39b67c5f
 .debug_info    0x000000000001b8dd      0xa98 /tmp/ccIQBoxC.debug.temp.o
                0x000000000001b8dd                appshell.c.7072d4ee
 .debug_info    0x000000000001c375      0x396 /tmp/ccwWu6kz.debug.temp.o
                0x000000000001c375                cmdtasks.c.3e5ef876
 .debug_info    0x000000000001c70b      0xba9 /tmp/ccyX4f3S.debug.temp.o
                0x000000000001c70b                cmdmax.c.44aed9d8
 .debug_info    0x000000000001d2b4      0x22c /tmp/cc6jpgKu.debug.temp.o
                0x000000000001d2b4                cmdsof.c.fed38843
 .debug_info    0x000000000001d4e0     0x1b7d /tmp/cckpB3VT.debug.temp.o
                0x000000000001d4e0                system.c.67aef082
 .debug_info    0x000000000001f05d      0xfb5 /tmp/ccMz5HRu.debug.temp.o
                0x000000000001f05d                usb.c.060fabf8
 .debug_info    0x0000000000020012      0xcd4 /tmp/ccv0NyFQ.debug.temp.o
                0x0000000000020012                i2csafe.c.f8c74eca
 .debug_info    0x0000000000020ce6      0x942 /tmp/ccKXeXuB.debug.temp.o
                0x0000000000020ce6                cmdi2c.c.a85d9a73
 .debug_info    0x0000000000021628      0x7eb /tmp/cc45oAs2.debug.temp.o
                0x0000000000021628                mcp9804.c.b0129b84
 .debug_info    0x0000000000021e13      0x881 /tmp/ccCJeYIu.debug.temp.o
                0x0000000000021e13                cmdtemp.c.4786e61f
 .debug_info    0x0000000000022694      0x3aa /tmp/ccBNh4Sm.debug.temp.o
                0x0000000000022694                monitor.c.dfe0e529
 .debug_info    0x0000000000022a3e      0x255 /tmp/cc61cgJF.debug.temp.o
                0x0000000000022a3e                cmdgpio.c.13714ba3
 .debug_info    0x0000000000022c93      0x4cd /tmp/cc6DrGdQ.debug.temp.o
                0x0000000000022c93                cmdconvert.c.78e594d7
 .debug_info    0x0000000000023160      0x343 /tmp/ccR0hcXg.debug.temp.o
                0x0000000000023160                packetqueue.c.c1549519
 .debug_info    0x00000000000234a3      0x536 /tmp/ccxYXpAM.debug.temp.o
                0x00000000000234a3                syslog.c.b2f2eaf1
 .debug_info    0x00000000000239d9      0x670 /tmp/ccQzLCvI.debug.temp.o
                0x00000000000239d9                gpio.c.50e898ce
 .debug_info    0x0000000000024049      0x41f /tmp/ccFSz4ot.debug.temp.o
                0x0000000000024049                dummygpio.c.fdcd6e62
 .debug_info    0x0000000000024468      0x5ab /tmp/ccMSQklo.debug.temp.o
                0x0000000000024468                cpugpio.c.83ef0296
 .debug_info    0x0000000000024a13       0xf0 /tmp/cc1nQtqD.debug.temp.o
                0x0000000000024a13                unhandled_exception.c.c557780c
 .debug_info    0x0000000000024b03      0x453 /tmp/ccDEH3Lx.debug.temp.o
                0x0000000000024b03                converter.c.1c4c9fd5
 .debug_info    0x0000000000024f56      0x2eb /tmp/ccmnPIfC.debug.temp.o
                0x0000000000024f56                converterBypass.c.c0ec5b38
 .debug_info    0x0000000000025241      0x314 /tmp/ccdf9pLT.debug.temp.o
                0x0000000000025241                converterSW.c.8a07fbcd
 .debug_info    0x0000000000025555      0x3b9 /tmp/ccOC8cCa.debug.temp.o
                0x0000000000025555                converterSHF.c.97b1eaed
 .debug_info    0x000000000002590e      0x24a /tmp/ccEClKnV.debug.temp.o
                0x000000000002590e                cmdsanity.c.ec859232
 .debug_info    0x0000000000025b58       0x26 /usr/lib/gcc/arm-none-eabi/10.2.0/thumb/v7-m/nofp/libgcc.a(_aeabi_uldivmod.o)
 .debug_info    0x0000000000025b7e      0x513 /usr/lib/gcc/arm-none-eabi/10.2.0/thumb/v7-m/nofp/libgcc.a(_udivmoddi4.o)
 .debug_info    0x0000000000026091       0x26 /usr/lib/gcc/arm-none-eabi/10.2.0/thumb/v7-m/nofp/libgcc.a(_dvmd_tls.o)
 .debug_info    0x00000000000260b7       0x26 /usr/lib/gcc/arm-none-eabi/10.2.0/../../../../arm-none-eabi/lib/thumb/v7-m/nofp/libg.a(lib_a-memcpy.o)
 .debug_info    0x00000000000260dd      0x137 /usr/lib/gcc/arm-none-eabi/10.2.0/../../../../arm-none-eabi/lib/thumb/v7-m/nofp/libg.a(lib_a-memset.o)
 .debug_info    0x0000000000026214      0x13a /usr/lib/gcc/arm-none-eabi/10.2.0/../../../../arm-none-eabi/lib/thumb/v7-m/nofp/libg.a(lib_a-strchr.o)
 .debug_info    0x000000000002634e       0x26 /usr/lib/gcc/arm-none-eabi/10.2.0/../../../../arm-none-eabi/lib/thumb/v7-m/nofp/libg.a(lib_a-strcmp.o)
 .debug_info    0x0000000000026374       0xbc /usr/lib/gcc/arm-none-eabi/10.2.0/../../../../arm-none-eabi/lib/thumb/v7-m/nofp/libg.a(lib_a-strlen-stub.o)
 .debug_info    0x0000000000026430       0xda /usr/lib/gcc/arm-none-eabi/10.2.0/../../../../arm-none-eabi/lib/thumb/v7-m/nofp/libg.a(lib_a-strpbrk.o)
 .debug_info    0x000000000002650a       0xf2 /usr/lib/gcc/arm-none-eabi/10.2.0/../../../../arm-none-eabi/lib/thumb/v7-m/nofp/libg.a(lib_a-strspn.o)

.debug_abbrev   0x0000000000000000     0x5cb2
 .debug_abbrev  0x0000000000000000      0x84b /tmp/esense.elf.0cNPLA.ltrans0.ltrans.o
 .debug_abbrev  0x000000000000084b       0xe5 /tmp/ccBusjiO.debug.temp.o
 .debug_abbrev  0x0000000000000930       0xa8 /tmp/ccafZG2I.debug.temp.o
 .debug_abbrev  0x00000000000009d8       0xa0 /tmp/ccp8liRG.debug.temp.o
 .debug_abbrev  0x0000000000000a78      0x1e6 /tmp/cc4SxvMP.debug.temp.o
 .debug_abbrev  0x0000000000000c5e      0x1d5 /tmp/ccPEynoX.debug.temp.o
 .debug_abbrev  0x0000000000000e33      0x22f /tmp/cciOxXHp.debug.temp.o
 .debug_abbrev  0x0000000000001062      0x259 /tmp/ccd9kfZ0.debug.temp.o
 .debug_abbrev  0x00000000000012bb      0x2cd /tmp/ccYLUu2A.debug.temp.o
 .debug_abbrev  0x0000000000001588      0x23a /tmp/ccWKs0YN.debug.temp.o
 .debug_abbrev  0x00000000000017c2      0x22c /tmp/ccCHWPei.debug.temp.o
 .debug_abbrev  0x00000000000019ee      0x18d /tmp/ccZN2i71.debug.temp.o
 .debug_abbrev  0x0000000000001b7b      0x11c /tmp/ccN8J1nD.debug.temp.o
 .debug_abbrev  0x0000000000001c97       0xbc /tmp/ccwc7bvM.debug.temp.o
 .debug_abbrev  0x0000000000001d53      0x1c0 /tmp/ccAdMKXW.debug.temp.o
 .debug_abbrev  0x0000000000001f13      0x10f /tmp/ccorkl7y.debug.temp.o
 .debug_abbrev  0x0000000000002022      0x296 /tmp/cc09P8wL.debug.temp.o
 .debug_abbrev  0x00000000000022b8      0x241 /tmp/cczLwBor.debug.temp.o
 .debug_abbrev  0x00000000000024f9      0x1fb /tmp/ccGVgiNL.debug.temp.o
 .debug_abbrev  0x00000000000026f4      0x270 /tmp/ccFl5uoT.debug.temp.o
 .debug_abbrev  0x0000000000002964      0x12c /tmp/cc5MO4Dk.debug.temp.o
 .debug_abbrev  0x0000000000002a90       0xe6 /tmp/cc3SjkZT.debug.temp.o
 .debug_abbrev  0x0000000000002b76      0x1a6 /tmp/ccXDsUEn.debug.temp.o
 .debug_abbrev  0x0000000000002d1c      0x104 /tmp/cc8DTS8O.debug.temp.o
 .debug_abbrev  0x0000000000002e20      0x1dd /tmp/cckfKrBy.debug.temp.o
 .debug_abbrev  0x0000000000002ffd      0x143 /tmp/cc4ClesE.debug.temp.o
 .debug_abbrev  0x0000000000003140      0x1f7 /tmp/ccvC01t2.debug.temp.o
 .debug_abbrev  0x0000000000003337      0x266 /tmp/ccQOR8a7.debug.temp.o
 .debug_abbrev  0x000000000000359d      0x15a /tmp/cc8fGEj1.debug.temp.o
 .debug_abbrev  0x00000000000036f7      0x1f6 /tmp/ccIQBoxC.debug.temp.o
 .debug_abbrev  0x00000000000038ed      0x11f /tmp/ccwWu6kz.debug.temp.o
 .debug_abbrev  0x0000000000003a0c      0x1db /tmp/ccyX4f3S.debug.temp.o
 .debug_abbrev  0x0000000000003be7       0xed /tmp/cc6jpgKu.debug.temp.o
 .debug_abbrev  0x0000000000003cd4      0x279 /tmp/cckpB3VT.debug.temp.o
 .debug_abbrev  0x0000000000003f4d      0x2bb /tmp/ccMz5HRu.debug.temp.o
 .debug_abbrev  0x0000000000004208      0x26c /tmp/ccv0NyFQ.debug.temp.o
 .debug_abbrev  0x0000000000004474      0x1df /tmp/ccKXeXuB.debug.temp.o
 .debug_abbrev  0x0000000000004653      0x188 /tmp/cc45oAs2.debug.temp.o
 .debug_abbrev  0x00000000000047db      0x197 /tmp/ccCJeYIu.debug.temp.o
 .debug_abbrev  0x0000000000004972      0x121 /tmp/ccBNh4Sm.debug.temp.o
 .debug_abbrev  0x0000000000004a93      0x103 /tmp/cc61cgJF.debug.temp.o
 .debug_abbrev  0x0000000000004b96      0x12b /tmp/cc6DrGdQ.debug.temp.o
 .debug_abbrev  0x0000000000004cc1       0xe8 /tmp/ccR0hcXg.debug.temp.o
 .debug_abbrev  0x0000000000004da9      0x171 /tmp/ccxYXpAM.debug.temp.o
 .debug_abbrev  0x0000000000004f1a      0x14b /tmp/ccQzLCvI.debug.temp.o
 .debug_abbrev  0x0000000000005065      0x11e /tmp/ccFSz4ot.debug.temp.o
 .debug_abbrev  0x0000000000005183      0x17a /tmp/ccMSQklo.debug.temp.o
 .debug_abbrev  0x00000000000052fd       0x8a /tmp/cc1nQtqD.debug.temp.o
 .debug_abbrev  0x0000000000005387      0x125 /tmp/ccDEH3Lx.debug.temp.o
 .debug_abbrev  0x00000000000054ac       0xd8 /tmp/ccmnPIfC.debug.temp.o
 .debug_abbrev  0x0000000000005584       0xeb /tmp/ccdf9pLT.debug.temp.o
 .debug_abbrev  0x000000000000566f       0xfa /tmp/ccOC8cCa.debug.temp.o
 .debug_abbrev  0x0000000000005769      0x10b /tmp/ccEClKnV.debug.temp.o
 .debug_abbrev  0x0000000000005874       0x14 /usr/lib/gcc/arm-none-eabi/10.2.0/thumb/v7-m/nofp/libgcc.a(_aeabi_uldivmod.o)
 .debug_abbrev  0x0000000000005888      0x122 /usr/lib/gcc/arm-none-eabi/10.2.0/thumb/v7-m/nofp/libgcc.a(_udivmoddi4.o)
 .debug_abbrev  0x00000000000059aa       0x14 /usr/lib/gcc/arm-none-eabi/10.2.0/thumb/v7-m/nofp/libgcc.a(_dvmd_tls.o)
 .debug_abbrev  0x00000000000059be       0x14 /usr/lib/gcc/arm-none-eabi/10.2.0/../../../../arm-none-eabi/lib/thumb/v7-m/nofp/libg.a(lib_a-memcpy.o)
 .debug_abbrev  0x00000000000059d2       0xb4 /usr/lib/gcc/arm-none-eabi/10.2.0/../../../../arm-none-eabi/lib/thumb/v7-m/nofp/libg.a(lib_a-memset.o)
 .debug_abbrev  0x0000000000005a86       0x94 /usr/lib/gcc/arm-none-eabi/10.2.0/../../../../arm-none-eabi/lib/thumb/v7-m/nofp/libg.a(lib_a-strchr.o)
 .debug_abbrev  0x0000000000005b1a       0x14 /usr/lib/gcc/arm-none-eabi/10.2.0/../../../../arm-none-eabi/lib/thumb/v7-m/nofp/libg.a(lib_a-strcmp.o)
 .debug_abbrev  0x0000000000005b2e       0x79 /usr/lib/gcc/arm-none-eabi/10.2.0/../../../../arm-none-eabi/lib/thumb/v7-m/nofp/libg.a(lib_a-strlen-stub.o)
 .debug_abbrev  0x0000000000005ba7       0x7e /usr/lib/gcc/arm-none-eabi/10.2.0/../../../../arm-none-eabi/lib/thumb/v7-m/nofp/libg.a(lib_a-strpbrk.o)
 .debug_abbrev  0x0000000000005c25       0x8d /usr/lib/gcc/arm-none-eabi/10.2.0/../../../../arm-none-eabi/lib/thumb/v7-m/nofp/libg.a(lib_a-strspn.o)

.debug_loc      0x0000000000000000    0x1068d
 .debug_loc     0x0000000000000000     0xefd9 /tmp/esense.elf.0cNPLA.ltrans0.ltrans.o
 .debug_loc     0x000000000000efd9     0x10aa /usr/lib/gcc/arm-none-eabi/10.2.0/thumb/v7-m/nofp/libgcc.a(_udivmoddi4.o)
 .debug_loc     0x0000000000010083      0x22c /usr/lib/gcc/arm-none-eabi/10.2.0/../../../../arm-none-eabi/lib/thumb/v7-m/nofp/libg.a(lib_a-memset.o)
 .debug_loc     0x00000000000102af      0x1e9 /usr/lib/gcc/arm-none-eabi/10.2.0/../../../../arm-none-eabi/lib/thumb/v7-m/nofp/libg.a(lib_a-strchr.o)
 .debug_loc     0x0000000000010498       0x25 /usr/lib/gcc/arm-none-eabi/10.2.0/../../../../arm-none-eabi/lib/thumb/v7-m/nofp/libg.a(lib_a-strlen-stub.o)
 .debug_loc     0x00000000000104bd       0xe1 /usr/lib/gcc/arm-none-eabi/10.2.0/../../../../arm-none-eabi/lib/thumb/v7-m/nofp/libg.a(lib_a-strpbrk.o)
 .debug_loc     0x000000000001059e       0xef /usr/lib/gcc/arm-none-eabi/10.2.0/../../../../arm-none-eabi/lib/thumb/v7-m/nofp/libg.a(lib_a-strspn.o)

.debug_aranges  0x0000000000000000      0x8c0
 .debug_aranges
                0x0000000000000000      0x780 /tmp/esense.elf.0cNPLA.ltrans0.ltrans.o
 .debug_aranges
                0x0000000000000780       0x20 /usr/lib/gcc/arm-none-eabi/10.2.0/thumb/v7-m/nofp/libgcc.a(_aeabi_uldivmod.o)
 .debug_aranges
                0x00000000000007a0       0x20 /usr/lib/gcc/arm-none-eabi/10.2.0/thumb/v7-m/nofp/libgcc.a(_udivmoddi4.o)
 .debug_aranges
                0x00000000000007c0       0x20 /usr/lib/gcc/arm-none-eabi/10.2.0/thumb/v7-m/nofp/libgcc.a(_dvmd_tls.o)
 .debug_aranges
                0x00000000000007e0       0x20 /usr/lib/gcc/arm-none-eabi/10.2.0/../../../../arm-none-eabi/lib/thumb/v7-m/nofp/libg.a(lib_a-memcpy.o)
 .debug_aranges
                0x0000000000000800       0x20 /usr/lib/gcc/arm-none-eabi/10.2.0/../../../../arm-none-eabi/lib/thumb/v7-m/nofp/libg.a(lib_a-memset.o)
 .debug_aranges
                0x0000000000000820       0x20 /usr/lib/gcc/arm-none-eabi/10.2.0/../../../../arm-none-eabi/lib/thumb/v7-m/nofp/libg.a(lib_a-strchr.o)
 .debug_aranges
                0x0000000000000840       0x20 /usr/lib/gcc/arm-none-eabi/10.2.0/../../../../arm-none-eabi/lib/thumb/v7-m/nofp/libg.a(lib_a-strcmp.o)
 .debug_aranges
                0x0000000000000860       0x20 /usr/lib/gcc/arm-none-eabi/10.2.0/../../../../arm-none-eabi/lib/thumb/v7-m/nofp/libg.a(lib_a-strlen-stub.o)
 .debug_aranges
                0x0000000000000880       0x20 /usr/lib/gcc/arm-none-eabi/10.2.0/../../../../arm-none-eabi/lib/thumb/v7-m/nofp/libg.a(lib_a-strpbrk.o)
 .debug_aranges
                0x00000000000008a0       0x20 /usr/lib/gcc/arm-none-eabi/10.2.0/../../../../arm-none-eabi/lib/thumb/v7-m/nofp/libg.a(lib_a-strspn.o)

.debug_ranges   0x0000000000000000     0x34c8
 .debug_ranges  0x0000000000000000     0x3370 /tmp/esense.elf.0cNPLA.ltrans0.ltrans.o
 .debug_ranges  0x0000000000003370      0x108 /usr/lib/gcc/arm-none-eabi/10.2.0/thumb/v7-m/nofp/libgcc.a(_udivmoddi4.o)
 .debug_ranges  0x0000000000003478       0x10 /usr/lib/gcc/arm-none-eabi/10.2.0/../../../../arm-none-eabi/lib/thumb/v7-m/nofp/libg.a(lib_a-memset.o)
 .debug_ranges  0x0000000000003488       0x10 /usr/lib/gcc/arm-none-eabi/10.2.0/../../../../arm-none-eabi/lib/thumb/v7-m/nofp/libg.a(lib_a-strchr.o)
 .debug_ranges  0x0000000000003498       0x10 /usr/lib/gcc/arm-none-eabi/10.2.0/../../../../arm-none-eabi/lib/thumb/v7-m/nofp/libg.a(lib_a-strlen-stub.o)
 .debug_ranges  0x00000000000034a8       0x10 /usr/lib/gcc/arm-none-eabi/10.2.0/../../../../arm-none-eabi/lib/thumb/v7-m/nofp/libg.a(lib_a-strpbrk.o)
 .debug_ranges  0x00000000000034b8       0x10 /usr/lib/gcc/arm-none-eabi/10.2.0/../../../../arm-none-eabi/lib/thumb/v7-m/nofp/libg.a(lib_a-strspn.o)

.debug_line     0x0000000000000000    0x107b7
 .debug_line    0x0000000000000000     0xa44c /tmp/esense.elf.0cNPLA.ltrans0.ltrans.o
 .debug_line    0x000000000000a44c       0xbd /tmp/ccBusjiO.debug.temp.o
 .debug_line    0x000000000000a509       0xcd /tmp/ccafZG2I.debug.temp.o
 .debug_line    0x000000000000a5d6       0xfb /tmp/ccp8liRG.debug.temp.o
 .debug_line    0x000000000000a6d1      0x164 /tmp/cc4SxvMP.debug.temp.o
 .debug_line    0x000000000000a835      0x162 /tmp/ccPEynoX.debug.temp.o
 .debug_line    0x000000000000a997      0x22e /tmp/cciOxXHp.debug.temp.o
 .debug_line    0x000000000000abc5      0x1ed /tmp/ccd9kfZ0.debug.temp.o
 .debug_line    0x000000000000adb2      0x1d2 /tmp/ccYLUu2A.debug.temp.o
 .debug_line    0x000000000000af84      0x268 /tmp/ccWKs0YN.debug.temp.o
 .debug_line    0x000000000000b1ec      0x18b /tmp/ccCHWPei.debug.temp.o
 .debug_line    0x000000000000b377      0x193 /tmp/ccZN2i71.debug.temp.o
 .debug_line    0x000000000000b50a       0xe6 /tmp/ccN8J1nD.debug.temp.o
 .debug_line    0x000000000000b5f0      0x13f /tmp/ccwc7bvM.debug.temp.o
 .debug_line    0x000000000000b72f      0x16a /tmp/ccAdMKXW.debug.temp.o
 .debug_line    0x000000000000b899      0x109 /tmp/ccorkl7y.debug.temp.o
 .debug_line    0x000000000000b9a2      0x21c /tmp/cc09P8wL.debug.temp.o
 .debug_line    0x000000000000bbbe      0x256 /tmp/cczLwBor.debug.temp.o
 .debug_line    0x000000000000be14      0x1db /tmp/ccGVgiNL.debug.temp.o
 .debug_line    0x000000000000bfef      0x1a4 /tmp/ccFl5uoT.debug.temp.o
 .debug_line    0x000000000000c193      0x166 /tmp/cc5MO4Dk.debug.temp.o
 .debug_line    0x000000000000c2f9      0x163 /tmp/cc3SjkZT.debug.temp.o
 .debug_line    0x000000000000c45c      0x159 /tmp/ccXDsUEn.debug.temp.o
 .debug_line    0x000000000000c5b5      0x116 /tmp/cc8DTS8O.debug.temp.o
 .debug_line    0x000000000000c6cb      0x17e /tmp/cckfKrBy.debug.temp.o
 .debug_line    0x000000000000c849      0x148 /tmp/cc4ClesE.debug.temp.o
 .debug_line    0x000000000000c991      0x262 /tmp/ccvC01t2.debug.temp.o
 .debug_line    0x000000000000cbf3      0x2ce /tmp/ccQOR8a7.debug.temp.o
 .debug_line    0x000000000000cec1      0x15c /tmp/cc8fGEj1.debug.temp.o
 .debug_line    0x000000000000d01d      0x1f9 /tmp/ccIQBoxC.debug.temp.o
 .debug_line    0x000000000000d216      0x151 /tmp/ccwWu6kz.debug.temp.o
 .debug_line    0x000000000000d367      0x2bf /tmp/ccyX4f3S.debug.temp.o
 .debug_line    0x000000000000d626      0x115 /tmp/cc6jpgKu.debug.temp.o
 .debug_line    0x000000000000d73b      0x466 /tmp/cckpB3VT.debug.temp.o
 .debug_line    0x000000000000dba1      0x23b /tmp/ccMz5HRu.debug.temp.o
 .debug_line    0x000000000000dddc      0x250 /tmp/ccv0NyFQ.debug.temp.o
 .debug_line    0x000000000000e02c      0x254 /tmp/ccKXeXuB.debug.temp.o
 .debug_line    0x000000000000e280      0x242 /tmp/cc45oAs2.debug.temp.o
 .debug_line    0x000000000000e4c2      0x255 /tmp/ccCJeYIu.debug.temp.o
 .debug_line    0x000000000000e717      0x15c /tmp/ccBNh4Sm.debug.temp.o
 .debug_line    0x000000000000e873      0x116 /tmp/cc61cgJF.debug.temp.o
 .debug_line    0x000000000000e989      0x17b /tmp/cc6DrGdQ.debug.temp.o
 .debug_line    0x000000000000eb04       0xb4 /tmp/ccR0hcXg.debug.temp.o
 .debug_line    0x000000000000ebb8      0x1d6 /tmp/ccxYXpAM.debug.temp.o
 .debug_line    0x000000000000ed8e      0x139 /tmp/ccQzLCvI.debug.temp.o
 .debug_line    0x000000000000eec7      0x13e /tmp/ccFSz4ot.debug.temp.o
 .debug_line    0x000000000000f005      0x1e3 /tmp/ccMSQklo.debug.temp.o
 .debug_line    0x000000000000f1e8       0x9f /tmp/cc1nQtqD.debug.temp.o
 .debug_line    0x000000000000f287      0x162 /tmp/ccDEH3Lx.debug.temp.o
 .debug_line    0x000000000000f3e9      0x13d /tmp/ccmnPIfC.debug.temp.o
 .debug_line    0x000000000000f526      0x139 /tmp/ccdf9pLT.debug.temp.o
 .debug_line    0x000000000000f65f      0x14c /tmp/ccOC8cCa.debug.temp.o
 .debug_line    0x000000000000f7ab      0x135 /tmp/ccEClKnV.debug.temp.o
 .debug_line    0x000000000000f8e0       0x6b /usr/lib/gcc/arm-none-eabi/10.2.0/thumb/v7-m/nofp/libgcc.a(_aeabi_uldivmod.o)
 .debug_line    0x000000000000f94b      0x591 /usr/lib/gcc/arm-none-eabi/10.2.0/thumb/v7-m/nofp/libgcc.a(_udivmoddi4.o)
 .debug_line    0x000000000000fedc       0x6b /usr/lib/gcc/arm-none-eabi/10.2.0/thumb/v7-m/nofp/libgcc.a(_dvmd_tls.o)
 .debug_line    0x000000000000ff47       0xc1 /usr/lib/gcc/arm-none-eabi/10.2.0/../../../../arm-none-eabi/lib/thumb/v7-m/nofp/libg.a(lib_a-memcpy.o)
 .debug_line    0x0000000000010008      0x1c0 /usr/lib/gcc/arm-none-eabi/10.2.0/../../../../arm-none-eabi/lib/thumb/v7-m/nofp/libg.a(lib_a-memset.o)
 .debug_line    0x00000000000101c8      0x1b5 /usr/lib/gcc/arm-none-eabi/10.2.0/../../../../arm-none-eabi/lib/thumb/v7-m/nofp/libg.a(lib_a-strchr.o)
 .debug_line    0x000000000001037d      0x106 /usr/lib/gcc/arm-none-eabi/10.2.0/../../../../arm-none-eabi/lib/thumb/v7-m/nofp/libg.a(lib_a-strcmp.o)
 .debug_line    0x0000000000010483       0xf5 /usr/lib/gcc/arm-none-eabi/10.2.0/../../../../arm-none-eabi/lib/thumb/v7-m/nofp/libg.a(lib_a-strlen-stub.o)
 .debug_line    0x0000000000010578      0x108 /usr/lib/gcc/arm-none-eabi/10.2.0/../../../../arm-none-eabi/lib/thumb/v7-m/nofp/libg.a(lib_a-strpbrk.o)