Archive member included to satisfy reference by file (symbol)

../FreeRTOS//libFreeRTOS.a(heap.o)
                              build/obj/appshell.o (symbol from plugin) (pvPortMalloc)
../FreeRTOS//libFreeRTOS.a(queue.o)
                              build/obj/hal_i2c.o (symbol from plugin) (xQueueGenericSend)
../FreeRTOS//libFreeRTOS.a(list.o)
                              queue.o (symbol from plugin) (vListInitialise)
../FreeRTOS//libFreeRTOS.a(osal_ch.o)
                              build/obj/hal_buffers.o (symbol from plugin) (osalThreadDequeueAllI)
../FreeRTOS//libFreeRTOS.a(tasks.o)
                              build/obj/appshell.o (symbol from plugin) (xTaskCreate)
../FreeRTOS//libFreeRTOS.a(port.o)
                              tasks.o (symbol from plugin) (pxPortInitialiseStack)
../FreeRTOS//libFreeRTOS.a(misc.o)
                              tasks.o (symbol from plugin) (vApplicationGetIdleTaskMemory)
../StaticData//libStaticData.a(data_license.o)
                              build/obj/appshell.o (symbol from plugin) (_binary_data_license_bin_start)
/usr/lib/gcc/arm-none-eabi/9.2.1/thumb/v7-m/nofp/libgcc.a(_aeabi_ldivmod.o)
                              /tmp/esense.elf.BU2ZdN.ltrans0.ltrans.o (__aeabi_ldivmod)
/usr/lib/gcc/arm-none-eabi/9.2.1/thumb/v7-m/nofp/libgcc.a(_aeabi_uldivmod.o)
                              /tmp/esense.elf.BU2ZdN.ltrans0.ltrans.o (__aeabi_uldivmod)
/usr/lib/gcc/arm-none-eabi/9.2.1/thumb/v7-m/nofp/libgcc.a(_udivmoddi4.o)
                              /usr/lib/gcc/arm-none-eabi/9.2.1/thumb/v7-m/nofp/libgcc.a(_aeabi_ldivmod.o) (__udivmoddi4)
/usr/lib/gcc/arm-none-eabi/9.2.1/thumb/v7-m/nofp/libgcc.a(_dvmd_tls.o)
                              /usr/lib/gcc/arm-none-eabi/9.2.1/thumb/v7-m/nofp/libgcc.a(_aeabi_ldivmod.o) (__aeabi_ldiv0)
/usr/lib/gcc/arm-none-eabi/9.2.1/../../../arm-none-eabi/lib/thumb/v7-m/nofp/libg.a(lib_a-memcpy.o)
                              /tmp/esense.elf.BU2ZdN.ltrans0.ltrans.o (memcpy)
/usr/lib/gcc/arm-none-eabi/9.2.1/../../../arm-none-eabi/lib/thumb/v7-m/nofp/libg.a(lib_a-memset.o)
                              /tmp/esense.elf.BU2ZdN.ltrans0.ltrans.o (memset)
/usr/lib/gcc/arm-none-eabi/9.2.1/../../../arm-none-eabi/lib/thumb/v7-m/nofp/libg.a(lib_a-strchr.o)
                              /tmp/esense.elf.BU2ZdN.ltrans0.ltrans.o (strchr)
/usr/lib/gcc/arm-none-eabi/9.2.1/../../../arm-none-eabi/lib/thumb/v7-m/nofp/libg.a(lib_a-strcmp.o)
                              /tmp/esense.elf.BU2ZdN.ltrans0.ltrans.o (strcmp)
/usr/lib/gcc/arm-none-eabi/9.2.1/../../../arm-none-eabi/lib/thumb/v7-m/nofp/libg.a(lib_a-strlen-stub.o)
                              /tmp/esense.elf.BU2ZdN.ltrans0.ltrans.o (strlen)
/usr/lib/gcc/arm-none-eabi/9.2.1/../../../arm-none-eabi/lib/thumb/v7-m/nofp/libg.a(lib_a-strpbrk.o)
                              /tmp/esense.elf.BU2ZdN.ltrans0.ltrans.o (strpbrk)
/usr/lib/gcc/arm-none-eabi/9.2.1/../../../arm-none-eabi/lib/thumb/v7-m/nofp/libg.a(lib_a-strspn.o)
                              /tmp/esense.elf.BU2ZdN.ltrans0.ltrans.o (strspn)

Discarded input sections

 .data          0x0000000000000000        0x0 build/obj/crt0_v7m.o
 .bss           0x0000000000000000        0x0 build/obj/crt0_v7m.o
 .text          0x0000000000000000        0x0 /tmp/esense.elf.BU2ZdN.ltrans0.ltrans.o
 .data          0x0000000000000000        0x0 /tmp/esense.elf.BU2ZdN.ltrans0.ltrans.o
 .bss           0x0000000000000000        0x0 /tmp/esense.elf.BU2ZdN.ltrans0.ltrans.o
 .comment       0x0000000000000000       0x5a /tmp/ccFLvUYM.debug.temp.o
 .comment       0x0000000000000000       0x5a /tmp/cc5FIG2O.debug.temp.o
 .debug_info    0x0000000000000000      0x12b /tmp/ccslXX5N.debug.temp.o
 .debug_abbrev  0x0000000000000000       0x7b /tmp/ccslXX5N.debug.temp.o
 .debug_line    0x0000000000000000      0x11b /tmp/ccslXX5N.debug.temp.o
 .debug_str     0x0000000000000000      0x288 /tmp/ccslXX5N.debug.temp.o
 .comment       0x0000000000000000       0x5a /tmp/ccslXX5N.debug.temp.o
 .comment       0x0000000000000000       0x5a /tmp/ccFeeubN.debug.temp.o
 .debug_info    0x0000000000000000     0x1547 /tmp/cc8or73N.debug.temp.o
 .debug_abbrev  0x0000000000000000      0x199 /tmp/cc8or73N.debug.temp.o
 .debug_line    0x0000000000000000      0x369 /tmp/cc8or73N.debug.temp.o
 .debug_str     0x0000000000000000      0xd21 /tmp/cc8or73N.debug.temp.o
 .comment       0x0000000000000000       0x5a /tmp/cc8or73N.debug.temp.o
 .comment       0x0000000000000000       0x5a /tmp/ccr7H3cL.debug.temp.o
 .comment       0x0000000000000000       0x5a /tmp/ccDUEk4K.debug.temp.o
 .debug_info    0x0000000000000000     0x1547 /tmp/ccFbIs4K.debug.temp.o
 .debug_abbrev  0x0000000000000000      0x199 /tmp/ccFbIs4K.debug.temp.o
 .debug_line    0x0000000000000000      0x369 /tmp/ccFbIs4K.debug.temp.o
 .debug_str     0x0000000000000000      0xd24 /tmp/ccFbIs4K.debug.temp.o
 .comment       0x0000000000000000       0x5a /tmp/ccFbIs4K.debug.temp.o
[...]
Memory Configuration

Name             Origin             Length             Attributes
flash0           0x0000000008002000 0x000000000001e000
flash1           0x0000000000000000 0x0000000000000000
flash2           0x0000000000000000 0x0000000000000000
flash3           0x0000000000000000 0x0000000000000000
flash4           0x0000000000000000 0x0000000000000000
flash5           0x0000000000000000 0x0000000000000000
flash6           0x0000000000000000 0x0000000000000000
flash7           0x0000000000000000 0x0000000000000000
ram0             0x0000000020000000 0x0000000000005000
ram1             0x0000000000000000 0x0000000000000000
ram2             0x0000000000000000 0x0000000000000000
ram3             0x0000000000000000 0x0000000000000000
ram4             0x0000000000000000 0x0000000000000000
ram5             0x0000000000000000 0x0000000000000000
ram6             0x0000000000000000 0x0000000000000000
ram7             0x0000000000000000 0x0000000000000000
*default*        0x0000000000000000 0xffffffffffffffff

Linker script and memory map

LOAD build/obj/crt0_v7m.o
LOAD build/obj/crt1.o
LOAD /tmp/esense.elf.BU2ZdN.ltrans0.ltrans.o
LOAD /tmp/ccFLvUYM.debug.temp.o
LOAD /tmp/cc5FIG2O.debug.temp.o
LOAD /tmp/ccslXX5N.debug.temp.o
LOAD /tmp/ccFeeubN.debug.temp.o
LOAD /tmp/cc8or73N.debug.temp.o
LOAD /tmp/ccr7H3cL.debug.temp.o
LOAD /tmp/ccDUEk4K.debug.temp.o
LOAD /tmp/ccFbIs4K.debug.temp.o
LOAD /tmp/ccqZfYNL.debug.temp.o
LOAD /tmp/ccukis4O.debug.temp.o
LOAD /tmp/ccPJ6HQL.debug.temp.o
LOAD /tmp/ccEGoxaN.debug.temp.o
LOAD /tmp/ccUm75TK.debug.temp.o
LOAD /tmp/cceJXzXM.debug.temp.o
LOAD /tmp/ccZlMydN.debug.temp.o
LOAD /tmp/ccfDr2ZM.debug.temp.o
LOAD /tmp/ccF5xYYO.debug.temp.o
LOAD /tmp/ccHfOqCL.debug.temp.o
LOAD /tmp/cc5AGFRM.debug.temp.o
LOAD /tmp/ccrLVN1L.debug.temp.o
LOAD /tmp/ccwRJDlN.debug.temp.o
LOAD /tmp/ccG0vlnO.debug.temp.o
LOAD /tmp/cctq3qZM.debug.temp.o
LOAD /tmp/ccHoo9cN.debug.temp.o
LOAD /tmp/ccgVQLQM.debug.temp.o
LOAD /tmp/cccOLALK.debug.temp.o
LOAD /tmp/ccqiG4XM.debug.temp.o
LOAD /tmp/ccVaASOM.debug.temp.o
LOAD /tmp/ccfFDpJO.debug.temp.o
LOAD /tmp/cc1FxFvO.debug.temp.o
LOAD /tmp/ccIxWKBM.debug.temp.o
LOAD /tmp/ccY5AIkL.debug.temp.o
LOAD /tmp/ccqZBXIM.debug.temp.o
LOAD /tmp/cc9TwpuO.debug.temp.o
LOAD /tmp/ccleTi9L.debug.temp.o
LOAD /tmp/cch52pDL.debug.temp.o
LOAD /tmp/ccbxifzO.debug.temp.o
LOAD /tmp/cctIIx7L.debug.temp.o
LOAD /tmp/ccsUC5wL.debug.temp.o
LOAD /tmp/ccHxrHlP.debug.temp.o
LOAD /tmp/ccXvgyGL.debug.temp.o
LOAD /tmp/ccnvvS1K.debug.temp.o
LOAD /tmp/ccxvHF8O.debug.temp.o
LOAD /tmp/ccyabPON.debug.temp.o
LOAD /tmp/cc96hIPM.debug.temp.o
LOAD /tmp/cc5q2sIK.debug.temp.o
LOAD /tmp/ccH09cbM.debug.temp.o
LOAD /tmp/ccFzl8JL.debug.temp.o
LOAD /tmp/ccjW9Y2O.debug.temp.o
LOAD /tmp/cchaLeTM.debug.temp.o
LOAD /tmp/cca9xzzO.debug.temp.o
LOAD /tmp/cc2zvwbN.debug.temp.o
LOAD /tmp/ccmJ7GaP.debug.temp.o
LOAD /tmp/ccd84rGM.debug.temp.o
LOAD /tmp/ccSzRmuN.debug.temp.o
LOAD /tmp/ccmveGeN.debug.temp.o
LOAD /tmp/cczkhzYN.debug.temp.o
LOAD /tmp/ccoFQj3N.debug.temp.o
LOAD /tmp/ccjjqviP.debug.temp.o
LOAD build/obj/vectors.o
LOAD build/obj/osal.o
LOAD build/obj/hal.o
LOAD build/obj/hal_st.o
LOAD build/obj/hal_buffers.o
LOAD build/obj/hal_queues.o
LOAD build/obj/hal_mmcsd.o
LOAD build/obj/hal_i2c.o
LOAD build/obj/hal_pal.o
LOAD build/obj/hal_serial.o
LOAD build/obj/hal_serial_usb.o
LOAD build/obj/hal_spi.o
LOAD build/obj/hal_usb.o
LOAD build/obj/hal_wdg.o
LOAD build/obj/nvic.o
LOAD build/obj/hal_lld.o
LOAD build/obj/stm32_dma.o
LOAD build/obj/hal_pal_lld.o
LOAD build/obj/hal_i2c_lld.o
LOAD build/obj/hal_spi_lld.o
LOAD build/obj/hal_st_lld.o
LOAD build/obj/hal_serial_lld.o
LOAD build/obj/hal_usb_lld.o
LOAD build/obj/hal_wdg_lld.o
LOAD build/obj/board.o
LOAD build/obj/chprintf.o
LOAD build/obj/memstreams.o
LOAD build/obj/nullstreams.o
LOAD build/obj/shell.o
LOAD build/obj/shell_cmd.o
LOAD build/obj/main.o
LOAD build/obj/max2870.o
LOAD build/obj/util.o
LOAD build/obj/appshell.o
LOAD build/obj/cmdtasks.o
LOAD build/obj/cmdmax.o
LOAD build/obj/tca6408a.o
LOAD build/obj/cmdsof.o
LOAD build/obj/system.o
LOAD build/obj/usb.o
LOAD build/obj/i2csafe.o
LOAD build/obj/cmdi2c.o
LOAD build/obj/mcp9804.o
LOAD build/obj/cmdtemp.o
LOAD build/obj/monitor.o
LOAD build/obj/cmdgpio.o
LOAD build/obj/cmdconvert.o
LOAD build/obj/packetqueue.o
LOAD build/obj/syslog.o
LOAD build/obj/gpio.o
LOAD build/obj/dummygpio.o
LOAD build/obj/cpugpio.o
LOAD build/obj/unhandled_exception.o
LOAD build/obj/converter.o
LOAD build/obj/converterBypass.o
LOAD build/obj/converterSW.o
LOAD build/obj/converterSHF.o
LOAD build/obj/cmdsanity.o

.mstack         0x0000000020000000      0x400
                0x0000000020000000                . = ALIGN (0x8)
                0x0000000020000000                __main_stack_base__ = .
                0x0000000020000400                . = (. + __main_stack_size__)
 *fill*         0x0000000020000000      0x400 
                0x0000000020000400                . = ALIGN (0x8)
                0x0000000020000400                __main_stack_end__ = .

.pstack         0x0000000020000400      0x400
                0x0000000020000400                __process_stack_base__ = .
                0x0000000020000400                __main_thread_stack_base__ = .
                0x0000000020000800                . = (. + __process_stack_size__)
 *fill*         0x0000000020000400      0x400 
                0x0000000020000800                . = ALIGN (0x8)
                0x0000000020000800                __process_stack_end__ = .
                0x0000000020000800                __main_thread_stack_end__ = .

.vectors        0x0000000008002000      0x160
 *(.vectors)
 .vectors       0x0000000008002000      0x160 /tmp/esense.elf.BU2ZdN.ltrans0.ltrans.o
                0x0000000008002000                _vectors

.xtors          0x0000000008002160        0x0
                0x0000000008002160                __init_array_start = .
 *(SORT_BY_NAME(.init_array.*))
 *(.init_array)
                0x0000000008002160                __init_array_end = .
                0x0000000008002160                __fini_array_start = .
 *(.fini_array)
 *(SORT_BY_NAME(.fini_array.*))
                0x0000000008002160                __fini_array_end = .

.text           0x0000000008002160     0x973e
 *(.text)
 .text          0x0000000008002160       0xd4 build/obj/crt0_v7m.o
                0x0000000008002160                Reset_Handler
 .text          0x0000000008002234     0x1597 ../StaticData//libStaticData.a(data_license.o)
                0x0000000008002234                _binary_data_license_bin_start
                0x00000000080037cb                _binary_data_license_bin_end
 *fill*         0x00000000080037cb        0x1 
 .text          0x00000000080037cc       0x30 /usr/lib/gcc/arm-none-eabi/9.2.1/thumb/v7-m/nofp/libgcc.a(_aeabi_uldivmod.o)
                0x00000000080037cc                __aeabi_uldivmod
 .text          0x00000000080037fc      0x2c4 /usr/lib/gcc/arm-none-eabi/9.2.1/thumb/v7-m/nofp/libgcc.a(_udivmoddi4.o)
                0x00000000080037fc                __udivmoddi4
 .text          0x0000000008003ac0        0x4 /usr/lib/gcc/arm-none-eabi/9.2.1/thumb/v7-m/nofp/libgcc.a(_dvmd_tls.o)
                0x0000000008003ac0                __aeabi_ldiv0
                0x0000000008003ac0                __aeabi_idiv0
 .text          0x0000000008003ac4       0xec /usr/lib/gcc/arm-none-eabi/9.2.1/../../../arm-none-eabi/lib/thumb/v7-m/nofp/libg.a(lib_a-memcpy.o)
                0x0000000008003ac4                memcpy
 .text          0x0000000008003bb0       0xa0 /usr/lib/gcc/arm-none-eabi/9.2.1/../../../arm-none-eabi/lib/thumb/v7-m/nofp/libg.a(lib_a-memset.o)
                0x0000000008003bb0                memset
 .text          0x0000000008003c50       0xc8 /usr/lib/gcc/arm-none-eabi/9.2.1/../../../arm-none-eabi/lib/thumb/v7-m/nofp/libg.a(lib_a-strchr.o)
                0x0000000008003c50                strchr
 .text          0x0000000008003d18      0x1bc /usr/lib/gcc/arm-none-eabi/9.2.1/../../../arm-none-eabi/lib/thumb/v7-m/nofp/libg.a(lib_a-strcmp.o)
                0x0000000008003d18                strcmp
 .text          0x0000000008003ed4       0x5c /usr/lib/gcc/arm-none-eabi/9.2.1/../../../arm-none-eabi/lib/thumb/v7-m/nofp/libg.a(lib_a-strlen-stub.o)
                0x0000000008003ed4                strlen
 .text          0x0000000008003f30       0x44 /usr/lib/gcc/arm-none-eabi/9.2.1/../../../arm-none-eabi/lib/thumb/v7-m/nofp/libg.a(lib_a-strpbrk.o)
                0x0000000008003f30                strpbrk
 .text          0x0000000008003f74       0x34 /usr/lib/gcc/arm-none-eabi/9.2.1/../../../arm-none-eabi/lib/thumb/v7-m/nofp/libg.a(lib_a-strspn.o)
                0x0000000008003f74                strspn
 *(.text.*)
 .text.long_to_string_with_divisor.constprop.0
                0x0000000008003fa8       0x3a /tmp/esense.elf.BU2ZdN.ltrans0.ltrans.o
 *fill*         0x0000000008003fe2        0x2 
 .text.packetQueueEndWritePacket.constprop.0
                0x0000000008003fe4       0x54 /tmp/esense.elf.BU2ZdN.ltrans0.ltrans.o
 .text.packetQueueReadByte.constprop.0
                0x0000000008004038       0x1c /tmp/esense.elf.BU2ZdN.ltrans0.ltrans.o
 .text.packetQueueWriteByte.constprop.0
                0x0000000008004054       0x5c /tmp/esense.elf.BU2ZdN.ltrans0.ltrans.o
 .text.packetQueuePutBytes.constprop.0
                0x00000000080040b0       0x24 /tmp/esense.elf.BU2ZdN.ltrans0.ltrans.o
 .text.vPortBusyDelay
                0x00000000080040d4        0xe /tmp/esense.elf.BU2ZdN.ltrans0.ltrans.o
 *fill*         0x00000000080040e2        0x2 
 .text.vPortValidateInterruptPriority
                0x00000000080040e4       0x3c /tmp/esense.elf.BU2ZdN.ltrans0.ltrans.o
 .text.xPortPendSVHandler
                0x0000000008004120       0x70 /tmp/esense.elf.BU2ZdN.ltrans0.ltrans.o
                0x0000000008004120                xPortPendSVHandler
 .text.vPortExitCriticalFromISR
                0x0000000008004190       0x18 /tmp/esense.elf.BU2ZdN.ltrans0.ltrans.o
 .text.ulPortEnterCriticalFromISR
                0x00000000080041a8       0x24 /tmp/esense.elf.BU2ZdN.ltrans0.ltrans.o
 .text.vPortExitCritical
                0x00000000080041cc       0x18 /tmp/esense.elf.BU2ZdN.ltrans0.ltrans.o
 .text.vPortEnterCritical
                0x00000000080041e4       0x20 /tmp/esense.elf.BU2ZdN.ltrans0.ltrans.o
 .text.prvPortStartFirstTask
                0x0000000008004204       0x20 /tmp/esense.elf.BU2ZdN.ltrans0.ltrans.o
 *fill*         0x0000000008004224        0xc 
 .text.vPortSVCHandler
                0x0000000008004230       0x34 /tmp/esense.elf.BU2ZdN.ltrans0.ltrans.o
                0x0000000008004230                vPortSVCHandler
 .text.prvTaskExitError
                0x0000000008004264       0x18 /tmp/esense.elf.BU2ZdN.ltrans0.ltrans.o
 .text.prvResetNextTaskUnblockTime
                0x000000000800427c       0x24 /tmp/esense.elf.BU2ZdN.ltrans0.ltrans.o
 .text.xTaskCheckForTimeOut
                0x00000000080042a0       0x54 /tmp/esense.elf.BU2ZdN.ltrans0.ltrans.o
 .text.prvGetExpectedIdleTime
                0x00000000080042f4       0x3c /tmp/esense.elf.BU2ZdN.ltrans0.ltrans.o
 .text.vTaskSuspendAll
                0x0000000008004330       0x10 /tmp/esense.elf.BU2ZdN.ltrans0.ltrans.o
 .text.vTaskEndScheduler
                0x0000000008004340       0x18 /tmp/esense.elf.BU2ZdN.ltrans0.ltrans.o
 .text.dmaStreamAllocate.constprop.0
                0x0000000008004358       0x98 /tmp/esense.elf.BU2ZdN.ltrans0.ltrans.o
 .text.uxListRemove
                0x00000000080043f0       0x20 /tmp/esense.elf.BU2ZdN.ltrans0.ltrans.o
 .text.vListInsert
                0x0000000008004410       0x2e /tmp/esense.elf.BU2ZdN.ltrans0.ltrans.o
 .text.vListInsertEnd
                0x000000000800443e       0x18 /tmp/esense.elf.BU2ZdN.ltrans0.ltrans.o
 *fill*         0x0000000008004456        0x2 
 .text.xTaskGenericNotifyFromISR.constprop.0
                0x0000000008004458       0x90 /tmp/esense.elf.BU2ZdN.ltrans0.ltrans.o
 .text.osalThreadResumeI.lto_priv.2
                0x00000000080044e8       0x1e /tmp/esense.elf.BU2ZdN.ltrans0.ltrans.o
 .text.osalEventBroadcastFlagsI
                0x0000000008004506       0x62 /tmp/esense.elf.BU2ZdN.ltrans0.ltrans.o
 .text.osalThreadDequeueI
                0x0000000008004568       0x26 /tmp/esense.elf.BU2ZdN.ltrans0.ltrans.o
 .text.osalThreadDequeueAllI.constprop.0
                0x000000000800458e       0x28 /tmp/esense.elf.BU2ZdN.ltrans0.ltrans.o
 .text.osalThreadDequeueNextI.constprop.0
                0x00000000080045b6       0x20 /tmp/esense.elf.BU2ZdN.ltrans0.ltrans.o
 *fill*         0x00000000080045d6        0x2 
 .text.prvAddCurrentTaskToDelayedList
                0x00000000080045d8       0x8c /tmp/esense.elf.BU2ZdN.ltrans0.ltrans.o
 .text.xTaskNotifyWait.constprop.0
                0x0000000008004664       0xa4 /tmp/esense.elf.BU2ZdN.ltrans0.ltrans.o
 .text.osalThreadSuspendTimeoutS
                0x0000000008004708       0x54 /tmp/esense.elf.BU2ZdN.ltrans0.ltrans.o
 .text.osalThreadEnqueueTimeoutS
                0x000000000800475c       0x8c /tmp/esense.elf.BU2ZdN.ltrans0.ltrans.o
 .text.xTaskRemoveFromEventList
                0x00000000080047e8       0x78 /tmp/esense.elf.BU2ZdN.ltrans0.ltrans.o
 .text.xTaskIncrementTick
                0x0000000008004860      0x114 /tmp/esense.elf.BU2ZdN.ltrans0.ltrans.o
 .text.xPortSysTickHandler
                0x0000000008004974       0x30 /tmp/esense.elf.BU2ZdN.ltrans0.ltrans.o
                0x0000000008004974                xPortSysTickHandler
 .text.xTaskResumeAll
                0x00000000080049a4      0x100 /tmp/esense.elf.BU2ZdN.ltrans0.ltrans.o
 .text.prvListTasksWithinSingleList
                0x0000000008004aa4       0xc4 /tmp/esense.elf.BU2ZdN.ltrans0.ltrans.o
 .text.vTaskDelay
                0x0000000008004b68       0x60 /tmp/esense.elf.BU2ZdN.ltrans0.ltrans.o
 .text.prvAddNewTaskToReadyList
                0x0000000008004bc8      0x160 /tmp/esense.elf.BU2ZdN.ltrans0.ltrans.o
 .text.prvUnlockQueue
                0x0000000008004d28       0x84 /tmp/esense.elf.BU2ZdN.ltrans0.ltrans.o
 .text.xQueueSemaphoreTake
                0x0000000008004dac      0x2e0 /tmp/esense.elf.BU2ZdN.ltrans0.ltrans.o
 .text.prvInsertBlockIntoFreeList
                0x000000000800508c       0x48 /tmp/esense.elf.BU2ZdN.ltrans0.ltrans.o
 .text.vPortFree
                0x00000000080050d4       0x4c /tmp/esense.elf.BU2ZdN.ltrans0.ltrans.o
 .text.prvDeleteTCB
                0x0000000008005120       0x26 /tmp/esense.elf.BU2ZdN.ltrans0.ltrans.o
 *fill*         0x0000000008005146        0x2 
 .text.vTaskDelete.constprop.0
                0x0000000008005148       0xe4 /tmp/esense.elf.BU2ZdN.ltrans0.ltrans.o
 .text.pvPortMalloc
                0x000000000800522c       0xfc /tmp/esense.elf.BU2ZdN.ltrans0.ltrans.o
 .text.converterLeaveSHF
                0x0000000008005328       0x1c /tmp/esense.elf.BU2ZdN.ltrans0.ltrans.o
 .text.converterTuneSHF
                0x0000000008005344       0x4e /tmp/esense.elf.BU2ZdN.ltrans0.ltrans.o
 .text.converterLeaveSW
                0x0000000008005392        0xc /tmp/esense.elf.BU2ZdN.ltrans0.ltrans.o
 .text.converterTuneSW
                0x000000000800539e       0x20 /tmp/esense.elf.BU2ZdN.ltrans0.ltrans.o
 .text.converterTuneBypass
                0x00000000080053be       0x16 /tmp/esense.elf.BU2ZdN.ltrans0.ltrans.o
 .text.converterTune
                0x00000000080053d4       0x88 /tmp/esense.elf.BU2ZdN.ltrans0.ltrans.o
 .text.gpioCPUInit
                0x000000000800545c       0x3c /tmp/esense.elf.BU2ZdN.ltrans0.ltrans.o
 .text.gpioCPUGetValue
                0x0000000008005498        0xa /tmp/esense.elf.BU2ZdN.ltrans0.ltrans.o
 .text.gpioCPUSetValue
                0x00000000080054a2       0x12 /tmp/esense.elf.BU2ZdN.ltrans0.ltrans.o
 .text.gpioCPUGetPinMode
                0x00000000080054b4       0x3c /tmp/esense.elf.BU2ZdN.ltrans0.ltrans.o
 .text.gpioCPUSetPinMode
                0x00000000080054f0       0x70 /tmp/esense.elf.BU2ZdN.ltrans0.ltrans.o
 .text.gpioGetPortDriver
                0x0000000008005560       0x1c /tmp/esense.elf.BU2ZdN.ltrans0.ltrans.o
 .text.gpioPortIoDisable
                0x000000000800557c       0x14 /tmp/esense.elf.BU2ZdN.ltrans0.ltrans.o
 .text.gpioSetPinMode
                0x0000000008005590       0x18 /tmp/esense.elf.BU2ZdN.ltrans0.ltrans.o
 .text.gpioGetPin
                0x00000000080055a8       0x24 /tmp/esense.elf.BU2ZdN.ltrans0.ltrans.o
 .text.gpioSetPin
                0x00000000080055cc       0x1e /tmp/esense.elf.BU2ZdN.ltrans0.ltrans.o
 *fill*         0x00000000080055ea        0x2 
 .text.usbShellTerminated
                0x00000000080055ec       0x20 /tmp/esense.elf.BU2ZdN.ltrans0.ltrans.o
 .text.syslogPut
                0x000000000800560c       0x18 /tmp/esense.elf.BU2ZdN.ltrans0.ltrans.o
 .text.syslogWrite
                0x0000000008005624       0x10 /tmp/esense.elf.BU2ZdN.ltrans0.ltrans.o
 .text.monitorKick
                0x0000000008005634       0xbc /tmp/esense.elf.BU2ZdN.ltrans0.ltrans.o
 .text.taskPeriodicMon
                0x00000000080056f0       0x3c /tmp/esense.elf.BU2ZdN.ltrans0.ltrans.o
 .text.i2cSafeResultToString
                0x000000000800572c       0x68 /tmp/esense.elf.BU2ZdN.ltrans0.ltrans.o
 .text.i2cSafeDataGoLow
                0x0000000008005794       0x28 /tmp/esense.elf.BU2ZdN.ltrans0.ltrans.o
 .text.i2cSafeDataGoHigh
                0x00000000080057bc       0x28 /tmp/esense.elf.BU2ZdN.ltrans0.ltrans.o
 .text.i2cSafeClockGoLow
                0x00000000080057e4       0x28 /tmp/esense.elf.BU2ZdN.ltrans0.ltrans.o
 .text.i2cSafeClockGoHigh
                0x000000000800580c       0x38 /tmp/esense.elf.BU2ZdN.ltrans0.ltrans.o
 .text.osalSysUnlock.lto_priv.0
                0x0000000008005844       0x68 /tmp/esense.elf.BU2ZdN.ltrans0.ltrans.o
 .text.i2cSafeRawHardwareControl
                0x00000000080058ac      0x214 /tmp/esense.elf.BU2ZdN.ltrans0.ltrans.o
 .text.sofNeededCallback
                0x0000000008005ac0       0x40 /tmp/esense.elf.BU2ZdN.ltrans0.ltrans.o
 .text.get_descriptor
                0x0000000008005b00       0xd0 /tmp/esense.elf.BU2ZdN.ltrans0.ltrans.o
 .text.osalSysUnlockFromISR.lto_priv.0
                0x0000000008005bd0        0xc /tmp/esense.elf.BU2ZdN.ltrans0.ltrans.o
 .text.osalSysLockFromISR.lto_priv.0
                0x0000000008005bdc       0x10 /tmp/esense.elf.BU2ZdN.ltrans0.ltrans.o
 .text.runInThreadBody
                0x0000000008005bec        0xc /tmp/esense.elf.BU2ZdN.ltrans0.ltrans.o
 .text.notify3  0x0000000008005bf8       0x10 /tmp/esense.elf.BU2ZdN.ltrans0.ltrans.o
 .text.systemEnableMCO
                0x0000000008005c08       0x18 /tmp/esense.elf.BU2ZdN.ltrans0.ltrans.o
 .text.converterSetGpio
                0x0000000008005c20      0x138 /tmp/esense.elf.BU2ZdN.ltrans0.ltrans.o
 .text.mac2870LockCallback
                0x0000000008005d58       0x10 /tmp/esense.elf.BU2ZdN.ltrans0.ltrans.o
 .text.NVIC_SystemReset.lto_priv.0
                0x0000000008005d68       0x24 /tmp/esense.elf.BU2ZdN.ltrans0.ltrans.o
 .text.shellCommandRegister
                0x0000000008005d8c       0x28 /tmp/esense.elf.BU2ZdN.ltrans0.ltrans.o
 .text.strToInt
                0x0000000008005db4       0x5e /tmp/esense.elf.BU2ZdN.ltrans0.ltrans.o
 .text._get.lto_priv.2
                0x0000000008005e12       0x1a /tmp/esense.elf.BU2ZdN.ltrans0.ltrans.o
 .text._put.lto_priv.2
                0x0000000008005e2c       0x1c /tmp/esense.elf.BU2ZdN.ltrans0.ltrans.o
 .text.chvprintf
                0x0000000008005e48      0x2cc /tmp/esense.elf.BU2ZdN.ltrans0.ltrans.o
 .text.usb_lld_init_endpoint
                0x0000000008006114       0xf8 /tmp/esense.elf.BU2ZdN.ltrans0.ltrans.o
 .text._usb_reset.constprop.0
                0x000000000800620c       0x6c /tmp/esense.elf.BU2ZdN.ltrans0.ltrans.o
 .text.usb_packet_write_from_buffer
                0x0000000008006278       0x3c /tmp/esense.elf.BU2ZdN.ltrans0.ltrans.o
 .text.Vector90
                0x00000000080062b4      0x260 /tmp/esense.elf.BU2ZdN.ltrans0.ltrans.o
 .text.osalOsRescheduleS.part.0
                0x0000000008006514       0x3c /tmp/esense.elf.BU2ZdN.ltrans0.ltrans.o
 .text.spi_lld_serve_tx_interrupt
                0x0000000008006550        0xe /tmp/esense.elf.BU2ZdN.ltrans0.ltrans.o
 .text.spi_lld_serve_rx_interrupt
                0x000000000800655e       0x78 /tmp/esense.elf.BU2ZdN.ltrans0.ltrans.o
 .text.i2c_lld_serve_tx_end_irq
                0x00000000080065d6       0x2e /tmp/esense.elf.BU2ZdN.ltrans0.ltrans.o
 .text.osalThreadResumeI.lto_priv.0
                0x0000000008006604       0x1e /tmp/esense.elf.BU2ZdN.ltrans0.ltrans.o
 .text.i2c_lld_serve_rx_end_irq
                0x0000000008006622       0x54 /tmp/esense.elf.BU2ZdN.ltrans0.ltrans.o
 *fill*         0x0000000008006676        0x2 
 .text.VectorC0
                0x0000000008006678       0xe4 /tmp/esense.elf.BU2ZdN.ltrans0.ltrans.o
 .text.VectorBC
                0x000000000800675c      0x150 /tmp/esense.elf.BU2ZdN.ltrans0.ltrans.o
 .text.dmaStreamRelease
                0x00000000080068ac       0x74 /tmp/esense.elf.BU2ZdN.ltrans0.ltrans.o
 .text.Vector84
                0x0000000008006920       0x48 /tmp/esense.elf.BU2ZdN.ltrans0.ltrans.o
 .text.Vector80
                0x0000000008006968       0x48 /tmp/esense.elf.BU2ZdN.ltrans0.ltrans.o
 .text.Vector7C
                0x00000000080069b0       0x48 /tmp/esense.elf.BU2ZdN.ltrans0.ltrans.o
 .text.Vector78
                0x00000000080069f8       0x48 /tmp/esense.elf.BU2ZdN.ltrans0.ltrans.o
 .text.Vector74
                0x0000000008006a40       0x48 /tmp/esense.elf.BU2ZdN.ltrans0.ltrans.o
 .text.Vector70
                0x0000000008006a88       0x48 /tmp/esense.elf.BU2ZdN.ltrans0.ltrans.o
 .text.Vector6C
                0x0000000008006ad0       0x44 /tmp/esense.elf.BU2ZdN.ltrans0.ltrans.o
 .text.usbStartTransmitI
                0x0000000008006b14       0x76 /tmp/esense.elf.BU2ZdN.ltrans0.ltrans.o
 *fill*         0x0000000008006b8a        0x2 
 .text._usb_ep0out
                0x0000000008006b8c       0x98 /tmp/esense.elf.BU2ZdN.ltrans0.ltrans.o
 .text.usbStartReceiveI
                0x0000000008006c24       0x78 /tmp/esense.elf.BU2ZdN.ltrans0.ltrans.o
 .text._usb_ep0in
                0x0000000008006c9c       0xc4 /tmp/esense.elf.BU2ZdN.ltrans0.ltrans.o
 .text._usb_ep0setup
                0x0000000008006d60      0x388 /tmp/esense.elf.BU2ZdN.ltrans0.ltrans.o
 .text.set_address
                0x00000000080070e8       0x28 /tmp/esense.elf.BU2ZdN.ltrans0.ltrans.o
 .text.spiReceive.part.0
                0x0000000008007110       0x4c /tmp/esense.elf.BU2ZdN.ltrans0.ltrans.o
 .text.sduInterruptTransmitted
                0x000000000800715c        0x2 /tmp/esense.elf.BU2ZdN.ltrans0.ltrans.o
 *fill*         0x000000000800715e        0x2 
 .text.sduRequestsHook
                0x0000000008007160       0x40 /tmp/esense.elf.BU2ZdN.ltrans0.ltrans.o
 .text.sdu_start_receive
                0x00000000080071a0       0x52 /tmp/esense.elf.BU2ZdN.ltrans0.ltrans.o
 .text.ibnotify
                0x00000000080071f2        0x6 /tmp/esense.elf.BU2ZdN.ltrans0.ltrans.o
 .text.sduDataReceived
                0x00000000080071f8       0x8a /tmp/esense.elf.BU2ZdN.ltrans0.ltrans.o
 *fill*         0x0000000008007282        0x2 
 .text.osalOsRescheduleS.lto_priv.1
                0x0000000008007284       0x30 /tmp/esense.elf.BU2ZdN.ltrans0.ltrans.o
 .text.i2cAcquireBus
                0x00000000080072b4       0x18 /tmp/esense.elf.BU2ZdN.ltrans0.ltrans.o
 .text.oqWriteTimeout
                0x00000000080072cc       0xa4 /tmp/esense.elf.BU2ZdN.ltrans0.ltrans.o
 .text._writet.lto_priv.0
                0x0000000008007370        0x6 /tmp/esense.elf.BU2ZdN.ltrans0.ltrans.o
 .text._write.lto_priv.0
                0x0000000008007376        0xa /tmp/esense.elf.BU2ZdN.ltrans0.ltrans.o
 .text.oqPutTimeout
                0x0000000008007380       0x4c /tmp/esense.elf.BU2ZdN.ltrans0.ltrans.o
 .text._putt.lto_priv.0
                0x00000000080073cc        0x6 /tmp/esense.elf.BU2ZdN.ltrans0.ltrans.o
 .text._put.lto_priv.0
                0x00000000080073d2        0xa /tmp/esense.elf.BU2ZdN.ltrans0.ltrans.o
 .text.iqReadTimeout
                0x00000000080073dc       0xa4 /tmp/esense.elf.BU2ZdN.ltrans0.ltrans.o
 .text._readt.lto_priv.0
                0x0000000008007480        0x6 /tmp/esense.elf.BU2ZdN.ltrans0.ltrans.o
 .text._read.lto_priv.0
                0x0000000008007486        0xa /tmp/esense.elf.BU2ZdN.ltrans0.ltrans.o
 .text.iqGetTimeout
                0x0000000008007490       0x48 /tmp/esense.elf.BU2ZdN.ltrans0.ltrans.o
 .text._gett.lto_priv.0
                0x00000000080074d8        0x6 /tmp/esense.elf.BU2ZdN.ltrans0.ltrans.o
 .text._get.lto_priv.0
                0x00000000080074de        0xa /tmp/esense.elf.BU2ZdN.ltrans0.ltrans.o
 .text.obqPostFullBufferS
                0x00000000080074e8       0x5e /tmp/esense.elf.BU2ZdN.ltrans0.ltrans.o
 .text.obqGetEmptyBufferTimeoutS
                0x0000000008007546       0x54 /tmp/esense.elf.BU2ZdN.ltrans0.ltrans.o
 .text.obqPutTimeout
                0x000000000800759a       0x42 /tmp/esense.elf.BU2ZdN.ltrans0.ltrans.o
 .text._putt.lto_priv.1
                0x00000000080075dc       0x26 /tmp/esense.elf.BU2ZdN.ltrans0.ltrans.o
 .text._put.lto_priv.1
                0x0000000008007602       0x26 /tmp/esense.elf.BU2ZdN.ltrans0.ltrans.o
 .text.obqGetFullBufferI
                0x0000000008007628       0x28 /tmp/esense.elf.BU2ZdN.ltrans0.ltrans.o
 .text.sof_handler
                0x0000000008007650       0xb0 /tmp/esense.elf.BU2ZdN.ltrans0.ltrans.o
 .text.obnotify
                0x0000000008007700       0x42 /tmp/esense.elf.BU2ZdN.ltrans0.ltrans.o
 .text.sduDataTransmitted
                0x0000000008007742       0xb2 /tmp/esense.elf.BU2ZdN.ltrans0.ltrans.o
 .text.ibqReleaseEmptyBufferS
                0x00000000080077f4       0x4c /tmp/esense.elf.BU2ZdN.ltrans0.ltrans.o
 .text.ibqGetFullBufferTimeoutS
                0x0000000008007840       0x54 /tmp/esense.elf.BU2ZdN.ltrans0.ltrans.o
 .text.ibqGetTimeout
                0x0000000008007894       0x38 /tmp/esense.elf.BU2ZdN.ltrans0.ltrans.o
 .text._gett.lto_priv.1
                0x00000000080078cc        0x6 /tmp/esense.elf.BU2ZdN.ltrans0.ltrans.o
 .text._get.lto_priv.1
                0x00000000080078d2        0xa /tmp/esense.elf.BU2ZdN.ltrans0.ltrans.o
 .text.xQueueGenericReset.constprop.0
                0x00000000080078dc       0x54 /tmp/esense.elf.BU2ZdN.ltrans0.ltrans.o
 .text.spiSend.part.0.constprop.0
                0x0000000008007930       0x54 /tmp/esense.elf.BU2ZdN.ltrans0.ltrans.o
 .text.spiSelect.constprop.0
                0x0000000008007984       0x2c /tmp/esense.elf.BU2ZdN.ltrans0.ltrans.o
 .text.spiUnselect.constprop.0
                0x00000000080079b0       0x2c /tmp/esense.elf.BU2ZdN.ltrans0.ltrans.o
 .text.max2870WriteRegister
                0x00000000080079dc       0x64 /tmp/esense.elf.BU2ZdN.ltrans0.ltrans.o
 .text.max2870Disable
                0x0000000008007a40       0x34 /tmp/esense.elf.BU2ZdN.ltrans0.ltrans.o
 .text.max2870SetMUXOut
                0x0000000008007a74       0x3c /tmp/esense.elf.BU2ZdN.ltrans0.ltrans.o
 .text.max2870WriteAllRegisters
                0x0000000008007ab0       0x40 /tmp/esense.elf.BU2ZdN.ltrans0.ltrans.o
 .text.max2870SpiState.constprop.0
                0x0000000008007af0       0xe8 /tmp/esense.elf.BU2ZdN.ltrans0.ltrans.o
 .text.i2cSafeRawUnclogBus
                0x0000000008007bd8      0x180 /tmp/esense.elf.BU2ZdN.ltrans0.ltrans.o
 .text.sanityRebootMonitorTask
                0x0000000008007d58       0x68 /tmp/esense.elf.BU2ZdN.ltrans0.ltrans.o
 .text.max2870ReadRegister6
                0x0000000008007dc0       0xc0 /tmp/esense.elf.BU2ZdN.ltrans0.ltrans.o
 .text.VectorDC
                0x0000000008007e80      0x1a0 /tmp/esense.elf.BU2ZdN.ltrans0.ltrans.o
 .text.xQueueGenericSend.constprop.0
                0x0000000008008020      0x214 /tmp/esense.elf.BU2ZdN.ltrans0.ltrans.o
 .text.xQueueCreateMutexStatic.constprop.0
                0x0000000008008234       0x38 /tmp/esense.elf.BU2ZdN.ltrans0.ltrans.o
 .text.max2870SpiState.part.0
                0x000000000800826c       0x2a /tmp/esense.elf.BU2ZdN.ltrans0.ltrans.o
 .text.i2cReleaseBus
                0x0000000008008296       0x14 /tmp/esense.elf.BU2ZdN.ltrans0.ltrans.o
 .text._reads   0x00000000080082aa       0x26 /tmp/esense.elf.BU2ZdN.ltrans0.ltrans.o
 .text._writes  0x00000000080082d0       0x24 /tmp/esense.elf.BU2ZdN.ltrans0.ltrans.o
 .text.obqWriteTimeout.part.0
                0x00000000080082f4       0xbc /tmp/esense.elf.BU2ZdN.ltrans0.ltrans.o
 .text._writet.lto_priv.1
                0x00000000080083b0       0x34 /tmp/esense.elf.BU2ZdN.ltrans0.ltrans.o
 .text._write.lto_priv.1
                0x00000000080083e4       0x32 /tmp/esense.elf.BU2ZdN.ltrans0.ltrans.o
 *fill*         0x0000000008008416        0x2 
 .text.ibqReadTimeout.part.0
                0x0000000008008418       0xbc /tmp/esense.elf.BU2ZdN.ltrans0.ltrans.o
 .text._read.lto_priv.1
                0x00000000080084d4       0x18 /tmp/esense.elf.BU2ZdN.ltrans0.ltrans.o
 .text._readt.lto_priv.1
                0x00000000080084ec       0x14 /tmp/esense.elf.BU2ZdN.ltrans0.ltrans.o
 .text.prvInitialiseNewTask.isra.0
                0x0000000008008500       0x9c /tmp/esense.elf.BU2ZdN.ltrans0.ltrans.o
 .text.xTaskCreate
                0x000000000800859c       0x5a /tmp/esense.elf.BU2ZdN.ltrans0.ltrans.o
 *fill*         0x00000000080085f6        0x2 
 .text.shellStart.constprop.0
                0x00000000080085f8       0x6c /tmp/esense.elf.BU2ZdN.ltrans0.ltrans.o
 .text.get_history
                0x0000000008008664       0xba /tmp/esense.elf.BU2ZdN.ltrans0.ltrans.o
 .text.usbInitEndpointI
                0x000000000800871e       0x5a /tmp/esense.elf.BU2ZdN.ltrans0.ltrans.o
 .text.cmdexec  0x0000000008008778       0x34 /tmp/esense.elf.BU2ZdN.ltrans0.ltrans.o
 .text.printfFixed
                0x00000000080087ac       0x48 /tmp/esense.elf.BU2ZdN.ltrans0.ltrans.o
 .text.chprintf
                0x00000000080087f4       0x1a /tmp/esense.elf.BU2ZdN.ltrans0.ltrans.o
 *fill*         0x000000000800880e        0x2 
 .text.prvIdleTask
                0x0000000008008810      0x2d4 /tmp/esense.elf.BU2ZdN.ltrans0.ltrans.o
 .text.cmdSanity
                0x0000000008008ae4       0x6c /tmp/esense.elf.BU2ZdN.ltrans0.ltrans.o
 .text.gpioCPUStatus
                0x0000000008008b50       0x74 /tmp/esense.elf.BU2ZdN.ltrans0.ltrans.o
 .text.gpioDummyStatus
                0x0000000008008bc4        0xc /tmp/esense.elf.BU2ZdN.ltrans0.ltrans.o
 .text.syslog   0x0000000008008bd0       0x74 /tmp/esense.elf.BU2ZdN.ltrans0.ltrans.o
 .text.i2cSafeMasterTransmitTimeoutWithRetry.part.0.constprop.0
                0x0000000008008c44      0x138 /tmp/esense.elf.BU2ZdN.ltrans0.ltrans.o
 .text.i2cSafeWriteRegBulkStandard.constprop.0
                0x0000000008008d7c       0x46 /tmp/esense.elf.BU2ZdN.ltrans0.ltrans.o
 .text.i2cSafeReadRegBulkStandard.constprop.0
                0x0000000008008dc2       0x46 /tmp/esense.elf.BU2ZdN.ltrans0.ltrans.o
 .text.MCP9804MeasureTemperature.part.0
                0x0000000008008e08       0x3c /tmp/esense.elf.BU2ZdN.ltrans0.ltrans.o
 .text.i2cSafeReadRegStandard
                0x0000000008008e44       0x1c /tmp/esense.elf.BU2ZdN.ltrans0.ltrans.o
 .text.gpioDummyGetValue
                0x0000000008008e60       0x14 /tmp/esense.elf.BU2ZdN.ltrans0.ltrans.o
 .text.gpioDummySetValue
                0x0000000008008e74       0x14 /tmp/esense.elf.BU2ZdN.ltrans0.ltrans.o
 .text.gpioDummyGetPinMode
                0x0000000008008e88       0x14 /tmp/esense.elf.BU2ZdN.ltrans0.ltrans.o
 .text.gpioDummySetPinMode
                0x0000000008008e9c       0x14 /tmp/esense.elf.BU2ZdN.ltrans0.ltrans.o
 .text.max2870TuneNoLock
                0x0000000008008eb0      0x428 /tmp/esense.elf.BU2ZdN.ltrans0.ltrans.o
 .text.max2870VcoPrecal
                0x00000000080092d8       0xcc /tmp/esense.elf.BU2ZdN.ltrans0.ltrans.o
 .text.max2870Tune
                0x00000000080093a4       0x1e /tmp/esense.elf.BU2ZdN.ltrans0.ltrans.o
 *fill*         0x00000000080093c2        0x2 
 .text.converterSHFLoTune
                0x00000000080093c4       0x38 /tmp/esense.elf.BU2ZdN.ltrans0.ltrans.o
 .text.max2870DoMonitorTask
                0x00000000080093fc       0x70 /tmp/esense.elf.BU2ZdN.ltrans0.ltrans.o
 .text.main_    0x000000000800946c      0x570 /tmp/esense.elf.BU2ZdN.ltrans0.ltrans.o
 .text.cmdConvert
                0x00000000080099dc      0x210 /tmp/esense.elf.BU2ZdN.ltrans0.ltrans.o
 .text.cmdGPIOUsage
                0x0000000008009bec       0x68 /tmp/esense.elf.BU2ZdN.ltrans0.ltrans.o
 .text.cmdGPIO  0x0000000008009c54      0x15c /tmp/esense.elf.BU2ZdN.ltrans0.ltrans.o
 .text.cmdTemp  0x0000000008009db0       0x24 /tmp/esense.elf.BU2ZdN.ltrans0.ltrans.o
 .text.cmdI2CUsage
                0x0000000008009dd4       0x50 /tmp/esense.elf.BU2ZdN.ltrans0.ltrans.o
 .text.cmdI2C   0x0000000008009e24      0x208 /tmp/esense.elf.BU2ZdN.ltrans0.ltrans.o
 .text.cmdSof   0x000000000800a02c       0x7c /tmp/esense.elf.BU2ZdN.ltrans0.ltrans.o
 .text.cmdMaxUsage
                0x000000000800a0a8       0x5c /tmp/esense.elf.BU2ZdN.ltrans0.ltrans.o
 .text.cmdThreadInfo
                0x000000000800a104      0x2f0 /tmp/esense.elf.BU2ZdN.ltrans0.ltrans.o
 .text.shellTerminationCallback
                0x000000000800a3f4       0x44 /tmp/esense.elf.BU2ZdN.ltrans0.ltrans.o
 .text.cmdLicense
                0x000000000800a438       0x14 /tmp/esense.elf.BU2ZdN.ltrans0.ltrans.o
 .text.cmdMco   0x000000000800a44c       0x38 /tmp/esense.elf.BU2ZdN.ltrans0.ltrans.o
 .text.cmdSyslog
                0x000000000800a484      0x130 /tmp/esense.elf.BU2ZdN.ltrans0.ltrans.o
 .text.cmdReboot
                0x000000000800a5b4       0xe0 /tmp/esense.elf.BU2ZdN.ltrans0.ltrans.o
 .text.max2870StatusPrint
                0x000000000800a694      0x220 /tmp/esense.elf.BU2ZdN.ltrans0.ltrans.o
 .text.cmdMax   0x000000000800a8b4      0x278 /tmp/esense.elf.BU2ZdN.ltrans0.ltrans.o
 .text.cmd_mem  0x000000000800ab2c       0x7c /tmp/esense.elf.BU2ZdN.ltrans0.ltrans.o
 .text.cmd_systime
                0x000000000800aba8       0x30 /tmp/esense.elf.BU2ZdN.ltrans0.ltrans.o
 .text.cmd_echo
                0x000000000800abd8       0x20 /tmp/esense.elf.BU2ZdN.ltrans0.ltrans.o
 .text.cmd_info
                0x000000000800abf8       0xcc /tmp/esense.elf.BU2ZdN.ltrans0.ltrans.o
 .text.cmd_exit
                0x000000000800acc4       0x34 /tmp/esense.elf.BU2ZdN.ltrans0.ltrans.o
 .text.syslogISRUnknownPriority
                0x000000000800acf8       0x5c /tmp/esense.elf.BU2ZdN.ltrans0.ltrans.o
 .text.usb_event
                0x000000000800ad54      0x118 /tmp/esense.elf.BU2ZdN.ltrans0.ltrans.o
 .text._unhandled_exception
                0x000000000800ae6c       0x48 /tmp/esense.elf.BU2ZdN.ltrans0.ltrans.o
 .text.parse_arguments
                0x000000000800aeb4       0x4c /tmp/esense.elf.BU2ZdN.ltrans0.ltrans.o
 .text.shellStartThread
                0x000000000800af00      0x3b8 /tmp/esense.elf.BU2ZdN.ltrans0.ltrans.o
 .text.vTaskSwitchContext
                0x000000000800b2b8       0x90 /tmp/esense.elf.BU2ZdN.ltrans0.ltrans.o
                0x000000000800b2b8                vTaskSwitchContext
 .text.mixLedTask
                0x000000000800b348      0x138 /tmp/esense.elf.BU2ZdN.ltrans0.ltrans.o
 .text.startup.main
                0x000000000800b480      0x34c /tmp/esense.elf.BU2ZdN.ltrans0.ltrans.o
                0x000000000800b480                main
 .text.__early_init
                0x000000000800b7cc       0x80 /tmp/esense.elf.BU2ZdN.ltrans0.ltrans.o
                0x000000000800b7cc                __early_init
 .text.__init_ram_areas
                0x000000000800b84c       0x4c /tmp/esense.elf.BU2ZdN.ltrans0.ltrans.o
                0x000000000800b84c                __init_ram_areas
 .text.__default_exit
                0x000000000800b898        0x2 /tmp/esense.elf.BU2ZdN.ltrans0.ltrans.o
                0x000000000800b898                __default_exit
 .text.__late_init
                0x000000000800b89a        0x2 /tmp/esense.elf.BU2ZdN.ltrans0.ltrans.o
                0x000000000800b89a                __late_init
 .text.__core_init
                0x000000000800b89c        0x2 /tmp/esense.elf.BU2ZdN.ltrans0.ltrans.o
                0x000000000800b89c                __core_init
 *(.glue_7t)
 .glue_7t       0x000000000800b89e        0x0 linker stubs
 *(.glue_7)
 .glue_7        0x000000000800b89e        0x0 linker stubs
 *(.gcc*)

.vfp11_veneer   0x000000000800b8a0        0x0
 .vfp11_veneer  0x000000000800b8a0        0x0 linker stubs

.v4_bx          0x000000000800b8a0        0x0
 .v4_bx         0x000000000800b8a0        0x0 linker stubs

.iplt           0x000000000800b8a0        0x0
 .iplt          0x000000000800b8a0        0x0 build/obj/crt0_v7m.o

.rodata         0x000000000800b8a0     0x1338
                0x000000000800b8a0                . = ALIGN (0x4)
                0x000000000800b8a0                __rodata_base__ = .
 *(.rodata)
 .rodata        0x000000000800b8a0        0x5 /tmp/esense.elf.BU2ZdN.ltrans0.ltrans.o
 *(.rodata.*)
 .rodata.i2cSafeResultToString.str1.1
                0x000000000800b8a5       0x75 /tmp/esense.elf.BU2ZdN.ltrans0.ltrans.o
 .rodata.chvprintf.str1.1
                0x000000000800b91a        0x7 /tmp/esense.elf.BU2ZdN.ltrans0.ltrans.o
 .rodata.printfFixed.str1.1
                0x000000000800b921        0x7 /tmp/esense.elf.BU2ZdN.ltrans0.ltrans.o
                                          0x2 (size before relaxing)
 .rodata.prvIdleTask.str1.1
                0x000000000800b921       0x18 /tmp/esense.elf.BU2ZdN.ltrans0.ltrans.o
 .rodata.cmdSanity.str1.1
                0x000000000800b939       0x45 /tmp/esense.elf.BU2ZdN.ltrans0.ltrans.o
 .rodata.gpioCPUStatus.str1.1
                0x000000000800b97e       0x29 /tmp/esense.elf.BU2ZdN.ltrans0.ltrans.o
                                         0x2e (size before relaxing)
 .rodata.gpioDummyStatus.str1.1
                0x000000000800b9a7       0x11 /tmp/esense.elf.BU2ZdN.ltrans0.ltrans.o
 .rodata.syslog.str1.1
                0x000000000800b9b8        0x9 /tmp/esense.elf.BU2ZdN.ltrans0.ltrans.o
 .rodata.i2cSafeMasterTransmitTimeoutWithRetry.part.0.constprop.0.str1.1
                0x000000000800b9c1       0x3b /tmp/esense.elf.BU2ZdN.ltrans0.ltrans.o
 .rodata.gpioDummyGetValue.str1.1
                0x000000000800b9fc       0x16 /tmp/esense.elf.BU2ZdN.ltrans0.ltrans.o
 .rodata.max2870TuneNoLock.str1.1
                0x000000000800ba12       0x17 /tmp/esense.elf.BU2ZdN.ltrans0.ltrans.o
 .rodata.max2870DoMonitorTask.str1.1
                0x000000000800ba29       0x1d /tmp/esense.elf.BU2ZdN.ltrans0.ltrans.o
 .rodata.main_.str1.1
                0x000000000800ba46      0x12b /tmp/esense.elf.BU2ZdN.ltrans0.ltrans.o
 .rodata.cmdConvert.str1.1
                0x000000000800bb71      0x178 /tmp/esense.elf.BU2ZdN.ltrans0.ltrans.o
                                        0x183 (size before relaxing)
 .rodata.cmdGPIOUsage.str1.1
                0x000000000800bce9       0xaf /tmp/esense.elf.BU2ZdN.ltrans0.ltrans.o
 .rodata.cmdGPIO.str1.1
                0x000000000800bd98       0x47 /tmp/esense.elf.BU2ZdN.ltrans0.ltrans.o
 .rodata.cmdTemp.str1.1
                0x000000000800bddf       0x15 /tmp/esense.elf.BU2ZdN.ltrans0.ltrans.o
 .rodata.cmdI2CUsage.str1.1
                0x000000000800bdf4       0x77 /tmp/esense.elf.BU2ZdN.ltrans0.ltrans.o
 .rodata.cmdI2C.str1.1
                0x000000000800be6b       0x8e /tmp/esense.elf.BU2ZdN.ltrans0.ltrans.o
                                         0x92 (size before relaxing)
 .rodata.cmdSof.str1.1
                0x000000000800bef9       0x20 /tmp/esense.elf.BU2ZdN.ltrans0.ltrans.o
                                         0x22 (size before relaxing)
 .rodata.cmdMaxUsage.str1.1
                0x000000000800bf19       0x8c /tmp/esense.elf.BU2ZdN.ltrans0.ltrans.o
 .rodata.cmdThreadInfo.str1.1
                0x000000000800bfa5       0xb9 /tmp/esense.elf.BU2ZdN.ltrans0.ltrans.o
                                         0xba (size before relaxing)
 .rodata.shellTerminationCallback.str1.1
                0x000000000800c05e       0x15 /tmp/esense.elf.BU2ZdN.ltrans0.ltrans.o
 .rodata.cmdMco.str1.1
                0x000000000800c073        0xe /tmp/esense.elf.BU2ZdN.ltrans0.ltrans.o
 .rodata.cmdSyslog.str1.1
                0x000000000800c081       0x19 /tmp/esense.elf.BU2ZdN.ltrans0.ltrans.o
 .rodata.cmdReboot.str1.1
                0x000000000800c09a       0x91 /tmp/esense.elf.BU2ZdN.ltrans0.ltrans.o
 .rodata.max2870StatusPrint.str1.1
                0x000000000800c12b      0x145 /tmp/esense.elf.BU2ZdN.ltrans0.ltrans.o
                                        0x150 (size before relaxing)
 .rodata.cmdMax.str1.1
                0x000000000800c270       0xf2 /tmp/esense.elf.BU2ZdN.ltrans0.ltrans.o
 .rodata.cmd_mem.str1.1
                0x000000000800c362       0x82 /tmp/esense.elf.BU2ZdN.ltrans0.ltrans.o
 .rodata.cmd_systime.str1.1
                0x000000000800c3e4        0xe /tmp/esense.elf.BU2ZdN.ltrans0.ltrans.o
 .rodata.cmd_echo.str1.1
                0x000000000800c3f2        0xf /tmp/esense.elf.BU2ZdN.ltrans0.ltrans.o
                                         0x14 (size before relaxing)
 .rodata.cmd_info.str1.1
                0x000000000800c401      0x100 /tmp/esense.elf.BU2ZdN.ltrans0.ltrans.o
 .rodata.cmd_exit.str1.1
                0x000000000800c501        0x5 /tmp/esense.elf.BU2ZdN.ltrans0.ltrans.o
 .rodata.usb_event.str1.1
                0x000000000800c506       0x28 /tmp/esense.elf.BU2ZdN.ltrans0.ltrans.o
 .rodata._unhandled_exception.str1.1
                0x000000000800c52e       0x15 /tmp/esense.elf.BU2ZdN.ltrans0.ltrans.o
 .rodata.parse_arguments.str1.1
                0x000000000800c543        0x3 /tmp/esense.elf.BU2ZdN.ltrans0.ltrans.o
 .rodata.shellStartThread.str1.1
                0x000000000800c546       0x70 /tmp/esense.elf.BU2ZdN.ltrans0.ltrans.o
 .rodata.main.str1.1
                0x000000000800c5b6        0x5 /tmp/esense.elf.BU2ZdN.ltrans0.ltrans.o
 .rodata.str1.1
                0x000000000800c5bb       0x9d /tmp/esense.elf.BU2ZdN.ltrans0.ltrans.o
 .rodata.CSWTCH.5
                0x000000000800c658       0x44 /tmp/esense.elf.BU2ZdN.ltrans0.ltrans.o
 .rodata.I2C1SafeConfig
                0x000000000800c69c       0x14 /tmp/esense.elf.BU2ZdN.ltrans0.ltrans.o
 .rodata._stm32_dma_streams
                0x000000000800c6b0       0x8c /tmp/esense.elf.BU2ZdN.ltrans0.ltrans.o
 .rodata.active_status
                0x000000000800c73c        0x2 /tmp/esense.elf.BU2ZdN.ltrans0.ltrans.o
 *fill*         0x000000000800c73e        0x2 
 .rodata.bandSpecificGpioSettings
                0x000000000800c740       0x18 /tmp/esense.elf.BU2ZdN.ltrans0.ltrans.o
 .rodata.cfgToMode.7570
                0x000000000800c758       0x10 /tmp/esense.elf.BU2ZdN.ltrans0.ltrans.o
 .rodata.cfgtab.6726
                0x000000000800c768       0x12 /tmp/esense.elf.BU2ZdN.ltrans0.ltrans.o
 *fill*         0x000000000800c77a        0x2 
 .rodata.converterBands
                0x000000000800c77c       0x8c /tmp/esense.elf.BU2ZdN.ltrans0.ltrans.o
 .rodata.dummytx
                0x000000000800c808        0x2 /tmp/esense.elf.BU2ZdN.ltrans0.ltrans.o
 *fill*         0x000000000800c80a        0x2 
 .rodata.ep0config
                0x000000000800c80c       0x24 /tmp/esense.elf.BU2ZdN.ltrans0.ltrans.o
 .rodata.ep1config
                0x000000000800c830       0x24 /tmp/esense.elf.BU2ZdN.ltrans0.ltrans.o
 .rodata.ep2config
                0x000000000800c854       0x24 /tmp/esense.elf.BU2ZdN.ltrans0.ltrans.o
 .rodata.gpioCPUFunctions
                0x000000000800c878       0x18 /tmp/esense.elf.BU2ZdN.ltrans0.ltrans.o
 .rodata.gpioDummyFunctions
                0x000000000800c890       0x18 /tmp/esense.elf.BU2ZdN.ltrans0.ltrans.o
 .rodata.gpioDummyPort
                0x000000000800c8a8        0xc /tmp/esense.elf.BU2ZdN.ltrans0.ltrans.o
 .rodata.halted_status
                0x000000000800c8b4        0x2 /tmp/esense.elf.BU2ZdN.ltrans0.ltrans.o
 *fill*         0x000000000800c8b6        0x2 
 .rodata.max2870Config
                0x000000000800c8b8       0x20 /tmp/esense.elf.BU2ZdN.ltrans0.ltrans.o
 .rodata.mcp9804Config
                0x000000000800c8d8        0x8 /tmp/esense.elf.BU2ZdN.ltrans0.ltrans.o
 .rodata.platformPinConfig
                0x000000000800c8e0       0x54 /tmp/esense.elf.BU2ZdN.ltrans0.ltrans.o
 .rodata.pllSPIConfig
                0x000000000800c934       0x10 /tmp/esense.elf.BU2ZdN.ltrans0.ltrans.o
 .rodata.ram_areas
                0x000000000800c944       0x80 /tmp/esense.elf.BU2ZdN.ltrans0.ltrans.o
 .rodata.serusbcfg
                0x000000000800c9c4        0xc /tmp/esense.elf.BU2ZdN.ltrans0.ltrans.o
 .rodata.shell_local_commands
                0x000000000800c9d0       0x48 /tmp/esense.elf.BU2ZdN.ltrans0.ltrans.o
 .rodata.syslogStream
                0x000000000800ca18        0x4 /tmp/esense.elf.BU2ZdN.ltrans0.ltrans.o
 .rodata.syslogVMT
                0x000000000800ca1c       0x10 /tmp/esense.elf.BU2ZdN.ltrans0.ltrans.o
 .rodata.usbcfg
                0x000000000800ca2c       0x10 /tmp/esense.elf.BU2ZdN.ltrans0.ltrans.o
 .rodata.vcom_configuration_descriptor
                0x000000000800ca3c        0x8 /tmp/esense.elf.BU2ZdN.ltrans0.ltrans.o
 .rodata.vcom_configuration_descriptor_data
                0x000000000800ca44       0x43 /tmp/esense.elf.BU2ZdN.ltrans0.ltrans.o
 *fill*         0x000000000800ca87        0x1 
 .rodata.vcom_device_descriptor
                0x000000000800ca88        0x8 /tmp/esense.elf.BU2ZdN.ltrans0.ltrans.o
 .rodata.vcom_device_descriptor_data
                0x000000000800ca90       0x12 /tmp/esense.elf.BU2ZdN.ltrans0.ltrans.o
 .rodata.vcom_string0
                0x000000000800caa2        0x4 /tmp/esense.elf.BU2ZdN.ltrans0.ltrans.o
 .rodata.vcom_string1
                0x000000000800caa6       0x42 /tmp/esense.elf.BU2ZdN.ltrans0.ltrans.o
 .rodata.vcom_string2
                0x000000000800cae8       0x50 /tmp/esense.elf.BU2ZdN.ltrans0.ltrans.o
 .rodata.vcom_strings
                0x000000000800cb38       0x20 /tmp/esense.elf.BU2ZdN.ltrans0.ltrans.o
 .rodata.vmt.lto_priv.0
                0x000000000800cb58       0x20 /tmp/esense.elf.BU2ZdN.ltrans0.ltrans.o
 .rodata.vmt.lto_priv.1
                0x000000000800cb78       0x20 /tmp/esense.elf.BU2ZdN.ltrans0.ltrans.o
 .rodata.vmt.lto_priv.2
                0x000000000800cb98       0x10 /tmp/esense.elf.BU2ZdN.ltrans0.ltrans.o
 .rodata.watchdogConfig
                0x000000000800cba8        0x8 /tmp/esense.elf.BU2ZdN.ltrans0.ltrans.o
 .rodata.zero_status
                0x000000000800cbb0        0x2 /tmp/esense.elf.BU2ZdN.ltrans0.ltrans.o
                0x000000000800cbb4                . = ALIGN (0x4)
 *fill*         0x000000000800cbb2        0x2 
                0x000000000800cbb4                __rodata_end__ = .
                0x000000000800cbb4                __buildid_base__ = .
 *(.note.gnu.build-id)
 .note.gnu.build-id
                0x000000000800cbb4       0x24 linker stubs
                0x000000000800cbd8                __buildid_end__ = .
                0x000000000800cbd8                . = ALIGN (0x4)

.ARM.extab
 *(.ARM.extab* .gnu.linkonce.armextab.*)

.ARM.exidx      0x000000000800cbd8        0x8
                0x000000000800cbd8                __exidx_start = .
 *(.ARM.exidx* .gnu.linkonce.armexidx.*)
 .ARM.exidx     0x000000000800cbd8        0x8 /usr/lib/gcc/arm-none-eabi/9.2.1/thumb/v7-m/nofp/libgcc.a(_udivmoddi4.o)
                0x000000000800cbe0                __exidx_end = .

.rel.dyn        0x000000000800cbe0        0x0
 .rel.iplt      0x000000000800cbe0        0x0 build/obj/crt0_v7m.o

.eh_frame_hdr
 *(.eh_frame_hdr)

.eh_frame
 *(.eh_frame)
                0x0000000020000000                __ram0_start__ = ORIGIN (ram0)
                0x0000000000005000                __ram0_size__ = LENGTH (ram0)
                0x0000000020005000                __ram0_end__ = (__ram0_start__ + __ram0_size__)
                0x0000000000000000                __ram1_start__ = ORIGIN (ram1)
                0x0000000000000000                __ram1_size__ = LENGTH (ram1)
                0x0000000000000000                __ram1_end__ = (__ram1_start__ + __ram1_size__)
                0x0000000000000000                __ram2_start__ = ORIGIN (ram2)
                0x0000000000000000                __ram2_size__ = LENGTH (ram2)
                0x0000000000000000                __ram2_end__ = (__ram2_start__ + __ram2_size__)
                0x0000000000000000                __ram3_start__ = ORIGIN (ram3)
                0x0000000000000000                __ram3_size__ = LENGTH (ram3)
                0x0000000000000000                __ram3_end__ = (__ram3_start__ + __ram3_size__)
                0x0000000000000000                __ram4_start__ = ORIGIN (ram4)
                0x0000000000000000                __ram4_size__ = LENGTH (ram4)
                0x0000000000000000                __ram4_end__ = (__ram4_start__ + __ram4_size__)
                0x0000000000000000                __ram5_start__ = ORIGIN (ram5)
                0x0000000000000000                __ram5_size__ = LENGTH (ram5)
                0x0000000000000000                __ram5_end__ = (__ram5_start__ + __ram5_size__)
                0x0000000000000000                __ram6_start__ = ORIGIN (ram6)
                0x0000000000000000                __ram6_size__ = LENGTH (ram6)
                0x0000000000000000                __ram6_end__ = (__ram6_start__ + __ram6_size__)
                0x0000000000000000                __ram7_start__ = ORIGIN (ram7)
                0x0000000000000000                __ram7_size__ = LENGTH (ram7)
                0x0000000000000000                __ram7_end__ = (__ram7_start__ + __ram7_size__)

.data           0x0000000020000800      0x128 load address 0x000000000800cbe0
                0x0000000020000800                . = ALIGN (0x4)
                [!provide]                        PROVIDE (_textdata = LOADADDR (.data))
                [!provide]                        PROVIDE (_data = .)
                0x000000000800cbe0                _textdata_start = LOADADDR (.data)
                0x0000000020000800                _data_start = .
 *(.data)
 *(.data.*)
 .data.allowDisableSOF
                0x0000000020000800        0x1 /tmp/esense.elf.BU2ZdN.ltrans0.ltrans.o
 *fill*         0x0000000020000801        0x3 
 .data.converterBypassFunctions
                0x0000000020000804        0x8 /tmp/esense.elf.BU2ZdN.ltrans0.ltrans.o
 .data.converterSHFBandConfig
                0x000000002000080c       0x30 /tmp/esense.elf.BU2ZdN.ltrans0.ltrans.o
 .data.converterSHFFunctions
                0x000000002000083c        0x8 /tmp/esense.elf.BU2ZdN.ltrans0.ltrans.o
 .data.converterSWFunctions
                0x0000000020000844        0x8 /tmp/esense.elf.BU2ZdN.ltrans0.ltrans.o
 .data.incr0bxlr
                0x000000002000084c        0x4 /tmp/esense.elf.BU2ZdN.ltrans0.ltrans.o
 .data.linecoding
                0x0000000020000850        0x7 /tmp/esense.elf.BU2ZdN.ltrans0.ltrans.o
 *fill*         0x0000000020000857        0x1 
 .data.sanityRebootSeconds
                0x0000000020000858        0x4 /tmp/esense.elf.BU2ZdN.ltrans0.ltrans.o
 .data.shellCommands
                0x000000002000085c       0xb4 /tmp/esense.elf.BU2ZdN.ltrans0.ltrans.o
 .data.shellCommandsIndex
                0x0000000020000910        0x1 /tmp/esense.elf.BU2ZdN.ltrans0.ltrans.o
 .data.sofEnabled.7574
                0x0000000020000911        0x1 /tmp/esense.elf.BU2ZdN.ltrans0.ltrans.o
 *fill*         0x0000000020000912        0x2 
 .data.startupTuneRequest
                0x0000000020000914       0x14 /tmp/esense.elf.BU2ZdN.ltrans0.ltrans.o
 *(.ramtext)
                0x0000000020000928                . = ALIGN (0x4)
                [!provide]                        PROVIDE (_edata = .)
                0x0000000020000928                _data_end = .

.igot.plt       0x0000000020000928        0x0 load address 0x000000000800cd08
 .igot.plt      0x0000000020000928        0x0 build/obj/crt0_v7m.o

.bss            0x0000000020000928      0xd28 load address 0x000000000800cd08
                0x0000000020000928                . = ALIGN (0x4)
                0x0000000020000928                _bss_start = .
 *(.bss)
 *(.bss.*)
 .bss.GPIODriverData
                0x0000000020000928        0xc /tmp/esense.elf.BU2ZdN.ltrans0.ltrans.o
 .bss.I2CD1     0x0000000020000934       0x88 /tmp/esense.elf.BU2ZdN.ltrans0.ltrans.o
 .bss.SD3       0x00000000200009bc       0x88 /tmp/esense.elf.BU2ZdN.ltrans0.ltrans.o
 .bss.SDU1      0x0000000020000a44      0x49c /tmp/esense.elf.BU2ZdN.ltrans0.ltrans.o
 .bss.SPID1     0x0000000020000ee0       0x74 /tmp/esense.elf.BU2ZdN.ltrans0.ltrans.o
 .bss.USBD1     0x0000000020000f54       0x88 /tmp/esense.elf.BU2ZdN.ltrans0.ltrans.o
 .bss.WDGD1     0x0000000020000fdc        0xc /tmp/esense.elf.BU2ZdN.ltrans0.ltrans.o
 .bss._stm32_dma_isr_redir
                0x0000000020000fe8       0x38 /tmp/esense.elf.BU2ZdN.ltrans0.ltrans.o
 .bss.converter
                0x0000000020001020       0x24 /tmp/esense.elf.BU2ZdN.ltrans0.ltrans.o
 .bss.dma_streams_mask
                0x0000000020001044        0x4 /tmp/esense.elf.BU2ZdN.ltrans0.ltrans.o
 .bss.dummyrx   0x0000000020001048        0x2 /tmp/esense.elf.BU2ZdN.ltrans0.ltrans.o
 *fill*         0x000000002000104a        0x2 
 .bss.ep0_state
                0x000000002000104c       0x10 /tmp/esense.elf.BU2ZdN.ltrans0.ltrans.o
 .bss.ep0setup_buffer
                0x000000002000105c        0x8 /tmp/esense.elf.BU2ZdN.ltrans0.ltrans.o
 .bss.ep1instate
                0x0000000020001064       0x10 /tmp/esense.elf.BU2ZdN.ltrans0.ltrans.o
 .bss.ep1outstate
                0x0000000020001074       0x10 /tmp/esense.elf.BU2ZdN.ltrans0.ltrans.o
 .bss.ep2instate
                0x0000000020001084       0x10 /tmp/esense.elf.BU2ZdN.ltrans0.ltrans.o
 *fill*         0x0000000020001094        0x4 
 .bss.loPLL     0x0000000020001098      0x100 /tmp/esense.elf.BU2ZdN.ltrans0.ltrans.o
 .bss.mixLedDelay
                0x0000000020001198        0x4 /tmp/esense.elf.BU2ZdN.ltrans0.ltrans.o
 .bss.mixLedTaskHandle
                0x000000002000119c        0x4 /tmp/esense.elf.BU2ZdN.ltrans0.ltrans.o
 .bss.monThreadFirst
                0x00000000200011a0        0x4 /tmp/esense.elf.BU2ZdN.ltrans0.ltrans.o
 .bss.monThreadHandle
                0x00000000200011a4        0x4 /tmp/esense.elf.BU2ZdN.ltrans0.ltrans.o
 .bss.pxCurrentTCB
                0x00000000200011a8        0x4 /tmp/esense.elf.BU2ZdN.ltrans0.ltrans.o
 .bss.pxDelayedTaskList
                0x00000000200011ac        0x4 /tmp/esense.elf.BU2ZdN.ltrans0.ltrans.o
 .bss.pxEnd     0x00000000200011b0        0x4 /tmp/esense.elf.BU2ZdN.ltrans0.ltrans.o
 .bss.pxOverflowDelayedTaskList
                0x00000000200011b4        0x4 /tmp/esense.elf.BU2ZdN.ltrans0.ltrans.o
 .bss.pxReadyTasksLists
                0x00000000200011b8       0x64 /tmp/esense.elf.BU2ZdN.ltrans0.ltrans.o
 .bss.sanityReboot
                0x000000002000121c       0x14 /tmp/esense.elf.BU2ZdN.ltrans0.ltrans.o
 .bss.sanitySettingsLocked
                0x0000000020001230        0x1 /tmp/esense.elf.BU2ZdN.ltrans0.ltrans.o
 .bss.serialString
                0x0000000020001231       0x84 /tmp/esense.elf.BU2ZdN.ltrans0.ltrans.o
 *fill*         0x00000000200012b5        0x3 
 .bss.shell_terminated
                0x00000000200012b8       0x10 /tmp/esense.elf.BU2ZdN.ltrans0.ltrans.o
 .bss.sofCounter
                0x00000000200012c8        0x4 /tmp/esense.elf.BU2ZdN.ltrans0.ltrans.o
 .bss.syslogISRBuffer
                0x00000000200012cc       0x40 /tmp/esense.elf.BU2ZdN.ltrans0.ltrans.o
 .bss.syslogISRHasSomething
                0x000000002000130c        0x1 /tmp/esense.elf.BU2ZdN.ltrans0.ltrans.o
 *fill*         0x000000002000130d        0x3 
 .bss.syslogQueue
                0x0000000020001310       0x24 /tmp/esense.elf.BU2ZdN.ltrans0.ltrans.o
 .bss.syslogSemaphore
                0x0000000020001334        0x4 /tmp/esense.elf.BU2ZdN.ltrans0.ltrans.o
 .bss.tcxoTempSensor
                0x0000000020001338        0x8 /tmp/esense.elf.BU2ZdN.ltrans0.ltrans.o
 .bss.ucMaxSysCallPriority
                0x0000000020001340        0x1 /tmp/esense.elf.BU2ZdN.ltrans0.ltrans.o
 *fill*         0x0000000020001341        0x3 
 .bss.ulMaxPRIGROUPValue
                0x0000000020001344        0x4 /tmp/esense.elf.BU2ZdN.ltrans0.ltrans.o
 .bss.ulStoppedTimerCompensation
                0x0000000020001348        0x4 /tmp/esense.elf.BU2ZdN.ltrans0.ltrans.o
 .bss.ulSyspri2Value
                0x000000002000134c        0x4 /tmp/esense.elf.BU2ZdN.ltrans0.ltrans.o
 .bss.ulTimerCountsForOneTick
                0x0000000020001350        0x4 /tmp/esense.elf.BU2ZdN.ltrans0.ltrans.o
 .bss.usbConnectState
                0x0000000020001354        0x1 /tmp/esense.elf.BU2ZdN.ltrans0.ltrans.o
 .bss.usbShellIsUp
                0x0000000020001355        0x1 /tmp/esense.elf.BU2ZdN.ltrans0.ltrans.o
 *fill*         0x0000000020001356        0x2 
 .bss.uxCriticalNesting
                0x0000000020001358        0x4 /tmp/esense.elf.BU2ZdN.ltrans0.ltrans.o
 .bss.uxCurrentNumberOfTasks
                0x000000002000135c        0x4 /tmp/esense.elf.BU2ZdN.ltrans0.ltrans.o
 .bss.uxDeletedTasksWaitingCleanUp
                0x0000000020001360        0x4 /tmp/esense.elf.BU2ZdN.ltrans0.ltrans.o
 .bss.uxPendedTicks
                0x0000000020001364        0x4 /tmp/esense.elf.BU2ZdN.ltrans0.ltrans.o
 .bss.uxSavedInterruptStatus
                0x0000000020001368        0x4 /tmp/esense.elf.BU2ZdN.ltrans0.ltrans.o
 .bss.uxSchedulerSuspended
                0x000000002000136c        0x4 /tmp/esense.elf.BU2ZdN.ltrans0.ltrans.o
 .bss.uxTaskNumber
                0x0000000020001370        0x4 /tmp/esense.elf.BU2ZdN.ltrans0.ltrans.o
 .bss.uxTopReadyPriority
                0x0000000020001374        0x4 /tmp/esense.elf.BU2ZdN.ltrans0.ltrans.o
 .bss.xBlockAllocatedBit
                0x0000000020001378        0x4 /tmp/esense.elf.BU2ZdN.ltrans0.ltrans.o
 .bss.xDelayedTaskList1
                0x000000002000137c       0x14 /tmp/esense.elf.BU2ZdN.ltrans0.ltrans.o
 .bss.xDelayedTaskList2
                0x0000000020001390       0x14 /tmp/esense.elf.BU2ZdN.ltrans0.ltrans.o
 .bss.xFreeBytesRemaining
                0x00000000200013a4        0x4 /tmp/esense.elf.BU2ZdN.ltrans0.ltrans.o
 .bss.xIdleStack
                0x00000000200013a8      0x1e0 /tmp/esense.elf.BU2ZdN.ltrans0.ltrans.o
 .bss.xIdleTaskTCBBuffer
                0x0000000020001588       0x68 /tmp/esense.elf.BU2ZdN.ltrans0.ltrans.o
 .bss.xMaximumPossibleSuppressedTicks
                0x00000000200015f0        0x4 /tmp/esense.elf.BU2ZdN.ltrans0.ltrans.o
 .bss.xMinimumEverFreeBytesRemaining
                0x00000000200015f4        0x4 /tmp/esense.elf.BU2ZdN.ltrans0.ltrans.o
 .bss.xNextTaskUnblockTime
                0x00000000200015f8        0x4 /tmp/esense.elf.BU2ZdN.ltrans0.ltrans.o
 .bss.xNumOfOverflows
                0x00000000200015fc        0x4 /tmp/esense.elf.BU2ZdN.ltrans0.ltrans.o
 .bss.xPendingReadyList
                0x0000000020001600       0x14 /tmp/esense.elf.BU2ZdN.ltrans0.ltrans.o
 .bss.xSchedulerRunning
                0x0000000020001614        0x4 /tmp/esense.elf.BU2ZdN.ltrans0.ltrans.o
 .bss.xStart    0x0000000020001618        0x8 /tmp/esense.elf.BU2ZdN.ltrans0.ltrans.o
 .bss.xSuspendedTaskList
                0x0000000020001620       0x14 /tmp/esense.elf.BU2ZdN.ltrans0.ltrans.o
 .bss.xTasksWaitingTermination
                0x0000000020001634       0x14 /tmp/esense.elf.BU2ZdN.ltrans0.ltrans.o
 .bss.xTickCount
                0x0000000020001648        0x4 /tmp/esense.elf.BU2ZdN.ltrans0.ltrans.o
 .bss.xYieldPending
                0x000000002000164c        0x4 /tmp/esense.elf.BU2ZdN.ltrans0.ltrans.o
 *(COMMON)
                0x0000000020001650                . = ALIGN (0x4)
                0x0000000020001650                _bss_end = .
                [!provide]                        PROVIDE (end = .)

.ram0_init      0x0000000020001650        0x0 load address 0x000000000800cd08
                0x0000000020001650                . = ALIGN (0x4)
                0x000000000800cd08                __ram0_init_text__ = LOADADDR (.ram0_init)
                0x0000000020001650                __ram0_init__ = .
 *(.ram0_init)
 *(.ram0_init.*)
                0x0000000020001650                . = ALIGN (0x4)

.ram0           0x0000000020001650        0x0 load address 0x000000000800cd08
                0x0000000020001650                . = ALIGN (0x4)
                0x0000000020001650                __ram0_clear__ = .
 *(.ram0_clear)
 *(.ram0_clear.*)
                0x0000000020001650                . = ALIGN (0x4)
                0x0000000020001650                __ram0_noinit__ = .
 *(.ram0)
 *(.ram0.*)
                0x0000000020001650                . = ALIGN (0x4)
                0x0000000020001650                __ram0_free__ = .

.ram1_init      0x0000000000000000        0x0 load address 0x000000000800cd08
                0x0000000000000000                . = ALIGN (0x4)
                0x000000000800cd08                __ram1_init_text__ = LOADADDR (.ram1_init)
                0x0000000000000000                __ram1_init__ = .
 *(.ram1_init)
 *(.ram1_init.*)
                0x0000000000000000                . = ALIGN (0x4)

.ram1           0x0000000000000000        0x0 load address 0x000000000800cd08
                0x0000000000000000                . = ALIGN (0x4)
                0x0000000000000000                __ram1_clear__ = .
 *(.ram1_clear)
 *(.ram1_clear.*)
                0x0000000000000000                . = ALIGN (0x4)
                0x0000000000000000                __ram1_noinit__ = .
 *(.ram1)
 *(.ram1.*)
                0x0000000000000000                . = ALIGN (0x4)
                0x0000000000000000                __ram1_free__ = .

.ram2_init      0x0000000000000000        0x0 load address 0x000000000800cd08
                0x0000000000000000                . = ALIGN (0x4)
                0x000000000800cd08                __ram2_init_text__ = LOADADDR (.ram2_init)
                0x0000000000000000                __ram2_init__ = .
 *(.ram2_init)
 *(.ram2_init.*)
                0x0000000000000000                . = ALIGN (0x4)

.ram2           0x0000000000000000        0x0 load address 0x000000000800cd08
                0x0000000000000000                . = ALIGN (0x4)
                0x0000000000000000                __ram2_clear__ = .
 *(.ram2_clear)
 *(.ram2_clear.*)
                0x0000000000000000                . = ALIGN (0x4)
                0x0000000000000000                __ram2_noinit__ = .
 *(.ram2)
 *(.ram2.*)
                0x0000000000000000                . = ALIGN (0x4)
                0x0000000000000000                __ram2_free__ = .

.ram3_init      0x0000000000000000        0x0 load address 0x000000000800cd08
                0x0000000000000000                . = ALIGN (0x4)
                0x000000000800cd08                __ram3_init_text__ = LOADADDR (.ram3_init)
                0x0000000000000000                __ram3_init__ = .
 *(.ram3_init)
 *(.ram3_init.*)
                0x0000000000000000                . = ALIGN (0x4)

.ram3           0x0000000000000000        0x0 load address 0x000000000800cd08
                0x0000000000000000                . = ALIGN (0x4)
                0x0000000000000000                __ram3_clear__ = .
 *(.ram3_clear)
 *(.ram3_clear.*)
                0x0000000000000000                . = ALIGN (0x4)
                0x0000000000000000                __ram3_noinit__ = .
 *(.ram3)
 *(.ram3.*)
                0x0000000000000000                . = ALIGN (0x4)
                0x0000000000000000                __ram3_free__ = .

.ram4_init      0x0000000000000000        0x0 load address 0x000000000800cd08
                0x0000000000000000                . = ALIGN (0x4)
                0x000000000800cd08                __ram4_init_text__ = LOADADDR (.ram4_init)
                0x0000000000000000                __ram4_init__ = .
 *(.ram4_init)
 *(.ram4_init.*)
                0x0000000000000000                . = ALIGN (0x4)

.ram4           0x0000000000000000        0x0 load address 0x000000000800cd08
                0x0000000000000000                . = ALIGN (0x4)
                0x0000000000000000                __ram4_clear__ = .
 *(.ram4_clear)
 *(.ram4_clear.*)
                0x0000000000000000                . = ALIGN (0x4)
                0x0000000000000000                __ram4_noinit__ = .
 *(.ram4)
 *(.ram4.*)
                0x0000000000000000                . = ALIGN (0x4)
                0x0000000000000000                __ram4_free__ = .

.ram5_init      0x0000000000000000        0x0 load address 0x000000000800cd08
                0x0000000000000000                . = ALIGN (0x4)
                0x000000000800cd08                __ram5_init_text__ = LOADADDR (.ram5_init)
                0x0000000000000000                __ram5_init__ = .
 *(.ram5_init)
 *(.ram5_init.*)
                0x0000000000000000                . = ALIGN (0x4)

.ram5           0x0000000000000000        0x0 load address 0x000000000800cd08
                0x0000000000000000                . = ALIGN (0x4)
                0x0000000000000000                __ram5_clear__ = .
 *(.ram5_clear)
 *(.ram5_clear.*)
                0x0000000000000000                . = ALIGN (0x4)
                0x0000000000000000                __ram5_noinit__ = .
 *(.ram5)
 *(.ram5.*)
                0x0000000000000000                . = ALIGN (0x4)
                0x0000000000000000                __ram5_free__ = .

.ram6_init      0x0000000000000000        0x0 load address 0x000000000800cd08
                0x0000000000000000                . = ALIGN (0x4)
                0x000000000800cd08                __ram6_init_text__ = LOADADDR (.ram6_init)
                0x0000000000000000                __ram6_init__ = .
 *(.ram6_init)
 *(.ram6_init.*)
                0x0000000000000000                . = ALIGN (0x4)

.ram6           0x0000000000000000        0x0 load address 0x000000000800cd08
                0x0000000000000000                . = ALIGN (0x4)
                0x0000000000000000                __ram6_clear__ = .
 *(.ram6_clear)
 *(.ram6_clear.*)
                0x0000000000000000                . = ALIGN (0x4)
                0x0000000000000000                __ram6_noinit__ = .
 *(.ram6)
 *(.ram6.*)
                0x0000000000000000                . = ALIGN (0x4)
                0x0000000000000000                __ram6_free__ = .

.ram7_init      0x0000000000000000        0x0 load address 0x000000000800cd08
                0x0000000000000000                . = ALIGN (0x4)
                0x000000000800cd08                __ram7_init_text__ = LOADADDR (.ram7_init)
                0x0000000000000000                __ram7_init__ = .
 *(.ram7_init)
 *(.ram7_init.*)
                0x0000000000000000                . = ALIGN (0x4)

.ram7           0x0000000000000000        0x0 load address 0x000000000800cd08
                0x0000000000000000                . = ALIGN (0x4)
                0x0000000000000000                __ram7_clear__ = .
 *(.ram7_clear)
 *(.ram7_clear.*)
                0x0000000000000000                . = ALIGN (0x4)
                0x0000000000000000                __ram7_noinit__ = .
 *(.ram7)
 *(.ram7.*)
                0x0000000000000000                . = ALIGN (0x4)
                0x0000000000000000                __ram7_free__ = .

.heap           0x0000000020001650     0x39b0
                0x0000000020001650                . = ALIGN (0x8)
                0x0000000020001650                __heap_base__ = .
                0x0000000020005000                . = (ORIGIN (HEAP_RAM) + LENGTH (HEAP_RAM))
 *fill*         0x0000000020001650     0x39b0 
                0x0000000020005000                __heap_end__ = .
                0x0000000000000400                __process_stack_size__ = 0x400
                0x0000000000000400                __main_stack_size__ = 0x400
LOAD ../FreeRTOS//libFreeRTOS.a
LOAD ../StaticData//libStaticData.a
START GROUP
LOAD /usr/lib/gcc/arm-none-eabi/9.2.1/thumb/v7-m/nofp/libgcc.a
LOAD /usr/lib/gcc/arm-none-eabi/9.2.1/../../../arm-none-eabi/lib/thumb/v7-m/nofp/libg.a
LOAD /usr/lib/gcc/arm-none-eabi/9.2.1/../../../arm-none-eabi/lib/thumb/v7-m/nofp/libc.a
END GROUP
OUTPUT(build/esense.elf elf32-littlearm)
LOAD linker stubs

.ARM.attributes
                0x0000000000000000       0x2f
 .ARM.attributes
                0x0000000000000000       0x21 build/obj/crt0_v7m.o
 .ARM.attributes
                0x0000000000000021       0x2b /tmp/esense.elf.BU2ZdN.ltrans0.ltrans.o
 .ARM.attributes
                0x000000000000004c       0x1d /usr/lib/gcc/arm-none-eabi/9.2.1/thumb/v7-m/nofp/libgcc.a(_aeabi_uldivmod.o)
 .ARM.attributes
                0x0000000000000069       0x2d /usr/lib/gcc/arm-none-eabi/9.2.1/thumb/v7-m/nofp/libgcc.a(_udivmoddi4.o)
 .ARM.attributes
                0x0000000000000096       0x1d /usr/lib/gcc/arm-none-eabi/9.2.1/thumb/v7-m/nofp/libgcc.a(_dvmd_tls.o)
 .ARM.attributes
                0x00000000000000b3       0x1b /usr/lib/gcc/arm-none-eabi/9.2.1/../../../arm-none-eabi/lib/thumb/v7-m/nofp/libg.a(lib_a-memcpy.o)
 .ARM.attributes
                0x00000000000000ce       0x2d /usr/lib/gcc/arm-none-eabi/9.2.1/../../../arm-none-eabi/lib/thumb/v7-m/nofp/libg.a(lib_a-memset.o)
 .ARM.attributes
                0x00000000000000fb       0x2d /usr/lib/gcc/arm-none-eabi/9.2.1/../../../arm-none-eabi/lib/thumb/v7-m/nofp/libg.a(lib_a-strchr.o)
 .ARM.attributes
                0x0000000000000128       0x1b /usr/lib/gcc/arm-none-eabi/9.2.1/../../../arm-none-eabi/lib/thumb/v7-m/nofp/libg.a(lib_a-strcmp.o)
 .ARM.attributes
                0x0000000000000143       0x2d /usr/lib/gcc/arm-none-eabi/9.2.1/../../../arm-none-eabi/lib/thumb/v7-m/nofp/libg.a(lib_a-strlen-stub.o)
 .ARM.attributes
                0x0000000000000170       0x2d /usr/lib/gcc/arm-none-eabi/9.2.1/../../../arm-none-eabi/lib/thumb/v7-m/nofp/libg.a(lib_a-strpbrk.o)
 .ARM.attributes
                0x000000000000019d       0x2d /usr/lib/gcc/arm-none-eabi/9.2.1/../../../arm-none-eabi/lib/thumb/v7-m/nofp/libg.a(lib_a-strspn.o)

.comment        0x0000000000000000       0xa7
 .comment       0x0000000000000000       0x59 /tmp/esense.elf.BU2ZdN.ltrans0.ltrans.o
                                         0x5a (size before relaxing)
 .comment       0x0000000000000059       0x5a /usr/lib/gcc/arm-none-eabi/9.2.1/thumb/v7-m/nofp/libgcc.a(_udivmoddi4.o)
 .comment       0x0000000000000059       0x4e /usr/lib/gcc/arm-none-eabi/9.2.1/../../../arm-none-eabi/lib/thumb/v7-m/nofp/libg.a(lib_a-memset.o)
                                         0x4f (size before relaxing)
 .comment       0x00000000000000a7       0x4f /usr/lib/gcc/arm-none-eabi/9.2.1/../../../arm-none-eabi/lib/thumb/v7-m/nofp/libg.a(lib_a-strchr.o)
 .comment       0x00000000000000a7       0x4f /usr/lib/gcc/arm-none-eabi/9.2.1/../../../arm-none-eabi/lib/thumb/v7-m/nofp/libg.a(lib_a-strlen-stub.o)
 .comment       0x00000000000000a7       0x4f /usr/lib/gcc/arm-none-eabi/9.2.1/../../../arm-none-eabi/lib/thumb/v7-m/nofp/libg.a(lib_a-strpbrk.o)
 .comment       0x00000000000000a7       0x4f /usr/lib/gcc/arm-none-eabi/9.2.1/../../../arm-none-eabi/lib/thumb/v7-m/nofp/libg.a(lib_a-strspn.o)

.debug_info     0x0000000000000000    0x81932
 .debug_info    0x0000000000000000     0xf2fd /tmp/esense.elf.BU2ZdN.ltrans0.ltrans.o
 .debug_info    0x000000000000f2fd      0x339 /tmp/ccFLvUYM.debug.temp.o
                0x000000000000f2fd                crt1.c.2f7ac446
 .debug_info    0x000000000000f636      0x233 /tmp/cc5FIG2O.debug.temp.o
                0x000000000000f636                vectors.c.640c6263
 .debug_info    0x000000000000f869     0x1558 /tmp/ccFeeubN.debug.temp.o
                0x000000000000f869                hal.c.29109180
 .debug_info    0x0000000000010dc1     0x24d7 /tmp/ccr7H3cL.debug.temp.o
                0x0000000000010dc1                hal_buffers.c.6c357e00
 .debug_info    0x0000000000013298     0x18d7 /tmp/ccDUEk4K.debug.temp.o
                0x0000000000013298                hal_queues.c.a9d50aee
 .debug_info    0x0000000000014b6f     0x1883 /tmp/ccqZfYNL.debug.temp.o
                0x0000000000014b6f                hal_i2c.c.e052e916
 .debug_info    0x00000000000163f2     0x1674 /tmp/ccukis4O.debug.temp.o
                0x00000000000163f2                hal_pal.c.b995ff2b
 .debug_info    0x0000000000017a66     0x1957 /tmp/ccPJ6HQL.debug.temp.o
                0x0000000000017a66                hal_serial.c.dbd10822
 .debug_info    0x00000000000193bd     0x1d56 /tmp/ccEGoxaN.debug.temp.o
                0x00000000000193bd                hal_serial_usb.c.44cc3689
 .debug_info    0x000000000001b113     0x19d9 /tmp/ccUm75TK.debug.temp.o
                0x000000000001b113                hal_spi.c.4e3687d3
 .debug_info    0x000000000001caec     0x2273 /tmp/cceJXzXM.debug.temp.o
                0x000000000001caec                hal_usb.c.79f78bfa
 .debug_info    0x000000000001ed5f     0x1656 /tmp/ccZlMydN.debug.temp.o
                0x000000000001ed5f                hal_wdg.c.2769a57f
 .debug_info    0x00000000000203b5     0x18c9 /tmp/ccfDr2ZM.debug.temp.o
                0x00000000000203b5                nvic.c.408178f2
 .debug_info    0x0000000000021c7e     0x16d0 /tmp/ccF5xYYO.debug.temp.o
                0x0000000000021c7e                hal_lld.c.c277fac7
 .debug_info    0x000000000002334e     0x17e5 /tmp/ccHfOqCL.debug.temp.o
                0x000000000002334e                stm32_dma.c.3286426c
 .debug_info    0x0000000000024b33     0x16b7 /tmp/cc5AGFRM.debug.temp.o
                0x0000000000024b33                hal_pal_lld.c.f475f560
 .debug_info    0x00000000000261ea     0x1bcc /tmp/ccrLVN1L.debug.temp.o
                0x00000000000261ea                hal_i2c_lld.c.14546255
 .debug_info    0x0000000000027db6     0x1874 /tmp/ccwRJDlN.debug.temp.o
                0x0000000000027db6                hal_spi_lld.c.7e941fcb
 .debug_info    0x000000000002962a     0x17b4 /tmp/cctq3qZM.debug.temp.o
                0x000000000002962a                hal_serial_lld.c.6718f8fe
 .debug_info    0x000000000002adde     0x2468 /tmp/ccHoo9cN.debug.temp.o
                0x000000000002adde                hal_usb_lld.c.56588388
 .debug_info    0x000000000002d246     0x15a8 /tmp/ccgVQLQM.debug.temp.o
                0x000000000002d246                hal_wdg_lld.c.858447c8
 .debug_info    0x000000000002e7ee     0x15d2 /tmp/cccOLALK.debug.temp.o
                0x000000000002e7ee                board.c.8ba9a462
 .debug_info    0x000000000002fdc0     0x18c7 /tmp/ccqiG4XM.debug.temp.o
                0x000000000002fdc0                chprintf.c.2963b42c
 .debug_info    0x0000000000031687     0x1fa2 /tmp/ccVaASOM.debug.temp.o
                0x0000000000031687                memstreams.c.0cb248a1
 .debug_info    0x0000000000033629     0x2371 /tmp/cc1FxFvO.debug.temp.o
                0x0000000000033629                shell.c.4c28055a
 .debug_info    0x000000000003599a     0x2062 /tmp/ccIxWKBM.debug.temp.o
                0x000000000003599a                shell_cmd.c.978ab29a
 .debug_info    0x00000000000379fc     0x28dc /tmp/ccY5AIkL.debug.temp.o
                0x00000000000379fc                main.c.69deaac7
 .debug_info    0x000000000003a2d8     0x2e01 /tmp/ccqZBXIM.debug.temp.o
                0x000000000003a2d8                max2870.c.b0a72f62
 .debug_info    0x000000000003d0d9     0x2a10 /tmp/cc9TwpuO.debug.temp.o
                0x000000000003d0d9                util.c.461ad5c2
 .debug_info    0x000000000003fae9     0x2f94 /tmp/ccleTi9L.debug.temp.o
                0x000000000003fae9                appshell.c.812acf83
 .debug_info    0x0000000000042a7d     0x29ca /tmp/cch52pDL.debug.temp.o
                0x0000000000042a7d                cmdtasks.c.c610fcac
 .debug_info    0x0000000000045447     0x299b /tmp/ccbxifzO.debug.temp.o
                0x0000000000045447                cmdmax.c.c66b71ba
 .debug_info    0x0000000000047de2     0x2c32 /tmp/cctIIx7L.debug.temp.o
                0x0000000000047de2                tca6408a.c.ad5a4a66
 .debug_info    0x000000000004aa14     0x289b /tmp/ccsUC5wL.debug.temp.o
                0x000000000004aa14                cmdsof.c.b812e7a6
 .debug_info    0x000000000004d2af     0x2ee4 /tmp/ccHxrHlP.debug.temp.o
                0x000000000004d2af                system.c.cbb79068
 .debug_info    0x0000000000050193     0x2c4e /tmp/ccXvgyGL.debug.temp.o
                0x0000000000050193                usb.c.cc70fbeb
 .debug_info    0x0000000000052de1     0x2e29 /tmp/ccnvvS1K.debug.temp.o
                0x0000000000052de1                i2csafe.c.aea63d50
 .debug_info    0x0000000000055c0a     0x29f5 /tmp/ccxvHF8O.debug.temp.o
                0x0000000000055c0a                cmdi2c.c.eb4870e6
 .debug_info    0x00000000000585ff     0x2909 /tmp/ccyabPON.debug.temp.o
                0x00000000000585ff                mcp9804.c.1fdbdbd8
 .debug_info    0x000000000005af08     0x28a5 /tmp/cc96hIPM.debug.temp.o
                0x000000000005af08                cmdtemp.c.512fd968
 .debug_info    0x000000000005d7ad     0x1780 /tmp/cc5q2sIK.debug.temp.o
                0x000000000005d7ad                monitor.c.e0f09f10
 .debug_info    0x000000000005ef2d     0x28d0 /tmp/ccH09cbM.debug.temp.o
                0x000000000005ef2d                cmdgpio.c.812e898f
 .debug_info    0x00000000000617fd     0x28f2 /tmp/ccFzl8JL.debug.temp.o
                0x00000000000617fd                cmdconvert.c.bb0a1da6
 .debug_info    0x00000000000640ef      0xbad /tmp/ccjW9Y2O.debug.temp.o
                0x00000000000640ef                packetqueue.c.eef90f63
 .debug_info    0x0000000000064c9c     0x2177 /tmp/cchaLeTM.debug.temp.o
                0x0000000000064c9c                syslog.c.7d0696c1
 .debug_info    0x0000000000066e13     0x2b62 /tmp/cca9xzzO.debug.temp.o
                0x0000000000066e13                gpio.c.25f305a0
 .debug_info    0x0000000000069975     0x2929 /tmp/cc2zvwbN.debug.temp.o
                0x0000000000069975                dummygpio.c.aa909c49
 .debug_info    0x000000000006c29e     0x29ec /tmp/ccmJ7GaP.debug.temp.o
                0x000000000006c29e                cpugpio.c.c7a6bfa7
 .debug_info    0x000000000006ec8a     0x1e29 /tmp/ccd84rGM.debug.temp.o
                0x000000000006ec8a                unhandled_exception.c.9fee9610
 .debug_info    0x0000000000070ab3     0x28fd /tmp/ccSzRmuN.debug.temp.o
                0x0000000000070ab3                converter.c.8792e714
 .debug_info    0x00000000000733b0     0x2871 /tmp/ccmveGeN.debug.temp.o
                0x00000000000733b0                converterBypass.c.0866c52c
 .debug_info    0x0000000000075c21     0x289a /tmp/cczkhzYN.debug.temp.o
                0x0000000000075c21                converterSW.c.36434cb6
 .debug_info    0x00000000000784bb     0x28d0 /tmp/ccoFQj3N.debug.temp.o
                0x00000000000784bb                converterSHF.c.d83aeb82
 .debug_info    0x000000000007ad8b     0x28b4 /tmp/ccjjqviP.debug.temp.o
                0x000000000007ad8b                cmdsanity.c.7c36fd6f
 .debug_info    0x000000000007d63f       0x26 /usr/lib/gcc/arm-none-eabi/9.2.1/thumb/v7-m/nofp/libgcc.a(_aeabi_uldivmod.o)
 .debug_info    0x000000000007d665      0xd7c /usr/lib/gcc/arm-none-eabi/9.2.1/thumb/v7-m/nofp/libgcc.a(_udivmoddi4.o)
 .debug_info    0x000000000007e3e1       0x26 /usr/lib/gcc/arm-none-eabi/9.2.1/thumb/v7-m/nofp/libgcc.a(_dvmd_tls.o)
 .debug_info    0x000000000007e407       0x26 /usr/lib/gcc/arm-none-eabi/9.2.1/../../../arm-none-eabi/lib/thumb/v7-m/nofp/libg.a(lib_a-memcpy.o)
 .debug_info    0x000000000007e42d      0xf21 /usr/lib/gcc/arm-none-eabi/9.2.1/../../../arm-none-eabi/lib/thumb/v7-m/nofp/libg.a(lib_a-memset.o)
 .debug_info    0x000000000007f34e      0x9b9 /usr/lib/gcc/arm-none-eabi/9.2.1/../../../arm-none-eabi/lib/thumb/v7-m/nofp/libg.a(lib_a-strchr.o)
 .debug_info    0x000000000007fd07       0x26 /usr/lib/gcc/arm-none-eabi/9.2.1/../../../arm-none-eabi/lib/thumb/v7-m/nofp/libg.a(lib_a-strcmp.o)
 .debug_info    0x000000000007fd2d      0x941 /usr/lib/gcc/arm-none-eabi/9.2.1/../../../arm-none-eabi/lib/thumb/v7-m/nofp/libg.a(lib_a-strlen-stub.o)
 .debug_info    0x000000000008066e      0x953 /usr/lib/gcc/arm-none-eabi/9.2.1/../../../arm-none-eabi/lib/thumb/v7-m/nofp/libg.a(lib_a-strpbrk.o)
 .debug_info    0x0000000000080fc1      0x971 /usr/lib/gcc/arm-none-eabi/9.2.1/../../../arm-none-eabi/lib/thumb/v7-m/nofp/libg.a(lib_a-strspn.o)

.debug_abbrev   0x0000000000000000     0x9974
 .debug_abbrev  0x0000000000000000      0x824 /tmp/esense.elf.BU2ZdN.ltrans0.ltrans.o
 .debug_abbrev  0x0000000000000824       0xff /tmp/ccFLvUYM.debug.temp.o
 .debug_abbrev  0x0000000000000923       0xc9 /tmp/cc5FIG2O.debug.temp.o
 .debug_abbrev  0x00000000000009ec      0x1b9 /tmp/ccFeeubN.debug.temp.o
 .debug_abbrev  0x0000000000000ba5      0x327 /tmp/ccr7H3cL.debug.temp.o
 .debug_abbrev  0x0000000000000ecc      0x2b5 /tmp/ccDUEk4K.debug.temp.o
 .debug_abbrev  0x0000000000001181      0x281 /tmp/ccqZfYNL.debug.temp.o
 .debug_abbrev  0x0000000000001402      0x1ea /tmp/ccukis4O.debug.temp.o
 .debug_abbrev  0x00000000000015ec      0x2c1 /tmp/ccPJ6HQL.debug.temp.o
 .debug_abbrev  0x00000000000018ad      0x311 /tmp/ccEGoxaN.debug.temp.o
 .debug_abbrev  0x0000000000001bbe      0x28f /tmp/ccUm75TK.debug.temp.o
 .debug_abbrev  0x0000000000001e4d      0x31e /tmp/cceJXzXM.debug.temp.o
 .debug_abbrev  0x000000000000216b      0x228 /tmp/ccZlMydN.debug.temp.o
 .debug_abbrev  0x0000000000002393      0x220 /tmp/ccfDr2ZM.debug.temp.o
 .debug_abbrev  0x00000000000025b3      0x1c6 /tmp/ccF5xYYO.debug.temp.o
 .debug_abbrev  0x0000000000002779      0x24d /tmp/ccHfOqCL.debug.temp.o
 .debug_abbrev  0x00000000000029c6      0x1d9 /tmp/cc5AGFRM.debug.temp.o
 .debug_abbrev  0x0000000000002b9f      0x2c5 /tmp/ccrLVN1L.debug.temp.o
 .debug_abbrev  0x0000000000002e64      0x283 /tmp/ccwRJDlN.debug.temp.o
 .debug_abbrev  0x00000000000030e7      0x250 /tmp/cctq3qZM.debug.temp.o
 .debug_abbrev  0x0000000000003337      0x328 /tmp/ccHoo9cN.debug.temp.o
 .debug_abbrev  0x000000000000365f      0x1d9 /tmp/ccgVQLQM.debug.temp.o
 .debug_abbrev  0x0000000000003838      0x1b7 /tmp/cccOLALK.debug.temp.o
 .debug_abbrev  0x00000000000039ef      0x28d /tmp/ccqiG4XM.debug.temp.o
 .debug_abbrev  0x0000000000003c7c      0x26f /tmp/ccVaASOM.debug.temp.o
 .debug_abbrev  0x0000000000003eeb      0x31a /tmp/cc1FxFvO.debug.temp.o
 .debug_abbrev  0x0000000000004205      0x27e /tmp/ccIxWKBM.debug.temp.o
 .debug_abbrev  0x0000000000004483      0x278 /tmp/ccY5AIkL.debug.temp.o
 .debug_abbrev  0x00000000000046fb      0x31a /tmp/ccqZBXIM.debug.temp.o
 .debug_abbrev  0x0000000000004a15      0x2c2 /tmp/cc9TwpuO.debug.temp.o
 .debug_abbrev  0x0000000000004cd7      0x306 /tmp/ccleTi9L.debug.temp.o
 .debug_abbrev  0x0000000000004fdd      0x288 /tmp/cch52pDL.debug.temp.o
 .debug_abbrev  0x0000000000005265      0x2a2 /tmp/ccbxifzO.debug.temp.o
 .debug_abbrev  0x0000000000005507      0x2ca /tmp/cctIIx7L.debug.temp.o
 .debug_abbrev  0x00000000000057d1      0x272 /tmp/ccsUC5wL.debug.temp.o
 .debug_abbrev  0x0000000000005a43      0x2f4 /tmp/ccHxrHlP.debug.temp.o
 .debug_abbrev  0x0000000000005d37      0x33c /tmp/ccXvgyGL.debug.temp.o
 .debug_abbrev  0x0000000000006073      0x34a /tmp/ccnvvS1K.debug.temp.o
 .debug_abbrev  0x00000000000063bd      0x2ad /tmp/ccxvHF8O.debug.temp.o
 .debug_abbrev  0x000000000000666a      0x279 /tmp/ccyabPON.debug.temp.o
 .debug_abbrev  0x00000000000068e3      0x265 /tmp/cc96hIPM.debug.temp.o
 .debug_abbrev  0x0000000000006b48      0x1ef /tmp/cc5q2sIK.debug.temp.o
 .debug_abbrev  0x0000000000006d37      0x288 /tmp/ccH09cbM.debug.temp.o
 .debug_abbrev  0x0000000000006fbf      0x282 /tmp/ccFzl8JL.debug.temp.o
 .debug_abbrev  0x0000000000007241      0x21a /tmp/ccjW9Y2O.debug.temp.o
 .debug_abbrev  0x000000000000745b      0x2ca /tmp/cchaLeTM.debug.temp.o
 .debug_abbrev  0x0000000000007725      0x2b4 /tmp/cca9xzzO.debug.temp.o
 .debug_abbrev  0x00000000000079d9      0x287 /tmp/cc2zvwbN.debug.temp.o
 .debug_abbrev  0x0000000000007c60      0x29d /tmp/ccmJ7GaP.debug.temp.o
 .debug_abbrev  0x0000000000007efd      0x250 /tmp/ccd84rGM.debug.temp.o
 .debug_abbrev  0x000000000000814d      0x2a1 /tmp/ccSzRmuN.debug.temp.o
 .debug_abbrev  0x00000000000083ee      0x252 /tmp/ccmveGeN.debug.temp.o
 .debug_abbrev  0x0000000000008640      0x265 /tmp/cczkhzYN.debug.temp.o
 .debug_abbrev  0x00000000000088a5      0x274 /tmp/ccoFQj3N.debug.temp.o
 .debug_abbrev  0x0000000000008b19      0x276 /tmp/ccjjqviP.debug.temp.o
 .debug_abbrev  0x0000000000008d8f       0x14 /usr/lib/gcc/arm-none-eabi/9.2.1/thumb/v7-m/nofp/libgcc.a(_aeabi_uldivmod.o)
 .debug_abbrev  0x0000000000008da3      0x1c2 /usr/lib/gcc/arm-none-eabi/9.2.1/thumb/v7-m/nofp/libgcc.a(_udivmoddi4.o)
 .debug_abbrev  0x0000000000008f65       0x14 /usr/lib/gcc/arm-none-eabi/9.2.1/thumb/v7-m/nofp/libgcc.a(_dvmd_tls.o)
 .debug_abbrev  0x0000000000008f79       0x14 /usr/lib/gcc/arm-none-eabi/9.2.1/../../../arm-none-eabi/lib/thumb/v7-m/nofp/libg.a(lib_a-memcpy.o)
 .debug_abbrev  0x0000000000008f8d      0x217 /usr/lib/gcc/arm-none-eabi/9.2.1/../../../arm-none-eabi/lib/thumb/v7-m/nofp/libg.a(lib_a-memset.o)
 .debug_abbrev  0x00000000000091a4      0x1fc /usr/lib/gcc/arm-none-eabi/9.2.1/../../../arm-none-eabi/lib/thumb/v7-m/nofp/libg.a(lib_a-strchr.o)
 .debug_abbrev  0x00000000000093a0       0x14 /usr/lib/gcc/arm-none-eabi/9.2.1/../../../arm-none-eabi/lib/thumb/v7-m/nofp/libg.a(lib_a-strcmp.o)
 .debug_abbrev  0x00000000000093b4      0x1d2 /usr/lib/gcc/arm-none-eabi/9.2.1/../../../arm-none-eabi/lib/thumb/v7-m/nofp/libg.a(lib_a-strlen-stub.o)
 .debug_abbrev  0x0000000000009586      0x1f7 /usr/lib/gcc/arm-none-eabi/9.2.1/../../../arm-none-eabi/lib/thumb/v7-m/nofp/libg.a(lib_a-strpbrk.o)
 .debug_abbrev  0x000000000000977d      0x1f7 /usr/lib/gcc/arm-none-eabi/9.2.1/../../../arm-none-eabi/lib/thumb/v7-m/nofp/libg.a(lib_a-strspn.o)

.debug_loc      0x0000000000000000    0x10036
 .debug_loc     0x0000000000000000     0xea78 /tmp/esense.elf.BU2ZdN.ltrans0.ltrans.o
 .debug_loc     0x000000000000ea78      0xf86 /usr/lib/gcc/arm-none-eabi/9.2.1/thumb/v7-m/nofp/libgcc.a(_udivmoddi4.o)
 .debug_loc     0x000000000000f9fe      0x231 /usr/lib/gcc/arm-none-eabi/9.2.1/../../../arm-none-eabi/lib/thumb/v7-m/nofp/libg.a(lib_a-memset.o)
 .debug_loc     0x000000000000fc2f      0x25b /usr/lib/gcc/arm-none-eabi/9.2.1/../../../arm-none-eabi/lib/thumb/v7-m/nofp/libg.a(lib_a-strchr.o)
 .debug_loc     0x000000000000fe8a       0x25 /usr/lib/gcc/arm-none-eabi/9.2.1/../../../arm-none-eabi/lib/thumb/v7-m/nofp/libg.a(lib_a-strlen-stub.o)
 .debug_loc     0x000000000000feaf       0xb7 /usr/lib/gcc/arm-none-eabi/9.2.1/../../../arm-none-eabi/lib/thumb/v7-m/nofp/libg.a(lib_a-strpbrk.o)
 .debug_loc     0x000000000000ff66       0xd0 /usr/lib/gcc/arm-none-eabi/9.2.1/../../../arm-none-eabi/lib/thumb/v7-m/nofp/libg.a(lib_a-strspn.o)

.debug_aranges  0x0000000000000000      0x8c0
 .debug_aranges
                0x0000000000000000      0x780 /tmp/esense.elf.BU2ZdN.ltrans0.ltrans.o
 .debug_aranges
                0x0000000000000780       0x20 /usr/lib/gcc/arm-none-eabi/9.2.1/thumb/v7-m/nofp/libgcc.a(_aeabi_uldivmod.o)
 .debug_aranges
                0x00000000000007a0       0x20 /usr/lib/gcc/arm-none-eabi/9.2.1/thumb/v7-m/nofp/libgcc.a(_udivmoddi4.o)
 .debug_aranges
                0x00000000000007c0       0x20 /usr/lib/gcc/arm-none-eabi/9.2.1/thumb/v7-m/nofp/libgcc.a(_dvmd_tls.o)
 .debug_aranges
                0x00000000000007e0       0x20 /usr/lib/gcc/arm-none-eabi/9.2.1/../../../arm-none-eabi/lib/thumb/v7-m/nofp/libg.a(lib_a-memcpy.o)
 .debug_aranges
                0x0000000000000800       0x20 /usr/lib/gcc/arm-none-eabi/9.2.1/../../../arm-none-eabi/lib/thumb/v7-m/nofp/libg.a(lib_a-memset.o)
 .debug_aranges
                0x0000000000000820       0x20 /usr/lib/gcc/arm-none-eabi/9.2.1/../../../arm-none-eabi/lib/thumb/v7-m/nofp/libg.a(lib_a-strchr.o)
 .debug_aranges
                0x0000000000000840       0x20 /usr/lib/gcc/arm-none-eabi/9.2.1/../../../arm-none-eabi/lib/thumb/v7-m/nofp/libg.a(lib_a-strcmp.o)
 .debug_aranges
                0x0000000000000860       0x20 /usr/lib/gcc/arm-none-eabi/9.2.1/../../../arm-none-eabi/lib/thumb/v7-m/nofp/libg.a(lib_a-strlen-stub.o)
 .debug_aranges
                0x0000000000000880       0x20 /usr/lib/gcc/arm-none-eabi/9.2.1/../../../arm-none-eabi/lib/thumb/v7-m/nofp/libg.a(lib_a-strpbrk.o)
 .debug_aranges
                0x00000000000008a0       0x20 /usr/lib/gcc/arm-none-eabi/9.2.1/../../../arm-none-eabi/lib/thumb/v7-m/nofp/libg.a(lib_a-strspn.o)

.debug_ranges   0x0000000000000000     0x3380
 .debug_ranges  0x0000000000000000     0x3280 /tmp/esense.elf.BU2ZdN.ltrans0.ltrans.o
 .debug_ranges  0x0000000000003280       0xf0 /usr/lib/gcc/arm-none-eabi/9.2.1/thumb/v7-m/nofp/libgcc.a(_udivmoddi4.o)
 .debug_ranges  0x0000000000003370       0x10 /usr/lib/gcc/arm-none-eabi/9.2.1/../../../arm-none-eabi/lib/thumb/v7-m/nofp/libg.a(lib_a-strlen-stub.o)

.debug_line     0x0000000000000000    0x19b52
 .debug_line    0x0000000000000000     0xa4d5 /tmp/esense.elf.BU2ZdN.ltrans0.ltrans.o
 .debug_line    0x000000000000a4d5      0x106 /tmp/ccFLvUYM.debug.temp.o
 .debug_line    0x000000000000a5db      0x116 /tmp/cc5FIG2O.debug.temp.o
 .debug_line    0x000000000000a6f1      0x388 /tmp/ccFeeubN.debug.temp.o
 .debug_line    0x000000000000aa79      0x3da /tmp/ccr7H3cL.debug.temp.o
 .debug_line    0x000000000000ae53      0x38f /tmp/ccDUEk4K.debug.temp.o
 .debug_line    0x000000000000b1e2      0x38c /tmp/ccqZfYNL.debug.temp.o
 .debug_line    0x000000000000b56e      0x399 /tmp/ccukis4O.debug.temp.o
 .debug_line    0x000000000000b907      0x38f /tmp/ccPJ6HQL.debug.temp.o
 .debug_line    0x000000000000bc96      0x3c9 /tmp/ccEGoxaN.debug.temp.o
 .debug_line    0x000000000000c05f      0x38c /tmp/ccUm75TK.debug.temp.o
 .debug_line    0x000000000000c3eb      0x3c5 /tmp/cceJXzXM.debug.temp.o
 .debug_line    0x000000000000c7b0      0x38c /tmp/ccZlMydN.debug.temp.o
 .debug_line    0x000000000000cb3c      0x399 /tmp/ccfDr2ZM.debug.temp.o
 .debug_line    0x000000000000ced5      0x39e /tmp/ccF5xYYO.debug.temp.o
 .debug_line    0x000000000000d273      0x378 /tmp/ccHfOqCL.debug.temp.o
 .debug_line    0x000000000000d5eb      0x37a /tmp/cc5AGFRM.debug.temp.o
 .debug_line    0x000000000000d965      0x37a /tmp/ccrLVN1L.debug.temp.o
 .debug_line    0x000000000000dcdf      0x37a /tmp/ccwRJDlN.debug.temp.o
 .debug_line    0x000000000000e059      0x37d /tmp/cctq3qZM.debug.temp.o
 .debug_line    0x000000000000e3d6      0x3c2 /tmp/ccHoo9cN.debug.temp.o
 .debug_line    0x000000000000e798      0x37a /tmp/ccgVQLQM.debug.temp.o
 .debug_line    0x000000000000eb12      0x39e /tmp/cccOLALK.debug.temp.o
 .debug_line    0x000000000000eeb0      0x3d0 /tmp/ccqiG4XM.debug.temp.o
 .debug_line    0x000000000000f280      0x3e0 /tmp/ccVaASOM.debug.temp.o
 .debug_line    0x000000000000f660      0x3f4 /tmp/cc1FxFvO.debug.temp.o
 .debug_line    0x000000000000fa54      0x3f8 /tmp/ccIxWKBM.debug.temp.o
 .debug_line    0x000000000000fe4c      0x4e7 /tmp/ccY5AIkL.debug.temp.o
 .debug_line    0x0000000000010333      0x547 /tmp/ccqZBXIM.debug.temp.o
 .debug_line    0x000000000001087a      0x517 /tmp/cc9TwpuO.debug.temp.o
 .debug_line    0x0000000000010d91      0x53f /tmp/ccleTi9L.debug.temp.o
 .debug_line    0x00000000000112d0      0x530 /tmp/cch52pDL.debug.temp.o
 .debug_line    0x0000000000011800      0x54e /tmp/ccbxifzO.debug.temp.o
 .debug_line    0x0000000000011d4e      0x57b /tmp/cctIIx7L.debug.temp.o
 .debug_line    0x00000000000122c9      0x52e /tmp/ccsUC5wL.debug.temp.o
 .debug_line    0x00000000000127f7      0x515 /tmp/ccHxrHlP.debug.temp.o
 .debug_line    0x0000000000012d0c      0x4f8 /tmp/ccXvgyGL.debug.temp.o
 .debug_line    0x0000000000013204      0x595 /tmp/ccnvvS1K.debug.temp.o
 .debug_line    0x0000000000013799      0x574 /tmp/ccxvHF8O.debug.temp.o
 .debug_line    0x0000000000013d0d      0x548 /tmp/ccyabPON.debug.temp.o
 .debug_line    0x0000000000014255      0x52f /tmp/cc96hIPM.debug.temp.o
 .debug_line    0x0000000000014784      0x3c0 /tmp/cc5q2sIK.debug.temp.o
 .debug_line    0x0000000000014b44      0x54f /tmp/ccH09cbM.debug.temp.o
 .debug_line    0x0000000000015093      0x552 /tmp/ccFzl8JL.debug.temp.o
 .debug_line    0x00000000000155e5       0xcb /tmp/ccjW9Y2O.debug.temp.o
 .debug_line    0x00000000000156b0      0x466 /tmp/cchaLeTM.debug.temp.o
 .debug_line    0x0000000000015b16      0x52c /tmp/cca9xzzO.debug.temp.o
 .debug_line    0x0000000000016042      0x531 /tmp/cc2zvwbN.debug.temp.o
 .debug_line    0x0000000000016573      0x52f /tmp/ccmJ7GaP.debug.temp.o
 .debug_line    0x0000000000016aa2      0x3c0 /tmp/ccd84rGM.debug.temp.o
 .debug_line    0x0000000000016e62      0x596 /tmp/ccSzRmuN.debug.temp.o
 .debug_line    0x00000000000173f8      0x575 /tmp/ccmveGeN.debug.temp.o
 .debug_line    0x000000000001796d      0x571 /tmp/cczkhzYN.debug.temp.o
 .debug_line    0x0000000000017ede      0x572 /tmp/ccoFQj3N.debug.temp.o
 .debug_line    0x0000000000018450      0x551 /tmp/ccjjqviP.debug.temp.o
 .debug_line    0x00000000000189a1       0x60 /usr/lib/gcc/arm-none-eabi/9.2.1/thumb/v7-m/nofp/libgcc.a(_aeabi_uldivmod.o)
 .debug_line    0x0000000000018a01      0x620 /usr/lib/gcc/arm-none-eabi/9.2.1/thumb/v7-m/nofp/libgcc.a(_udivmoddi4.o)
 .debug_line    0x0000000000019021       0x60 /usr/lib/gcc/arm-none-eabi/9.2.1/thumb/v7-m/nofp/libgcc.a(_dvmd_tls.o)
 .debug_line    0x0000000000019081       0xc1 /usr/lib/gcc/arm-none-eabi/9.2.1/../../../arm-none-eabi/lib/thumb/v7-m/nofp/libg.a(lib_a-memcpy.o)
 .debug_line    0x0000000000019142      0x26b /usr/lib/gcc/arm-none-eabi/9.2.1/../../../arm-none-eabi/lib/thumb/v7-m/nofp/libg.a(lib_a-memset.o)
 .debug_line    0x00000000000193ad      0x21f /usr/lib/gcc/arm-none-eabi/9.2.1/../../../arm-none-eabi/lib/thumb/v7-m/nofp/libg.a(lib_a-strchr.o)
 .debug_line    0x00000000000195cc      0x106 /usr/lib/gcc/arm-none-eabi/9.2.1/../../../arm-none-eabi/lib/thumb/v7-m/nofp/libg.a(lib_a-strcmp.o)
 .debug_line    0x00000000000196d2      0x14e /usr/lib/gcc/arm-none-eabi/9.2.1/../../../arm-none-eabi/lib/thumb/v7-m/nofp/libg.a(lib_a-strlen-stub.o)
 .debug_line    0x0000000000019820      0x1aa /usr/lib/gcc/arm-none-eabi/9.2.1/../../../arm-none-eabi/lib/thumb/v7-m/nofp/libg.a(lib_a-strpbrk.o)
 .debug_line    0x00000000000199ca      0x188 /usr/lib/gcc/arm-none-eabi/9.2.1/../../../arm-none-eabi/lib/thumb/v7-m/nofp/libg.a(lib_a-strspn.o)

.debug_str      0x0000000000000000     0x6fbd
 .debug_str     0x0000000000000000      0xeb4 /tmp/esense.elf.BU2ZdN.ltrans0.ltrans.o
                                        0xf26 (size before relaxing)